Archive member included to satisfy reference by file (symbol)

c:/sysgcc/arm-eabi/bin/../lib/gcc/arm-none-eabi/10.3.1/thumb/v7e-m+dp/hard\libgcc.a(_aeabi_uldivmod.o)
                              CMakeFiles/BSP.dir/Drivers/STM32F7xx_HAL_Driver/Src/stm32f7xx_hal_rcc.c.obj (__aeabi_uldivmod)
c:/sysgcc/arm-eabi/bin/../lib/gcc/arm-none-eabi/10.3.1/thumb/v7e-m+dp/hard\libgcc.a(_udivmoddi4.o)
                              c:/sysgcc/arm-eabi/bin/../lib/gcc/arm-none-eabi/10.3.1/thumb/v7e-m+dp/hard\libgcc.a(_aeabi_uldivmod.o) (__udivmoddi4)
c:/sysgcc/arm-eabi/bin/../lib/gcc/arm-none-eabi/10.3.1/thumb/v7e-m+dp/hard\libgcc.a(_dvmd_tls.o)
                              c:/sysgcc/arm-eabi/bin/../lib/gcc/arm-none-eabi/10.3.1/thumb/v7e-m+dp/hard\libgcc.a(_aeabi_uldivmod.o) (__aeabi_ldiv0)
c:/sysgcc/arm-eabi/bin/../lib/gcc/arm-none-eabi/10.3.1/../../../../arm-none-eabi/lib/thumb/v7e-m+dp/hard\libg.a(lib_a-errno.o)
                              CMakeFiles/BSP.dir/Core/Src/syscalls.c.obj (__errno)
c:/sysgcc/arm-eabi/bin/../lib/gcc/arm-none-eabi/10.3.1/../../../../arm-none-eabi/lib/thumb/v7e-m+dp/hard\libg.a(lib_a-exit.o)
                              c:/sysgcc/arm-eabi/bin/../lib/gcc/arm-none-eabi/10.3.1/../../../../arm-none-eabi/lib/thumb/v7e-m+dp/hard/crt0.o (exit)
c:/sysgcc/arm-eabi/bin/../lib/gcc/arm-none-eabi/10.3.1/../../../../arm-none-eabi/lib/thumb/v7e-m+dp/hard\libg.a(lib_a-impure.o)
                              c:/sysgcc/arm-eabi/bin/../lib/gcc/arm-none-eabi/10.3.1/../../../../arm-none-eabi/lib/thumb/v7e-m+dp/hard\libg.a(lib_a-exit.o) (_global_impure_ptr)
c:/sysgcc/arm-eabi/bin/../lib/gcc/arm-none-eabi/10.3.1/../../../../arm-none-eabi/lib/thumb/v7e-m+dp/hard\libg.a(lib_a-init.o)
                              c:/sysgcc/arm-eabi/bin/../lib/gcc/arm-none-eabi/10.3.1/../../../../arm-none-eabi/lib/thumb/v7e-m+dp/hard/crt0.o (__libc_init_array)
c:/sysgcc/arm-eabi/bin/../lib/gcc/arm-none-eabi/10.3.1/../../../../arm-none-eabi/lib/thumb/v7e-m+dp/hard\libg.a(lib_a-memset.o)
                              c:/sysgcc/arm-eabi/bin/../lib/gcc/arm-none-eabi/10.3.1/../../../../arm-none-eabi/lib/thumb/v7e-m+dp/hard/crt0.o (memset)
c:/sysgcc/arm-eabi/bin/../lib/gcc/arm-none-eabi/10.3.1/../../../../arm-none-eabi/lib/thumb/v7e-m+dp/hard\libg.a(lib_a-__call_atexit.o)
                              c:/sysgcc/arm-eabi/bin/../lib/gcc/arm-none-eabi/10.3.1/../../../../arm-none-eabi/lib/thumb/v7e-m+dp/hard\libg.a(lib_a-exit.o) (__call_exitprocs)
c:/sysgcc/arm-eabi/bin/../lib/gcc/arm-none-eabi/10.3.1/../../../../arm-none-eabi/lib/thumb/v7e-m+dp/hard\libg.a(lib_a-atexit.o)
                              c:/sysgcc/arm-eabi/bin/../lib/gcc/arm-none-eabi/10.3.1/../../../../arm-none-eabi/lib/thumb/v7e-m+dp/hard\libg.a(lib_a-__call_atexit.o) (atexit)
c:/sysgcc/arm-eabi/bin/../lib/gcc/arm-none-eabi/10.3.1/../../../../arm-none-eabi/lib/thumb/v7e-m+dp/hard\libg.a(lib_a-fini.o)
                              c:/sysgcc/arm-eabi/bin/../lib/gcc/arm-none-eabi/10.3.1/../../../../arm-none-eabi/lib/thumb/v7e-m+dp/hard\libg.a(lib_a-__call_atexit.o) (__libc_fini_array)
c:/sysgcc/arm-eabi/bin/../lib/gcc/arm-none-eabi/10.3.1/../../../../arm-none-eabi/lib/thumb/v7e-m+dp/hard\libg.a(lib_a-lock.o)
                              c:/sysgcc/arm-eabi/bin/../lib/gcc/arm-none-eabi/10.3.1/../../../../arm-none-eabi/lib/thumb/v7e-m+dp/hard\libg.a(lib_a-__call_atexit.o) (__retarget_lock_acquire_recursive)
c:/sysgcc/arm-eabi/bin/../lib/gcc/arm-none-eabi/10.3.1/../../../../arm-none-eabi/lib/thumb/v7e-m+dp/hard\libg.a(lib_a-__atexit.o)
                              c:/sysgcc/arm-eabi/bin/../lib/gcc/arm-none-eabi/10.3.1/../../../../arm-none-eabi/lib/thumb/v7e-m+dp/hard\libg.a(lib_a-atexit.o) (__register_exitproc)

Discarded input sections

 .text          0x00000000        0x0 c:/sysgcc/arm-eabi/bin/../lib/gcc/arm-none-eabi/10.3.1/thumb/v7e-m+dp/hard/crti.o
 .data          0x00000000        0x0 c:/sysgcc/arm-eabi/bin/../lib/gcc/arm-none-eabi/10.3.1/thumb/v7e-m+dp/hard/crti.o
 .bss           0x00000000        0x0 c:/sysgcc/arm-eabi/bin/../lib/gcc/arm-none-eabi/10.3.1/thumb/v7e-m+dp/hard/crti.o
 .data          0x00000000        0x4 c:/sysgcc/arm-eabi/bin/../lib/gcc/arm-none-eabi/10.3.1/thumb/v7e-m+dp/hard/crtbegin.o
 .rodata        0x00000000       0x24 c:/sysgcc/arm-eabi/bin/../lib/gcc/arm-none-eabi/10.3.1/thumb/v7e-m+dp/hard/crtbegin.o
 .text          0x00000000       0x7c c:/sysgcc/arm-eabi/bin/../lib/gcc/arm-none-eabi/10.3.1/../../../../arm-none-eabi/lib/thumb/v7e-m+dp/hard/crt0.o
 .data          0x00000000        0x0 c:/sysgcc/arm-eabi/bin/../lib/gcc/arm-none-eabi/10.3.1/../../../../arm-none-eabi/lib/thumb/v7e-m+dp/hard/crt0.o
 .bss           0x00000000        0x0 c:/sysgcc/arm-eabi/bin/../lib/gcc/arm-none-eabi/10.3.1/../../../../arm-none-eabi/lib/thumb/v7e-m+dp/hard/crt0.o
 .ARM.extab     0x00000000        0x0 c:/sysgcc/arm-eabi/bin/../lib/gcc/arm-none-eabi/10.3.1/../../../../arm-none-eabi/lib/thumb/v7e-m+dp/hard/crt0.o
[...]
Memory Configuration

Name             Origin             Length             Attributes
RAM              0x20000000         0x00080000         xrw
FLASH            0x08000000         0x00200000         xr
*default*        0x00000000         0xffffffff

Linker script and memory map

LOAD c:/sysgcc/arm-eabi/bin/../lib/gcc/arm-none-eabi/10.3.1/thumb/v7e-m+dp/hard/crti.o
LOAD c:/sysgcc/arm-eabi/bin/../lib/gcc/arm-none-eabi/10.3.1/thumb/v7e-m+dp/hard/crtbegin.o
LOAD c:/sysgcc/arm-eabi/bin/../lib/gcc/arm-none-eabi/10.3.1/../../../../arm-none-eabi/lib/thumb/v7e-m+dp/hard/crt0.o
LOAD CMakeFiles/BSP.dir/Core/Src/gpio.c.obj
LOAD CMakeFiles/BSP.dir/Core/Src/main.c.obj
LOAD CMakeFiles/BSP.dir/Core/Src/stm32f7xx_hal_msp.c.obj
LOAD CMakeFiles/BSP.dir/Core/Src/stm32f7xx_it.c.obj
LOAD CMakeFiles/BSP.dir/Core/Src/syscalls.c.obj
LOAD CMakeFiles/BSP.dir/Core/Src/sysmem.c.obj
LOAD CMakeFiles/BSP.dir/Core/Src/system_stm32f7xx.c.obj
LOAD CMakeFiles/BSP.dir/Core/Src/usart.c.obj
LOAD CMakeFiles/BSP.dir/Core/Startup/startup_stm32f767zitx.s.obj
LOAD CMakeFiles/BSP.dir/Drivers/STM32F7xx_HAL_Driver/Src/stm32f7xx_hal.c.obj
LOAD CMakeFiles/BSP.dir/Drivers/STM32F7xx_HAL_Driver/Src/stm32f7xx_hal_cortex.c.obj
LOAD CMakeFiles/BSP.dir/Drivers/STM32F7xx_HAL_Driver/Src/stm32f7xx_hal_dma.c.obj
LOAD CMakeFiles/BSP.dir/Drivers/STM32F7xx_HAL_Driver/Src/stm32f7xx_hal_dma_ex.c.obj
LOAD CMakeFiles/BSP.dir/Drivers/STM32F7xx_HAL_Driver/Src/stm32f7xx_hal_exti.c.obj
LOAD CMakeFiles/BSP.dir/Drivers/STM32F7xx_HAL_Driver/Src/stm32f7xx_hal_flash.c.obj
LOAD CMakeFiles/BSP.dir/Drivers/STM32F7xx_HAL_Driver/Src/stm32f7xx_hal_flash_ex.c.obj
LOAD CMakeFiles/BSP.dir/Drivers/STM32F7xx_HAL_Driver/Src/stm32f7xx_hal_gpio.c.obj
LOAD CMakeFiles/BSP.dir/Drivers/STM32F7xx_HAL_Driver/Src/stm32f7xx_hal_i2c.c.obj
LOAD CMakeFiles/BSP.dir/Drivers/STM32F7xx_HAL_Driver/Src/stm32f7xx_hal_i2c_ex.c.obj
LOAD CMakeFiles/BSP.dir/Drivers/STM32F7xx_HAL_Driver/Src/stm32f7xx_hal_pwr.c.obj
LOAD CMakeFiles/BSP.dir/Drivers/STM32F7xx_HAL_Driver/Src/stm32f7xx_hal_pwr_ex.c.obj
LOAD CMakeFiles/BSP.dir/Drivers/STM32F7xx_HAL_Driver/Src/stm32f7xx_hal_rcc.c.obj
LOAD CMakeFiles/BSP.dir/Drivers/STM32F7xx_HAL_Driver/Src/stm32f7xx_hal_rcc_ex.c.obj
LOAD CMakeFiles/BSP.dir/Drivers/STM32F7xx_HAL_Driver/Src/stm32f7xx_hal_tim.c.obj
LOAD CMakeFiles/BSP.dir/Drivers/STM32F7xx_HAL_Driver/Src/stm32f7xx_hal_tim_ex.c.obj
LOAD CMakeFiles/BSP.dir/Drivers/STM32F7xx_HAL_Driver/Src/stm32f7xx_hal_uart.c.obj
LOAD CMakeFiles/BSP.dir/Drivers/STM32F7xx_HAL_Driver/Src/stm32f7xx_hal_uart_ex.c.obj
LOAD CMakeFiles/UART_TX_RX_Test.dir/C_/Program_Files_(x86)/Sysprogs/VisualGDB/CMake/embedded/dummy.c.obj
START GROUP
LOAD c:/sysgcc/arm-eabi/bin/../lib/gcc/arm-none-eabi/10.3.1/thumb/v7e-m+dp/hard\libgcc.a
LOAD c:/sysgcc/arm-eabi/bin/../lib/gcc/arm-none-eabi/10.3.1/../../../../arm-none-eabi/lib/thumb/v7e-m+dp/hard\libg.a
LOAD c:/sysgcc/arm-eabi/bin/../lib/gcc/arm-none-eabi/10.3.1/../../../../arm-none-eabi/lib/thumb/v7e-m+dp/hard\libc.a
END GROUP
LOAD c:/sysgcc/arm-eabi/bin/../lib/gcc/arm-none-eabi/10.3.1/thumb/v7e-m+dp/hard/crtend.o
LOAD c:/sysgcc/arm-eabi/bin/../lib/gcc/arm-none-eabi/10.3.1/thumb/v7e-m+dp/hard/crtn.o
                0x20080000                _estack = (ORIGIN (RAM) + LENGTH (RAM))
                0x00000200                _Min_Heap_Size = 0x200
                0x00000400                _Min_Stack_Size = 0x400

.isr_vector     0x08000000      0x1f8
                0x08000000                . = ALIGN (0x4)
 *(.isr_vector)
 .isr_vector    0x08000000      0x1f8 CMakeFiles/BSP.dir/Core/Startup/startup_stm32f767zitx.s.obj
                0x08000000                g_pfnVectors
                0x080001f8                . = ALIGN (0x4)

.text           0x080001f8     0x2ef8
                0x080001f8                . = ALIGN (0x4)
 *(.text)
 .text          0x080001f8       0x40 c:/sysgcc/arm-eabi/bin/../lib/gcc/arm-none-eabi/10.3.1/thumb/v7e-m+dp/hard/crtbegin.o
 .text          0x08000238       0x30 c:/sysgcc/arm-eabi/bin/../lib/gcc/arm-none-eabi/10.3.1/thumb/v7e-m+dp/hard\libgcc.a(_aeabi_uldivmod.o)
                0x08000238                __aeabi_uldivmod
 .text          0x08000268      0x2d0 c:/sysgcc/arm-eabi/bin/../lib/gcc/arm-none-eabi/10.3.1/thumb/v7e-m+dp/hard\libgcc.a(_udivmoddi4.o)
                0x08000268                __udivmoddi4
 .text          0x08000538        0x4 c:/sysgcc/arm-eabi/bin/../lib/gcc/arm-none-eabi/10.3.1/thumb/v7e-m+dp/hard\libgcc.a(_dvmd_tls.o)
                0x08000538                __aeabi_idiv0
                0x08000538                __aeabi_ldiv0
 *(.text*)
 .text.MX_GPIO_Init
                0x0800053c      0x230 CMakeFiles/BSP.dir/Core/Src/gpio.c.obj
                0x0800053c                MX_GPIO_Init
 .text.main     0x0800076c       0x84 CMakeFiles/BSP.dir/Core/Src/main.c.obj
                0x0800076c                main
 .text.SystemClock_Config
                0x080007f0       0xd0 CMakeFiles/BSP.dir/Core/Src/main.c.obj
                0x080007f0                SystemClock_Config
 .text.Error_Handler
                0x080008c0       0x34 CMakeFiles/BSP.dir/Core/Src/main.c.obj
                0x080008c0                Error_Handler
 .text.HAL_MspInit
                0x080008f4       0x48 CMakeFiles/BSP.dir/Core/Src/stm32f7xx_hal_msp.c.obj
                0x080008f4                HAL_MspInit
 .text.NMI_Handler
                0x0800093c        0x6 CMakeFiles/BSP.dir/Core/Src/stm32f7xx_it.c.obj
                0x0800093c                NMI_Handler
 .text.HardFault_Handler
                0x08000942        0x6 CMakeFiles/BSP.dir/Core/Src/stm32f7xx_it.c.obj
                0x08000942                HardFault_Handler
 .text.MemManage_Handler
                0x08000948        0x6 CMakeFiles/BSP.dir/Core/Src/stm32f7xx_it.c.obj
                0x08000948                MemManage_Handler
 .text.BusFault_Handler
                0x0800094e        0x6 CMakeFiles/BSP.dir/Core/Src/stm32f7xx_it.c.obj
                0x0800094e                BusFault_Handler
 .text.UsageFault_Handler
                0x08000954        0x6 CMakeFiles/BSP.dir/Core/Src/stm32f7xx_it.c.obj
                0x08000954                UsageFault_Handler
 .text.SVC_Handler
                0x0800095a        0xe CMakeFiles/BSP.dir/Core/Src/stm32f7xx_it.c.obj
                0x0800095a                SVC_Handler
 .text.DebugMon_Handler
                0x08000968        0xe CMakeFiles/BSP.dir/Core/Src/stm32f7xx_it.c.obj
                0x08000968                DebugMon_Handler
 .text.PendSV_Handler
                0x08000976        0xe CMakeFiles/BSP.dir/Core/Src/stm32f7xx_it.c.obj
                0x08000976                PendSV_Handler
 .text.SysTick_Handler
                0x08000984        0xc CMakeFiles/BSP.dir/Core/Src/stm32f7xx_it.c.obj
                0x08000984                SysTick_Handler
 .text.SystemInit
                0x08000990       0x24 CMakeFiles/BSP.dir/Core/Src/system_stm32f7xx.c.obj
                0x08000990                SystemInit
 .text.MX_USART3_UART_Init
                0x080009b4       0x60 CMakeFiles/BSP.dir/Core/Src/usart.c.obj
                0x080009b4                MX_USART3_UART_Init
 .text.HAL_UART_MspInit
                0x08000a14       0xc0 CMakeFiles/BSP.dir/Core/Src/usart.c.obj
                0x08000a14                HAL_UART_MspInit
 .text.Reset_Handler
                0x08000ad4       0x50 CMakeFiles/BSP.dir/Core/Startup/startup_stm32f767zitx.s.obj
                0x08000ad4                Reset_Handler
 .text.Default_Handler
                0x08000b24        0x2 CMakeFiles/BSP.dir/Core/Startup/startup_stm32f767zitx.s.obj
                0x08000b24                RTC_Alarm_IRQHandler
                0x08000b24                EXTI2_IRQHandler
                0x08000b24                TIM8_CC_IRQHandler
                0x08000b24                UART8_IRQHandler
                0x08000b24                SPI4_IRQHandler
                0x08000b24                TIM1_CC_IRQHandler
                0x08000b24                DMA2_Stream5_IRQHandler
                0x08000b24                JPEG_IRQHandler
                0x08000b24                DMA1_Stream5_IRQHandler
                0x08000b24                CAN3_RX1_IRQHandler
                0x08000b24                PVD_IRQHandler
                0x08000b24                TAMP_STAMP_IRQHandler
                0x08000b24                CAN2_RX1_IRQHandler
                0x08000b24                EXTI3_IRQHandler
                0x08000b24                TIM8_TRG_COM_TIM14_IRQHandler
                0x08000b24                DFSDM1_FLT1_IRQHandler
                0x08000b24                TIM1_UP_TIM10_IRQHandler
                0x08000b24                TIM8_UP_TIM13_IRQHandler
                0x08000b24                I2C3_ER_IRQHandler
                0x08000b24                DFSDM1_FLT2_IRQHandler
                0x08000b24                EXTI0_IRQHandler
                0x08000b24                I2C2_EV_IRQHandler
                0x08000b24                DMA1_Stream2_IRQHandler
                0x08000b24                CAN1_RX0_IRQHandler
                0x08000b24                FPU_IRQHandler
                0x08000b24                OTG_HS_WKUP_IRQHandler
                0x08000b24                CAN3_SCE_IRQHandler
                0x08000b24                LTDC_ER_IRQHandler
                0x08000b24                CAN2_SCE_IRQHandler
                0x08000b24                DMA2_Stream2_IRQHandler
                0x08000b24                SPI1_IRQHandler
                0x08000b24                TIM6_DAC_IRQHandler
                0x08000b24                TIM1_BRK_TIM9_IRQHandler
                0x08000b24                DCMI_IRQHandler
                0x08000b24                CAN2_RX0_IRQHandler
                0x08000b24                DMA2_Stream3_IRQHandler
                0x08000b24                SAI2_IRQHandler
                0x08000b24                DFSDM1_FLT3_IRQHandler
                0x08000b24                USART6_IRQHandler
                0x08000b24                CAN3_RX0_IRQHandler
                0x08000b24                USART3_IRQHandler
                0x08000b24                CAN1_RX1_IRQHandler
                0x08000b24                UART5_IRQHandler
                0x08000b24                DMA2_Stream0_IRQHandler
                0x08000b24                TIM4_IRQHandler
                0x08000b24                QUADSPI_IRQHandler
                0x08000b24                I2C1_EV_IRQHandler
                0x08000b24                DMA1_Stream6_IRQHandler
                0x08000b24                DMA1_Stream1_IRQHandler
                0x08000b24                UART4_IRQHandler
                0x08000b24                TIM3_IRQHandler
                0x08000b24                RCC_IRQHandler
                0x08000b24                TIM8_BRK_TIM12_IRQHandler
                0x08000b24                Default_Handler
                0x08000b24                CEC_IRQHandler
                0x08000b24                EXTI15_10_IRQHandler
                0x08000b24                ADC_IRQHandler
                0x08000b24                DMA1_Stream7_IRQHandler
                0x08000b24                SPI5_IRQHandler
                0x08000b24                TIM7_IRQHandler
                0x08000b24                SDMMC1_IRQHandler
                0x08000b24                CAN2_TX_IRQHandler
                0x08000b24                TIM5_IRQHandler
                0x08000b24                DMA2_Stream7_IRQHandler
                0x08000b24                I2C3_EV_IRQHandler
                0x08000b24                EXTI9_5_IRQHandler
                0x08000b24                RTC_WKUP_IRQHandler
                0x08000b24                LTDC_IRQHandler
                0x08000b24                ETH_WKUP_IRQHandler
                0x08000b24                SPDIF_RX_IRQHandler
                0x08000b24                SPI2_IRQHandler
                0x08000b24                OTG_HS_EP1_IN_IRQHandler
                0x08000b24                DMA1_Stream0_IRQHandler
                0x08000b24                CAN1_TX_IRQHandler
                0x08000b24                EXTI4_IRQHandler
                0x08000b24                RNG_IRQHandler
                0x08000b24                ETH_IRQHandler
                0x08000b24                OTG_HS_EP1_OUT_IRQHandler
                0x08000b24                WWDG_IRQHandler
                0x08000b24                SPI6_IRQHandler
                0x08000b24                MDIOS_IRQHandler
                0x08000b24                I2C4_EV_IRQHandler
                0x08000b24                CAN3_TX_IRQHandler
                0x08000b24                TIM2_IRQHandler
                0x08000b24                OTG_FS_WKUP_IRQHandler
                0x08000b24                TIM1_TRG_COM_TIM11_IRQHandler
                0x08000b24                OTG_HS_IRQHandler
                0x08000b24                DMA2D_IRQHandler
                0x08000b24                EXTI1_IRQHandler
                0x08000b24                SDMMC2_IRQHandler
                0x08000b24                UART7_IRQHandler
                0x08000b24                USART2_IRQHandler
                0x08000b24                DFSDM1_FLT0_IRQHandler
                0x08000b24                I2C2_ER_IRQHandler
                0x08000b24                DMA2_Stream1_IRQHandler
                0x08000b24                CAN1_SCE_IRQHandler
                0x08000b24                FLASH_IRQHandler
                0x08000b24                DMA2_Stream4_IRQHandler
                0x08000b24                USART1_IRQHandler
                0x08000b24                OTG_FS_IRQHandler
                0x08000b24                SPI3_IRQHandler
                0x08000b24                DMA1_Stream4_IRQHandler
                0x08000b24                I2C1_ER_IRQHandler
                0x08000b24                FMC_IRQHandler
                0x08000b24                LPTIM1_IRQHandler
                0x08000b24                I2C4_ER_IRQHandler
                0x08000b24                DMA2_Stream6_IRQHandler
                0x08000b24                SAI1_IRQHandler
                0x08000b24                DMA1_Stream3_IRQHandler
 .text.HAL_Init
                0x08000b26       0x1a CMakeFiles/BSP.dir/Drivers/STM32F7xx_HAL_Driver/Src/stm32f7xx_hal.c.obj
                0x08000b26                HAL_Init
 .text.HAL_InitTick
                0x08000b40       0x60 CMakeFiles/BSP.dir/Drivers/STM32F7xx_HAL_Driver/Src/stm32f7xx_hal.c.obj
                0x08000b40                HAL_InitTick
 .text.HAL_IncTick
                0x08000ba0       0x28 CMakeFiles/BSP.dir/Drivers/STM32F7xx_HAL_Driver/Src/stm32f7xx_hal.c.obj
                0x08000ba0                HAL_IncTick
 .text.HAL_GetTick
                0x08000bc8       0x18 CMakeFiles/BSP.dir/Drivers/STM32F7xx_HAL_Driver/Src/stm32f7xx_hal.c.obj
                0x08000bc8                HAL_GetTick
 .text.HAL_Delay
                0x08000be0       0x48 CMakeFiles/BSP.dir/Drivers/STM32F7xx_HAL_Driver/Src/stm32f7xx_hal.c.obj
                0x08000be0                HAL_Delay
 .text.__NVIC_SetPriorityGrouping
                0x08000c28       0x48 CMakeFiles/BSP.dir/Drivers/STM32F7xx_HAL_Driver/Src/stm32f7xx_hal_cortex.c.obj
 .text.__NVIC_GetPriorityGrouping
                0x08000c70       0x1c CMakeFiles/BSP.dir/Drivers/STM32F7xx_HAL_Driver/Src/stm32f7xx_hal_cortex.c.obj
 .text.__NVIC_SetPriority
                0x08000c8c       0x54 CMakeFiles/BSP.dir/Drivers/STM32F7xx_HAL_Driver/Src/stm32f7xx_hal_cortex.c.obj
 .text.NVIC_EncodePriority
                0x08000ce0       0x66 CMakeFiles/BSP.dir/Drivers/STM32F7xx_HAL_Driver/Src/stm32f7xx_hal_cortex.c.obj
 *fill*         0x08000d46        0x2 
 .text.SysTick_Config
                0x08000d48       0x44 CMakeFiles/BSP.dir/Drivers/STM32F7xx_HAL_Driver/Src/stm32f7xx_hal_cortex.c.obj
 .text.HAL_NVIC_SetPriorityGrouping
                0x08000d8c       0x16 CMakeFiles/BSP.dir/Drivers/STM32F7xx_HAL_Driver/Src/stm32f7xx_hal_cortex.c.obj
                0x08000d8c                HAL_NVIC_SetPriorityGrouping
 .text.HAL_NVIC_SetPriority
                0x08000da2       0x38 CMakeFiles/BSP.dir/Drivers/STM32F7xx_HAL_Driver/Src/stm32f7xx_hal_cortex.c.obj
                0x08000da2                HAL_NVIC_SetPriority
 .text.HAL_SYSTICK_Config
                0x08000dda       0x18 CMakeFiles/BSP.dir/Drivers/STM32F7xx_HAL_Driver/Src/stm32f7xx_hal_cortex.c.obj
                0x08000dda                HAL_SYSTICK_Config
 *fill*         0x08000df2        0x2 
 .text.HAL_GPIO_Init
                0x08000df4      0x358 CMakeFiles/BSP.dir/Drivers/STM32F7xx_HAL_Driver/Src/stm32f7xx_hal_gpio.c.obj
                0x08000df4                HAL_GPIO_Init
 .text.HAL_GPIO_WritePin
                0x0800114c       0x32 CMakeFiles/BSP.dir/Drivers/STM32F7xx_HAL_Driver/Src/stm32f7xx_hal_gpio.c.obj
                0x0800114c                HAL_GPIO_WritePin
 .text.HAL_GPIO_TogglePin
                0x0800117e       0x34 CMakeFiles/BSP.dir/Drivers/STM32F7xx_HAL_Driver/Src/stm32f7xx_hal_gpio.c.obj
                0x0800117e                HAL_GPIO_TogglePin
 *fill*         0x080011b2        0x2 
 .text.HAL_RCC_OscConfig
                0x080011b4      0x55c CMakeFiles/BSP.dir/Drivers/STM32F7xx_HAL_Driver/Src/stm32f7xx_hal_rcc.c.obj
                0x080011b4                HAL_RCC_OscConfig
 .text.HAL_RCC_ClockConfig
                0x08001710      0x1d8 CMakeFiles/BSP.dir/Drivers/STM32F7xx_HAL_Driver/Src/stm32f7xx_hal_rcc.c.obj
                0x08001710                HAL_RCC_ClockConfig
 .text.HAL_RCC_GetSysClockFreq
                0x080018e8      0x20c CMakeFiles/BSP.dir/Drivers/STM32F7xx_HAL_Driver/Src/stm32f7xx_hal_rcc.c.obj
                0x080018e8                HAL_RCC_GetSysClockFreq
 .text.HAL_RCC_GetHCLKFreq
                0x08001af4       0x18 CMakeFiles/BSP.dir/Drivers/STM32F7xx_HAL_Driver/Src/stm32f7xx_hal_rcc.c.obj
                0x08001af4                HAL_RCC_GetHCLKFreq
 .text.HAL_RCC_GetPCLK1Freq
                0x08001b0c       0x28 CMakeFiles/BSP.dir/Drivers/STM32F7xx_HAL_Driver/Src/stm32f7xx_hal_rcc.c.obj
                0x08001b0c                HAL_RCC_GetPCLK1Freq
 .text.HAL_RCC_GetPCLK2Freq
                0x08001b34       0x28 CMakeFiles/BSP.dir/Drivers/STM32F7xx_HAL_Driver/Src/stm32f7xx_hal_rcc.c.obj
                0x08001b34                HAL_RCC_GetPCLK2Freq
 .text.HAL_RCCEx_PeriphCLKConfig
                0x08001b5c      0x850 CMakeFiles/BSP.dir/Drivers/STM32F7xx_HAL_Driver/Src/stm32f7xx_hal_rcc_ex.c.obj
                0x08001b5c                HAL_RCCEx_PeriphCLKConfig
 .text.HAL_UART_Init
                0x080023ac       0x9c CMakeFiles/BSP.dir/Drivers/STM32F7xx_HAL_Driver/Src/stm32f7xx_hal_uart.c.obj
                0x080023ac                HAL_UART_Init
 .text.HAL_UART_Transmit
                0x08002448      0x106 CMakeFiles/BSP.dir/Drivers/STM32F7xx_HAL_Driver/Src/stm32f7xx_hal_uart.c.obj
                0x08002448                HAL_UART_Transmit
 .text.HAL_UART_Receive
                0x0800254e      0x188 CMakeFiles/BSP.dir/Drivers/STM32F7xx_HAL_Driver/Src/stm32f7xx_hal_uart.c.obj
                0x0800254e                HAL_UART_Receive
 *fill*         0x080026d6        0x2 
 .text.UART_SetConfig
                0x080026d8      0x4c8 CMakeFiles/BSP.dir/Drivers/STM32F7xx_HAL_Driver/Src/stm32f7xx_hal_uart.c.obj
                0x080026d8                UART_SetConfig
 .text.UART_AdvFeatureConfig
                0x08002ba0      0x144 CMakeFiles/BSP.dir/Drivers/STM32F7xx_HAL_Driver/Src/stm32f7xx_hal_uart.c.obj
                0x08002ba0                UART_AdvFeatureConfig
 .text.UART_CheckIdleState
                0x08002ce4       0x9a CMakeFiles/BSP.dir/Drivers/STM32F7xx_HAL_Driver/Src/stm32f7xx_hal_uart.c.obj
                0x08002ce4                UART_CheckIdleState
 .text.UART_WaitOnFlagUntilTimeout
                0x08002d7e      0x18c CMakeFiles/BSP.dir/Drivers/STM32F7xx_HAL_Driver/Src/stm32f7xx_hal_uart.c.obj
                0x08002d7e                UART_WaitOnFlagUntilTimeout
 *fill*         0x08002f0a        0x2 
 .text.__libc_init_array
                0x08002f0c       0x48 c:/sysgcc/arm-eabi/bin/../lib/gcc/arm-none-eabi/10.3.1/../../../../arm-none-eabi/lib/thumb/v7e-m+dp/hard\libg.a(lib_a-init.o)
                0x08002f0c                __libc_init_array
 .text.memset   0x08002f54       0xa4 c:/sysgcc/arm-eabi/bin/../lib/gcc/arm-none-eabi/10.3.1/../../../../arm-none-eabi/lib/thumb/v7e-m+dp/hard\libg.a(lib_a-memset.o)
                0x08002f54                memset
 .text.startup.register_fini
                0x08002ff8       0x14 c:/sysgcc/arm-eabi/bin/../lib/gcc/arm-none-eabi/10.3.1/../../../../arm-none-eabi/lib/thumb/v7e-m+dp/hard\libg.a(lib_a-__call_atexit.o)
 .text.atexit   0x0800300c        0xc c:/sysgcc/arm-eabi/bin/../lib/gcc/arm-none-eabi/10.3.1/../../../../arm-none-eabi/lib/thumb/v7e-m+dp/hard\libg.a(lib_a-atexit.o)
                0x0800300c                atexit
 .text.__libc_fini_array
                0x08003018       0x2c c:/sysgcc/arm-eabi/bin/../lib/gcc/arm-none-eabi/10.3.1/../../../../arm-none-eabi/lib/thumb/v7e-m+dp/hard\libg.a(lib_a-fini.o)
                0x08003018                __libc_fini_array
 .text.__retarget_lock_acquire_recursive
                0x08003044        0x4 c:/sysgcc/arm-eabi/bin/../lib/gcc/arm-none-eabi/10.3.1/../../../../arm-none-eabi/lib/thumb/v7e-m+dp/hard\libg.a(lib_a-lock.o)
                0x08003044                __retarget_lock_acquire_recursive
 .text.__retarget_lock_release_recursive
                0x08003048        0x4 c:/sysgcc/arm-eabi/bin/../lib/gcc/arm-none-eabi/10.3.1/../../../../arm-none-eabi/lib/thumb/v7e-m+dp/hard\libg.a(lib_a-lock.o)
                0x08003048                __retarget_lock_release_recursive
 .text.__register_exitproc
                0x0800304c       0x8c c:/sysgcc/arm-eabi/bin/../lib/gcc/arm-none-eabi/10.3.1/../../../../arm-none-eabi/lib/thumb/v7e-m+dp/hard\libg.a(lib_a-__atexit.o)
                0x0800304c                __register_exitproc
 *(.glue_7)
 .glue_7        0x080030d8        0x0 linker stubs
 *(.glue_7t)
 .glue_7t       0x080030d8        0x0 linker stubs
 *(.eh_frame)
 .eh_frame      0x080030d8        0x0 c:/sysgcc/arm-eabi/bin/../lib/gcc/arm-none-eabi/10.3.1/thumb/v7e-m+dp/hard/crtbegin.o
 *(.init)
 .init          0x080030d8        0x4 c:/sysgcc/arm-eabi/bin/../lib/gcc/arm-none-eabi/10.3.1/thumb/v7e-m+dp/hard/crti.o
                0x080030d8                _init
 .init          0x080030dc        0x8 c:/sysgcc/arm-eabi/bin/../lib/gcc/arm-none-eabi/10.3.1/thumb/v7e-m+dp/hard/crtn.o
 *(.fini)
 .fini          0x080030e4        0x4 c:/sysgcc/arm-eabi/bin/../lib/gcc/arm-none-eabi/10.3.1/thumb/v7e-m+dp/hard/crti.o
                0x080030e4                _fini
 .fini          0x080030e8        0x8 c:/sysgcc/arm-eabi/bin/../lib/gcc/arm-none-eabi/10.3.1/thumb/v7e-m+dp/hard/crtn.o
                0x080030f0                . = ALIGN (0x4)
                0x080030f0                _etext = .

.vfp11_veneer   0x080030f0        0x0
 .vfp11_veneer  0x080030f0        0x0 linker stubs

.v4_bx          0x080030f0        0x0
 .v4_bx         0x080030f0        0x0 linker stubs

.iplt           0x080030f0        0x0
 .iplt          0x080030f0        0x0 c:/sysgcc/arm-eabi/bin/../lib/gcc/arm-none-eabi/10.3.1/thumb/v7e-m+dp/hard/crtbegin.o

.rodata         0x080030f0       0x1c
                0x080030f0                . = ALIGN (0x4)
 *(.rodata)
 *(.rodata*)
 .rodata.AHBPrescTable
                0x080030f0       0x10 CMakeFiles/BSP.dir/Core/Src/system_stm32f7xx.c.obj
                0x080030f0                AHBPrescTable
 .rodata.APBPrescTable
                0x08003100        0x8 CMakeFiles/BSP.dir/Core/Src/system_stm32f7xx.c.obj
                0x08003100                APBPrescTable
 .rodata._global_impure_ptr
                0x08003108        0x4 c:/sysgcc/arm-eabi/bin/../lib/gcc/arm-none-eabi/10.3.1/../../../../arm-none-eabi/lib/thumb/v7e-m+dp/hard\libg.a(lib_a-impure.o)
                0x08003108                _global_impure_ptr
                0x0800310c                . = ALIGN (0x4)

.ARM.extab      0x0800310c        0x0
                0x0800310c                . = ALIGN (0x4)
 *(.ARM.extab* .gnu.linkonce.armextab.*)
                0x0800310c                . = ALIGN (0x4)

.ARM            0x0800310c        0x8
                0x0800310c                . = ALIGN (0x4)
                0x0800310c                __exidx_start = .
 *(.ARM.exidx*)
 .ARM.exidx     0x0800310c        0x8 c:/sysgcc/arm-eabi/bin/../lib/gcc/arm-none-eabi/10.3.1/thumb/v7e-m+dp/hard\libgcc.a(_udivmoddi4.o)
                0x08003114                __exidx_end = .
                0x08003114                . = ALIGN (0x4)

.rel.dyn        0x08003114        0x0
 .rel.iplt      0x08003114        0x0 c:/sysgcc/arm-eabi/bin/../lib/gcc/arm-none-eabi/10.3.1/thumb/v7e-m+dp/hard/crtbegin.o

.preinit_array  0x08003114        0x0
                0x08003114                . = ALIGN (0x4)
                0x08003114                PROVIDE (__preinit_array_start = .)
 *(.preinit_array*)
                0x08003114                PROVIDE (__preinit_array_end = .)
                0x08003114                . = ALIGN (0x4)

.init_array     0x08003114        0x8
                0x08003114                . = ALIGN (0x4)
                0x08003114                PROVIDE (__init_array_start = .)
 *(SORT_BY_NAME(.init_array.*))
 .init_array.00000
                0x08003114        0x4 c:/sysgcc/arm-eabi/bin/../lib/gcc/arm-none-eabi/10.3.1/../../../../arm-none-eabi/lib/thumb/v7e-m+dp/hard\libg.a(lib_a-__call_atexit.o)
 *(.init_array*)
 .init_array    0x08003118        0x4 c:/sysgcc/arm-eabi/bin/../lib/gcc/arm-none-eabi/10.3.1/thumb/v7e-m+dp/hard/crtbegin.o
                0x0800311c                PROVIDE (__init_array_end = .)
                0x0800311c                . = ALIGN (0x4)

.fini_array     0x0800311c        0x4
                0x0800311c                . = ALIGN (0x4)
                0x0800311c                PROVIDE (__fini_array_start = .)
 *(SORT_BY_NAME(.fini_array.*))
 *(.fini_array*)
 .fini_array    0x0800311c        0x4 c:/sysgcc/arm-eabi/bin/../lib/gcc/arm-none-eabi/10.3.1/thumb/v7e-m+dp/hard/crtbegin.o
                0x08003120                PROVIDE (__fini_array_end = .)
                0x08003120                . = ALIGN (0x4)
                0x08003120                _sidata = LOADADDR (.data)

.data           0x20000000      0x44c load address 0x08003120
                0x20000000                . = ALIGN (0x4)
                0x20000000                _sdata = .
 *(.data)
 *(.data*)
 .data.txBuffer
                0x20000000        0xd CMakeFiles/BSP.dir/Core/Src/main.c.obj
                0x20000000                txBuffer
 *fill*         0x2000000d        0x3 
 .data.SystemCoreClock
                0x20000010        0x4 CMakeFiles/BSP.dir/Core/Src/system_stm32f7xx.c.obj
                0x20000010                SystemCoreClock
 .data.uwTickPrio
                0x20000014        0x4 CMakeFiles/BSP.dir/Drivers/STM32F7xx_HAL_Driver/Src/stm32f7xx_hal.c.obj
                0x20000014                uwTickPrio
 .data.uwTickFreq
                0x20000018        0x1 CMakeFiles/BSP.dir/Drivers/STM32F7xx_HAL_Driver/Src/stm32f7xx_hal.c.obj
                0x20000018                uwTickFreq
 *fill*         0x20000019        0x7 
 .data.impure_data
                0x20000020      0x428 c:/sysgcc/arm-eabi/bin/../lib/gcc/arm-none-eabi/10.3.1/../../../../arm-none-eabi/lib/thumb/v7e-m+dp/hard\libg.a(lib_a-impure.o)
 .data.__atexit_recursive_mutex
                0x20000448        0x4 c:/sysgcc/arm-eabi/bin/../lib/gcc/arm-none-eabi/10.3.1/../../../../arm-none-eabi/lib/thumb/v7e-m+dp/hard\libg.a(lib_a-__call_atexit.o)
                0x20000448                __atexit_recursive_mutex
 *(.RamFunc)
 *(.RamFunc*)
                0x2000044c                . = ALIGN (0x4)
                0x2000044c                _edata = .

.igot.plt       0x2000044c        0x0 load address 0x0800356c
 .igot.plt      0x2000044c        0x0 c:/sysgcc/arm-eabi/bin/../lib/gcc/arm-none-eabi/10.3.1/thumb/v7e-m+dp/hard/crtbegin.o
                0x2000044c                . = ALIGN (0x4)

.bss            0x2000044c       0xb4 load address 0x0800356c
                0x2000044c                _sbss = .
                0x2000044c                __bss_start__ = _sbss
 *(.bss)
 .bss           0x2000044c       0x1c c:/sysgcc/arm-eabi/bin/../lib/gcc/arm-none-eabi/10.3.1/thumb/v7e-m+dp/hard/crtbegin.o
 *(.bss*)
 .bss.rxBuffer  0x20000468        0x3 CMakeFiles/BSP.dir/Core/Src/main.c.obj
                0x20000468                rxBuffer
 .bss.txStatus  0x2000046b        0x1 CMakeFiles/BSP.dir/Core/Src/main.c.obj
                0x2000046b                txStatus
 .bss.rxStatus  0x2000046c        0x1 CMakeFiles/BSP.dir/Core/Src/main.c.obj
                0x2000046c                rxStatus
 *fill*         0x2000046d        0x3 
 .bss.huart3    0x20000470       0x88 CMakeFiles/BSP.dir/Core/Src/usart.c.obj
                0x20000470                huart3
 .bss.uwTick    0x200004f8        0x4 CMakeFiles/BSP.dir/Drivers/STM32F7xx_HAL_Driver/Src/stm32f7xx_hal.c.obj
                0x200004f8                uwTick
 .bss.__lock___atexit_recursive_mutex
                0x200004fc        0x1 c:/sysgcc/arm-eabi/bin/../lib/gcc/arm-none-eabi/10.3.1/../../../../arm-none-eabi/lib/thumb/v7e-m+dp/hard\libg.a(lib_a-lock.o)
                0x200004fc                __lock___atexit_recursive_mutex
 *(COMMON)
                0x20000500                . = ALIGN (0x4)
 *fill*         0x200004fd        0x3 
                0x20000500                _ebss = .
                0x20000500                __bss_end__ = _ebss

._user_heap_stack
                0x20000500      0x600 load address 0x0800356c
                0x20000500                . = ALIGN (0x8)
                [!provide]                PROVIDE (end = .)
                0x20000500                PROVIDE (_end = .)
                0x20000700                . = (. + _Min_Heap_Size)
 *fill*         0x20000500      0x200 
                0x20000b00                . = (. + _Min_Stack_Size)
 *fill*         0x20000700      0x400 
                0x20000b00                . = ALIGN (0x8)

/DISCARD/
 libc.a(*)
 libm.a(*)
 libgcc.a(*)

.ARM.attributes
                0x00000000       0x2e
 *(.ARM.attributes)
 .ARM.attributes
                0x00000000       0x1e c:/sysgcc/arm-eabi/bin/../lib/gcc/arm-none-eabi/10.3.1/thumb/v7e-m+dp/hard/crti.o
 .ARM.attributes
                0x0000001e       0x32 c:/sysgcc/arm-eabi/bin/../lib/gcc/arm-none-eabi/10.3.1/thumb/v7e-m+dp/hard/crtbegin.o
 .ARM.attributes
                0x00000050       0x32 CMakeFiles/BSP.dir/Core/Src/gpio.c.obj
 .ARM.attributes
                0x00000082       0x32 CMakeFiles/BSP.dir/Core/Src/main.c.obj
 .ARM.attributes
                0x000000b4       0x32 CMakeFiles/BSP.dir/Core/Src/stm32f7xx_hal_msp.c.obj
 .ARM.attributes
                0x000000e6       0x32 CMakeFiles/BSP.dir/Core/Src/stm32f7xx_it.c.obj
 .ARM.attributes
                0x00000118       0x32 CMakeFiles/BSP.dir/Core/Src/system_stm32f7xx.c.obj
 .ARM.attributes
                0x0000014a       0x32 CMakeFiles/BSP.dir/Core/Src/usart.c.obj
 .ARM.attributes
                0x0000017c       0x21 CMakeFiles/BSP.dir/Core/Startup/startup_stm32f767zitx.s.obj
 .ARM.attributes
                0x0000019d       0x32 CMakeFiles/BSP.dir/Drivers/STM32F7xx_HAL_Driver/Src/stm32f7xx_hal.c.obj
 .ARM.attributes
                0x000001cf       0x32 CMakeFiles/BSP.dir/Drivers/STM32F7xx_HAL_Driver/Src/stm32f7xx_hal_cortex.c.obj
 .ARM.attributes
                0x00000201       0x32 CMakeFiles/BSP.dir/Drivers/STM32F7xx_HAL_Driver/Src/stm32f7xx_hal_gpio.c.obj
 .ARM.attributes
                0x00000233       0x32 CMakeFiles/BSP.dir/Drivers/STM32F7xx_HAL_Driver/Src/stm32f7xx_hal_rcc.c.obj
 .ARM.attributes
                0x00000265       0x32 CMakeFiles/BSP.dir/Drivers/STM32F7xx_HAL_Driver/Src/stm32f7xx_hal_rcc_ex.c.obj
 .ARM.attributes
                0x00000297       0x32 CMakeFiles/BSP.dir/Drivers/STM32F7xx_HAL_Driver/Src/stm32f7xx_hal_uart.c.obj
 .ARM.attributes
                0x000002c9       0x1e c:/sysgcc/arm-eabi/bin/../lib/gcc/arm-none-eabi/10.3.1/thumb/v7e-m+dp/hard\libgcc.a(_aeabi_uldivmod.o)
 .ARM.attributes
                0x000002e7       0x32 c:/sysgcc/arm-eabi/bin/../lib/gcc/arm-none-eabi/10.3.1/thumb/v7e-m+dp/hard\libgcc.a(_udivmoddi4.o)
 .ARM.attributes
                0x00000319       0x1e c:/sysgcc/arm-eabi/bin/../lib/gcc/arm-none-eabi/10.3.1/thumb/v7e-m+dp/hard\libgcc.a(_dvmd_tls.o)
 .ARM.attributes
                0x00000337       0x30 c:/sysgcc/arm-eabi/bin/../lib/gcc/arm-none-eabi/10.3.1/../../../../arm-none-eabi/lib/thumb/v7e-m+dp/hard\libg.a(lib_a-impure.o)
 .ARM.attributes
                0x00000367       0x32 c:/sysgcc/arm-eabi/bin/../lib/gcc/arm-none-eabi/10.3.1/../../../../arm-none-eabi/lib/thumb/v7e-m+dp/hard\libg.a(lib_a-init.o)
 .ARM.attributes
                0x00000399       0x32 c:/sysgcc/arm-eabi/bin/../lib/gcc/arm-none-eabi/10.3.1/../../../../arm-none-eabi/lib/thumb/v7e-m+dp/hard\libg.a(lib_a-memset.o)
 .ARM.attributes
                0x000003cb       0x32 c:/sysgcc/arm-eabi/bin/../lib/gcc/arm-none-eabi/10.3.1/../../../../arm-none-eabi/lib/thumb/v7e-m+dp/hard\libg.a(lib_a-__call_atexit.o)
 .ARM.attributes
                0x000003fd       0x32 c:/sysgcc/arm-eabi/bin/../lib/gcc/arm-none-eabi/10.3.1/../../../../arm-none-eabi/lib/thumb/v7e-m+dp/hard\libg.a(lib_a-atexit.o)
 .ARM.attributes
                0x0000042f       0x32 c:/sysgcc/arm-eabi/bin/../lib/gcc/arm-none-eabi/10.3.1/../../../../arm-none-eabi/lib/thumb/v7e-m+dp/hard\libg.a(lib_a-fini.o)
 .ARM.attributes
                0x00000461       0x32 c:/sysgcc/arm-eabi/bin/../lib/gcc/arm-none-eabi/10.3.1/../../../../arm-none-eabi/lib/thumb/v7e-m+dp/hard\libg.a(lib_a-lock.o)
 .ARM.attributes
                0x00000493       0x32 c:/sysgcc/arm-eabi/bin/../lib/gcc/arm-none-eabi/10.3.1/../../../../arm-none-eabi/lib/thumb/v7e-m+dp/hard\libg.a(lib_a-__atexit.o)
 .ARM.attributes
                0x000004c5       0x1e c:/sysgcc/arm-eabi/bin/../lib/gcc/arm-none-eabi/10.3.1/thumb/v7e-m+dp/hard/crtn.o
OUTPUT(UART_TX_RX_Test elf32-littlearm)
LOAD linker stubs
LOAD c:/sysgcc/arm-eabi/bin/../lib/gcc/arm-none-eabi/10.3.1/../../../../arm-none-eabi/lib/thumb/v7e-m+dp/hard\libc.a
LOAD c:/sysgcc/arm-eabi/bin/../lib/gcc/arm-none-eabi/10.3.1/../../../../arm-none-eabi/lib/thumb/v7e-m+dp/hard\libm.a
LOAD c:/sysgcc/arm-eabi/bin/../lib/gcc/arm-none-eabi/10.3.1/thumb/v7e-m+dp/hard\libgcc.a

.debug_info     0x00000000     0x98d1
 .debug_info    0x00000000      0x4c4 CMakeFiles/BSP.dir/Core/Src/gpio.c.obj
 .debug_info    0x000004c4      0xc2d CMakeFiles/BSP.dir/Core/Src/main.c.obj
 .debug_info    0x000010f1      0x2d2 CMakeFiles/BSP.dir/Core/Src/stm32f7xx_hal_msp.c.obj
 .debug_info    0x000013c3      0x119 CMakeFiles/BSP.dir/Core/Src/stm32f7xx_it.c.obj
 .debug_info    0x000014dc      0x72c CMakeFiles/BSP.dir/Core/Src/system_stm32f7xx.c.obj
 .debug_info    0x00001c08      0xcb2 CMakeFiles/BSP.dir/Core/Src/usart.c.obj
 .debug_info    0x000028ba       0x22 CMakeFiles/BSP.dir/Core/Startup/startup_stm32f767zitx.s.obj
 .debug_info    0x000028dc      0xa2f CMakeFiles/BSP.dir/Drivers/STM32F7xx_HAL_Driver/Src/stm32f7xx_hal.c.obj
 .debug_info    0x0000330b     0x109c CMakeFiles/BSP.dir/Drivers/STM32F7xx_HAL_Driver/Src/stm32f7xx_hal_cortex.c.obj
 .debug_info    0x000043a7      0x7a2 CMakeFiles/BSP.dir/Drivers/STM32F7xx_HAL_Driver/Src/stm32f7xx_hal_gpio.c.obj
 .debug_info    0x00004b49      0x9b3 CMakeFiles/BSP.dir/Drivers/STM32F7xx_HAL_Driver/Src/stm32f7xx_hal_rcc.c.obj
 .debug_info    0x000054fc      0x77f CMakeFiles/BSP.dir/Drivers/STM32F7xx_HAL_Driver/Src/stm32f7xx_hal_rcc_ex.c.obj
 .debug_info    0x00005c7b     0x3c56 CMakeFiles/BSP.dir/Drivers/STM32F7xx_HAL_Driver/Src/stm32f7xx_hal_uart.c.obj

.debug_abbrev   0x00000000     0x1473
 .debug_abbrev  0x00000000      0x121 CMakeFiles/BSP.dir/Core/Src/gpio.c.obj
 .debug_abbrev  0x00000121      0x1bf CMakeFiles/BSP.dir/Core/Src/main.c.obj
 .debug_abbrev  0x000002e0       0xd4 CMakeFiles/BSP.dir/Core/Src/stm32f7xx_hal_msp.c.obj
 .debug_abbrev  0x000003b4       0x61 CMakeFiles/BSP.dir/Core/Src/stm32f7xx_it.c.obj
 .debug_abbrev  0x00000415      0x136 CMakeFiles/BSP.dir/Core/Src/system_stm32f7xx.c.obj
 .debug_abbrev  0x0000054b      0x1a8 CMakeFiles/BSP.dir/Core/Src/usart.c.obj
 .debug_abbrev  0x000006f3       0x12 CMakeFiles/BSP.dir/Core/Startup/startup_stm32f767zitx.s.obj
 .debug_abbrev  0x00000705      0x1da CMakeFiles/BSP.dir/Drivers/STM32F7xx_HAL_Driver/Src/stm32f7xx_hal.c.obj
 .debug_abbrev  0x000008df      0x316 CMakeFiles/BSP.dir/Drivers/STM32F7xx_HAL_Driver/Src/stm32f7xx_hal_cortex.c.obj
 .debug_abbrev  0x00000bf5      0x1c4 CMakeFiles/BSP.dir/Drivers/STM32F7xx_HAL_Driver/Src/stm32f7xx_hal_gpio.c.obj
 .debug_abbrev  0x00000db9      0x289 CMakeFiles/BSP.dir/Drivers/STM32F7xx_HAL_Driver/Src/stm32f7xx_hal_rcc.c.obj
 .debug_abbrev  0x00001042      0x1a4 CMakeFiles/BSP.dir/Drivers/STM32F7xx_HAL_Driver/Src/stm32f7xx_hal_rcc_ex.c.obj
 .debug_abbrev  0x000011e6      0x28d CMakeFiles/BSP.dir/Drivers/STM32F7xx_HAL_Driver/Src/stm32f7xx_hal_uart.c.obj

.debug_aranges  0x00000000      0x6d8
 .debug_aranges
                0x00000000       0x20 CMakeFiles/BSP.dir/Core/Src/gpio.c.obj
 .debug_aranges
                0x00000020       0x30 CMakeFiles/BSP.dir/Core/Src/main.c.obj
 .debug_aranges
                0x00000050       0x20 CMakeFiles/BSP.dir/Core/Src/stm32f7xx_hal_msp.c.obj
 .debug_aranges
                0x00000070       0x60 CMakeFiles/BSP.dir/Core/Src/stm32f7xx_it.c.obj
 .debug_aranges
                0x000000d0       0x28 CMakeFiles/BSP.dir/Core/Src/system_stm32f7xx.c.obj
 .debug_aranges
                0x000000f8       0x30 CMakeFiles/BSP.dir/Core/Src/usart.c.obj
 .debug_aranges
                0x00000128       0x28 CMakeFiles/BSP.dir/Core/Startup/startup_stm32f767zitx.s.obj
 .debug_aranges
                0x00000150      0x110 CMakeFiles/BSP.dir/Drivers/STM32F7xx_HAL_Driver/Src/stm32f7xx_hal.c.obj
 .debug_aranges
                0x00000260      0x118 CMakeFiles/BSP.dir/Drivers/STM32F7xx_HAL_Driver/Src/stm32f7xx_hal_cortex.c.obj
 .debug_aranges
                0x00000378       0x58 CMakeFiles/BSP.dir/Drivers/STM32F7xx_HAL_Driver/Src/stm32f7xx_hal_gpio.c.obj
 .debug_aranges
                0x000003d0       0x88 CMakeFiles/BSP.dir/Drivers/STM32F7xx_HAL_Driver/Src/stm32f7xx_hal_rcc.c.obj
 .debug_aranges
                0x00000458       0x50 CMakeFiles/BSP.dir/Drivers/STM32F7xx_HAL_Driver/Src/stm32f7xx_hal_rcc_ex.c.obj
 .debug_aranges
                0x000004a8      0x230 CMakeFiles/BSP.dir/Drivers/STM32F7xx_HAL_Driver/Src/stm32f7xx_hal_uart.c.obj

.debug_ranges   0x00000000      0x640
 .debug_ranges  0x00000000       0x10 CMakeFiles/BSP.dir/Core/Src/gpio.c.obj
 .debug_ranges  0x00000010       0x20 CMakeFiles/BSP.dir/Core/Src/main.c.obj
 .debug_ranges  0x00000030       0x10 CMakeFiles/BSP.dir/Core/Src/stm32f7xx_hal_msp.c.obj
 .debug_ranges  0x00000040       0x50 CMakeFiles/BSP.dir/Core/Src/stm32f7xx_it.c.obj
 .debug_ranges  0x00000090       0x18 CMakeFiles/BSP.dir/Core/Src/system_stm32f7xx.c.obj
 .debug_ranges  0x000000a8       0x20 CMakeFiles/BSP.dir/Core/Src/usart.c.obj
 .debug_ranges  0x000000c8       0x20 CMakeFiles/BSP.dir/Core/Startup/startup_stm32f767zitx.s.obj
 .debug_ranges  0x000000e8      0x100 CMakeFiles/BSP.dir/Drivers/STM32F7xx_HAL_Driver/Src/stm32f7xx_hal.c.obj
 .debug_ranges  0x000001e8      0x108 CMakeFiles/BSP.dir/Drivers/STM32F7xx_HAL_Driver/Src/stm32f7xx_hal_cortex.c.obj
 .debug_ranges  0x000002f0       0x48 CMakeFiles/BSP.dir/Drivers/STM32F7xx_HAL_Driver/Src/stm32f7xx_hal_gpio.c.obj
 .debug_ranges  0x00000338       0x78 CMakeFiles/BSP.dir/Drivers/STM32F7xx_HAL_Driver/Src/stm32f7xx_hal_rcc.c.obj
 .debug_ranges  0x000003b0       0x40 CMakeFiles/BSP.dir/Drivers/STM32F7xx_HAL_Driver/Src/stm32f7xx_hal_rcc_ex.c.obj
 .debug_ranges  0x000003f0      0x250 CMakeFiles/BSP.dir/Drivers/STM32F7xx_HAL_Driver/Src/stm32f7xx_hal_uart.c.obj

.debug_macro    0x00000000    0x2601e
 .debug_macro   0x00000000      0x1e8 CMakeFiles/BSP.dir/Core/Src/gpio.c.obj
 .debug_macro   0x000001e8      0xa8a CMakeFiles/BSP.dir/Core/Src/gpio.c.obj
 .debug_macro   0x00000c72      0x28d CMakeFiles/BSP.dir/Core/Src/gpio.c.obj
 .debug_macro   0x00000eff       0x2e CMakeFiles/BSP.dir/Core/Src/gpio.c.obj
 .debug_macro   0x00000f2d       0x3b CMakeFiles/BSP.dir/Core/Src/gpio.c.obj
 .debug_macro   0x00000f68       0x22 CMakeFiles/BSP.dir/Core/Src/gpio.c.obj
 .debug_macro   0x00000f8a       0x8e CMakeFiles/BSP.dir/Core/Src/gpio.c.obj
 .debug_macro   0x00001018       0x51 CMakeFiles/BSP.dir/Core/Src/gpio.c.obj
 .debug_macro   0x00001069      0x103 CMakeFiles/BSP.dir/Core/Src/gpio.c.obj
 .debug_macro   0x0000116c       0x6a CMakeFiles/BSP.dir/Core/Src/gpio.c.obj
 .debug_macro   0x000011d6      0x1df CMakeFiles/BSP.dir/Core/Src/gpio.c.obj
 .debug_macro   0x000013b5       0x1c CMakeFiles/BSP.dir/Core/Src/gpio.c.obj
 .debug_macro   0x000013d1       0x22 CMakeFiles/BSP.dir/Core/Src/gpio.c.obj
 .debug_macro   0x000013f3       0xd9 CMakeFiles/BSP.dir/Core/Src/gpio.c.obj
 .debug_macro   0x000014cc     0x12cd CMakeFiles/BSP.dir/Core/Src/gpio.c.obj
 .debug_macro   0x00002799      0x11f CMakeFiles/BSP.dir/Core/Src/gpio.c.obj
 .debug_macro   0x000028b8       0x19 CMakeFiles/BSP.dir/Core/Src/gpio.c.obj
 .debug_macro   0x000028d1    0x1aa0d CMakeFiles/BSP.dir/Core/Src/gpio.c.obj
 .debug_macro   0x0001d2de       0x6d CMakeFiles/BSP.dir/Core/Src/gpio.c.obj
 .debug_macro   0x0001d34b     0x3749 CMakeFiles/BSP.dir/Core/Src/gpio.c.obj
 .debug_macro   0x00020a94      0x174 CMakeFiles/BSP.dir/Core/Src/gpio.c.obj
 .debug_macro   0x00020c08       0x63 CMakeFiles/BSP.dir/Core/Src/gpio.c.obj
 .debug_macro   0x00020c6b     0x1add CMakeFiles/BSP.dir/Core/Src/gpio.c.obj
 .debug_macro   0x00022748      0x6c4 CMakeFiles/BSP.dir/Core/Src/gpio.c.obj
 .debug_macro   0x00022e0c      0x18b CMakeFiles/BSP.dir/Core/Src/gpio.c.obj
 .debug_macro   0x00022f97      0x115 CMakeFiles/BSP.dir/Core/Src/gpio.c.obj
 .debug_macro   0x000230ac      0x26e CMakeFiles/BSP.dir/Core/Src/gpio.c.obj
 .debug_macro   0x0002331a       0xa5 CMakeFiles/BSP.dir/Core/Src/gpio.c.obj
 .debug_macro   0x000233bf      0x24f CMakeFiles/BSP.dir/Core/Src/gpio.c.obj
 .debug_macro   0x0002360e       0x71 CMakeFiles/BSP.dir/Core/Src/gpio.c.obj
 .debug_macro   0x0002367f       0x58 CMakeFiles/BSP.dir/Core/Src/gpio.c.obj
 .debug_macro   0x000236d7      0x236 CMakeFiles/BSP.dir/Core/Src/gpio.c.obj
 .debug_macro   0x0002390d      0x14e CMakeFiles/BSP.dir/Core/Src/gpio.c.obj
 .debug_macro   0x00023a5b      0x3db CMakeFiles/BSP.dir/Core/Src/gpio.c.obj
 .debug_macro   0x00023e36       0x12 CMakeFiles/BSP.dir/Core/Src/gpio.c.obj
 .debug_macro   0x00023e48      0x22c CMakeFiles/BSP.dir/Core/Src/gpio.c.obj
 .debug_macro   0x00024074       0x61 CMakeFiles/BSP.dir/Core/Src/gpio.c.obj
 .debug_macro   0x000240d5       0xa5 CMakeFiles/BSP.dir/Core/Src/gpio.c.obj
 .debug_macro   0x0002417a      0x12e CMakeFiles/BSP.dir/Core/Src/gpio.c.obj
 .debug_macro   0x000242a8      0x108 CMakeFiles/BSP.dir/Core/Src/gpio.c.obj
 .debug_macro   0x000243b0       0x35 CMakeFiles/BSP.dir/Core/Src/gpio.c.obj
 .debug_macro   0x000243e5      0x5ba CMakeFiles/BSP.dir/Core/Src/gpio.c.obj
 .debug_macro   0x0002499f       0x44 CMakeFiles/BSP.dir/Core/Src/gpio.c.obj
 .debug_macro   0x000249e3      0x15b CMakeFiles/BSP.dir/Core/Src/gpio.c.obj
 .debug_macro   0x00024b3e       0x28 CMakeFiles/BSP.dir/Core/Src/gpio.c.obj
 .debug_macro   0x00024b66      0x1f6 CMakeFiles/BSP.dir/Core/Src/main.c.obj
 .debug_macro   0x00024d5c      0x1de CMakeFiles/BSP.dir/Core/Src/stm32f7xx_hal_msp.c.obj
 .debug_macro   0x00024f3a      0x1e8 CMakeFiles/BSP.dir/Core/Src/stm32f7xx_it.c.obj
 .debug_macro   0x00025122      0x1cf CMakeFiles/BSP.dir/Core/Src/system_stm32f7xx.c.obj
 .debug_macro   0x000252f1      0x1e8 CMakeFiles/BSP.dir/Core/Src/usart.c.obj
 .debug_macro   0x000254d9      0x1f3 CMakeFiles/BSP.dir/Drivers/STM32F7xx_HAL_Driver/Src/stm32f7xx_hal.c.obj
 .debug_macro   0x000256cc      0x1cf CMakeFiles/BSP.dir/Drivers/STM32F7xx_HAL_Driver/Src/stm32f7xx_hal_cortex.c.obj
 .debug_macro   0x0002589b      0x1d5 CMakeFiles/BSP.dir/Drivers/STM32F7xx_HAL_Driver/Src/stm32f7xx_hal_gpio.c.obj
 .debug_macro   0x00025a70      0x1f3 CMakeFiles/BSP.dir/Drivers/STM32F7xx_HAL_Driver/Src/stm32f7xx_hal_rcc.c.obj
 .debug_macro   0x00025c63      0x1cf CMakeFiles/BSP.dir/Drivers/STM32F7xx_HAL_Driver/Src/stm32f7xx_hal_rcc_ex.c.obj
 .debug_macro   0x00025e32      0x1ec CMakeFiles/BSP.dir/Drivers/STM32F7xx_HAL_Driver/Src/stm32f7xx_hal_uart.c.obj

.debug_line     0x00000000     0x835f
 .debug_line    0x00000000      0x548 CMakeFiles/BSP.dir/Core/Src/gpio.c.obj
 .debug_line    0x00000548      0x57f CMakeFiles/BSP.dir/Core/Src/main.c.obj
 .debug_line    0x00000ac7      0x4cd CMakeFiles/BSP.dir/Core/Src/stm32f7xx_hal_msp.c.obj
 .debug_line    0x00000f94      0x590 CMakeFiles/BSP.dir/Core/Src/stm32f7xx_it.c.obj
 .debug_line    0x00001524      0x54d CMakeFiles/BSP.dir/Core/Src/system_stm32f7xx.c.obj
 .debug_line    0x00001a71      0x54f CMakeFiles/BSP.dir/Core/Src/usart.c.obj
 .debug_line    0x00001fc0       0x8e CMakeFiles/BSP.dir/Core/Startup/startup_stm32f767zitx.s.obj
 .debug_line    0x0000204e      0x80e CMakeFiles/BSP.dir/Drivers/STM32F7xx_HAL_Driver/Src/stm32f7xx_hal.c.obj
 .debug_line    0x0000285c      0xa64 CMakeFiles/BSP.dir/Drivers/STM32F7xx_HAL_Driver/Src/stm32f7xx_hal_cortex.c.obj
 .debug_line    0x000032c0      0x952 CMakeFiles/BSP.dir/Drivers/STM32F7xx_HAL_Driver/Src/stm32f7xx_hal_gpio.c.obj
 .debug_line    0x00003c12      0xc50 CMakeFiles/BSP.dir/Drivers/STM32F7xx_HAL_Driver/Src/stm32f7xx_hal_rcc.c.obj
 .debug_line    0x00004862      0xc2c CMakeFiles/BSP.dir/Drivers/STM32F7xx_HAL_Driver/Src/stm32f7xx_hal_rcc_ex.c.obj
 .debug_line    0x0000548e     0x2ed1 CMakeFiles/BSP.dir/Drivers/STM32F7xx_HAL_Driver/Src/stm32f7xx_hal_uart.c.obj

.debug_str      0x00000000    0xecfdd
 .debug_str     0x00000000    0xea842 CMakeFiles/BSP.dir/Core/Src/gpio.c.obj
                              0xeaf00 (size before relaxing)
 .debug_str     0x000ea842      0x618 CMakeFiles/BSP.dir/Core/Src/main.c.obj
                              0xeb50c (size before relaxing)
 .debug_str     0x000eae5a       0x32 CMakeFiles/BSP.dir/Core/Src/stm32f7xx_hal_msp.c.obj
                              0xeae63 (size before relaxing)
 .debug_str     0x000eae8c       0xc3 CMakeFiles/BSP.dir/Core/Src/stm32f7xx_it.c.obj
                              0xeadc0 (size before relaxing)
 .debug_str     0x000eaf4f      0x1aa CMakeFiles/BSP.dir/Core/Src/system_stm32f7xx.c.obj
                              0xeaf51 (size before relaxing)
 .debug_str     0x000eb0f9      0x2d1 CMakeFiles/BSP.dir/Core/Src/usart.c.obj
                              0xeb687 (size before relaxing)
 .debug_str     0x000eb3ca       0x3c CMakeFiles/BSP.dir/Core/Startup/startup_stm32f767zitx.s.obj
                                 0x93 (size before relaxing)
 .debug_str     0x000eb406      0xa66 CMakeFiles/BSP.dir/Drivers/STM32F7xx_HAL_Driver/Src/stm32f7xx_hal.c.obj
                              0xeb942 (size before relaxing)
 .debug_str     0x000ebe6c      0x39f CMakeFiles/BSP.dir/Drivers/STM32F7xx_HAL_Driver/Src/stm32f7xx_hal_cortex.c.obj
                              0xeb941 (size before relaxing)
 .debug_str     0x000ec20b      0x149 CMakeFiles/BSP.dir/Drivers/STM32F7xx_HAL_Driver/Src/stm32f7xx_hal_gpio.c.obj
                              0xeb00f (size before relaxing)
 .debug_str     0x000ec354      0x28c CMakeFiles/BSP.dir/Drivers/STM32F7xx_HAL_Driver/Src/stm32f7xx_hal_rcc.c.obj
                              0xeb2a5 (size before relaxing)
 .debug_str     0x000ec5e0      0x16f CMakeFiles/BSP.dir/Drivers/STM32F7xx_HAL_Driver/Src/stm32f7xx_hal_rcc_ex.c.obj
                              0xeb223 (size before relaxing)
 .debug_str     0x000ec74f      0x88e CMakeFiles/BSP.dir/Drivers/STM32F7xx_HAL_Driver/Src/stm32f7xx_hal_uart.c.obj
                              0xebb8b (size before relaxing)

.comment        0x00000000       0x49
 .comment       0x00000000       0x49 CMakeFiles/BSP.dir/Core/Src/gpio.c.obj
                                 0x4a (size before relaxing)
 .comment       0x00000049       0x4a CMakeFiles/BSP.dir/Core/Src/main.c.obj
 .comment       0x00000049       0x4a CMakeFiles/BSP.dir/Core/Src/stm32f7xx_hal_msp.c.obj
 .comment       0x00000049       0x4a CMakeFiles/BSP.dir/Core/Src/stm32f7xx_it.c.obj
 .comment       0x00000049       0x4a CMakeFiles/BSP.dir/Core/Src/system_stm32f7xx.c.obj
 .comment       0x00000049       0x4a CMakeFiles/BSP.dir/Core/Src/usart.c.obj
 .comment       0x00000049       0x4a CMakeFiles/BSP.dir/Drivers/STM32F7xx_HAL_Driver/Src/stm32f7xx_hal.c.obj
 .comment       0x00000049       0x4a CMakeFiles/BSP.dir/Drivers/STM32F7xx_HAL_Driver/Src/stm32f7xx_hal_cortex.c.obj
 .comment       0x00000049       0x4a CMakeFiles/BSP.dir/Drivers/STM32F7xx_HAL_Driver/Src/stm32f7xx_hal_gpio.c.obj
 .comment       0x00000049       0x4a CMakeFiles/BSP.dir/Drivers/STM32F7xx_HAL_Driver/Src/stm32f7xx_hal_rcc.c.obj
 .comment       0x00000049       0x4a CMakeFiles/BSP.dir/Drivers/STM32F7xx_HAL_Driver/Src/stm32f7xx_hal_rcc_ex.c.obj
 .comment       0x00000049       0x4a CMakeFiles/BSP.dir/Drivers/STM32F7xx_HAL_Driver/Src/stm32f7xx_hal_uart.c.obj

.debug_frame    0x00000000     0x1c00
 .debug_frame   0x00000000       0x38 CMakeFiles/BSP.dir/Core/Src/gpio.c.obj
 .debug_frame   0x00000038       0x6c CMakeFiles/BSP.dir/Core/Src/main.c.obj
 .debug_frame   0x000000a4       0x38 CMakeFiles/BSP.dir/Core/Src/stm32f7xx_hal_msp.c.obj
 .debug_frame   0x000000dc      0x104 CMakeFiles/BSP.dir/Core/Src/stm32f7xx_it.c.obj
 .debug_frame   0x000001e0       0x58 CMakeFiles/BSP.dir/Core/Src/system_stm32f7xx.c.obj
 .debug_frame   0x00000238       0x78 CMakeFiles/BSP.dir/Core/Src/usart.c.obj
 .debug_frame   0x000002b0      0x3f4 CMakeFiles/BSP.dir/Drivers/STM32F7xx_HAL_Driver/Src/stm32f7xx_hal.c.obj
 .debug_frame   0x000006a4      0x498 CMakeFiles/BSP.dir/Drivers/STM32F7xx_HAL_Driver/Src/stm32f7xx_hal_cortex.c.obj
 .debug_frame   0x00000b3c      0x14c CMakeFiles/BSP.dir/Drivers/STM32F7xx_HAL_Driver/Src/stm32f7xx_hal_gpio.c.obj
 .debug_frame   0x00000c88      0x1f8 CMakeFiles/BSP.dir/Drivers/STM32F7xx_HAL_Driver/Src/stm32f7xx_hal_rcc.c.obj
 .debug_frame   0x00000e80      0x118 CMakeFiles/BSP.dir/Drivers/STM32F7xx_HAL_Driver/Src/stm32f7xx_hal_rcc_ex.c.obj
 .debug_frame   0x00000f98      0xa10 CMakeFiles/BSP.dir/Drivers/STM32F7xx_HAL_Driver/Src/stm32f7xx_hal_uart.c.obj
 .debug_frame   0x000019a8       0x2c c:/sysgcc/arm-eabi/bin/../lib/gcc/arm-none-eabi/10.3.1/thumb/v7e-m+dp/hard\libgcc.a(_aeabi_uldivmod.o)
 .debug_frame   0x000019d4       0x34 c:/sysgcc/arm-eabi/bin/../lib/gcc/arm-none-eabi/10.3.1/thumb/v7e-m+dp/hard\libgcc.a(_udivmoddi4.o)
 .debug_frame   0x00001a08       0x2c c:/sysgcc/arm-eabi/bin/../lib/gcc/arm-none-eabi/10.3.1/../../../../arm-none-eabi/lib/thumb/v7e-m+dp/hard\libg.a(lib_a-init.o)
 .debug_frame   0x00001a34       0x2c c:/sysgcc/arm-eabi/bin/../lib/gcc/arm-none-eabi/10.3.1/../../../../arm-none-eabi/lib/thumb/v7e-m+dp/hard\libg.a(lib_a-memset.o)
 .debug_frame   0x00001a60       0x68 c:/sysgcc/arm-eabi/bin/../lib/gcc/arm-none-eabi/10.3.1/../../../../arm-none-eabi/lib/thumb/v7e-m+dp/hard\libg.a(lib_a-__call_atexit.o)
 .debug_frame   0x00001ac8       0x20 c:/sysgcc/arm-eabi/bin/../lib/gcc/arm-none-eabi/10.3.1/../../../../arm-none-eabi/lib/thumb/v7e-m+dp/hard\libg.a(lib_a-atexit.o)
 .debug_frame   0x00001ae8       0x34 c:/sysgcc/arm-eabi/bin/../lib/gcc/arm-none-eabi/10.3.1/../../../../arm-none-eabi/lib/thumb/v7e-m+dp/hard\libg.a(lib_a-fini.o)
 .debug_frame   0x00001b1c       0xb0 c:/sysgcc/arm-eabi/bin/../lib/gcc/arm-none-eabi/10.3.1/../../../../arm-none-eabi/lib/thumb/v7e-m+dp/hard\libg.a(lib_a-lock.o)
 .debug_frame   0x00001bcc       0x34 c:/sysgcc/arm-eabi/bin/../lib/gcc/arm-none-eabi/10.3.1/../../../../arm-none-eabi/lib/thumb/v7e-m+dp/hard\libg.a(lib_a-__atexit.o)
