Archive member included to satisfy reference by file (symbol)

c:/sysgcc/arm-eabi/bin/../lib/gcc/arm-none-eabi/10.3.1/thumb/v7e-m+dp/hard\libgcc.a(_aeabi_ldivmod.o)
                              CMakeFiles/BSP.dir/Drivers/STM32F7xx_HAL_Driver/Src/stm32f7xx_hal_rcc.c.obj (__aeabi_ldivmod)
c:/sysgcc/arm-eabi/bin/../lib/gcc/arm-none-eabi/10.3.1/thumb/v7e-m+dp/hard\libgcc.a(_aeabi_uldivmod.o)
                              CMakeFiles/BSP.dir/Drivers/STM32F7xx_HAL_Driver/Src/stm32f7xx_hal_rcc.c.obj (__aeabi_uldivmod)
c:/sysgcc/arm-eabi/bin/../lib/gcc/arm-none-eabi/10.3.1/thumb/v7e-m+dp/hard\libgcc.a(_udivmoddi4.o)
                              c:/sysgcc/arm-eabi/bin/../lib/gcc/arm-none-eabi/10.3.1/thumb/v7e-m+dp/hard\libgcc.a(_aeabi_ldivmod.o) (__udivmoddi4)
c:/sysgcc/arm-eabi/bin/../lib/gcc/arm-none-eabi/10.3.1/thumb/v7e-m+dp/hard\libgcc.a(_dvmd_tls.o)
                              c:/sysgcc/arm-eabi/bin/../lib/gcc/arm-none-eabi/10.3.1/thumb/v7e-m+dp/hard\libgcc.a(_aeabi_ldivmod.o) (__aeabi_ldiv0)
c:/sysgcc/arm-eabi/bin/../lib/gcc/arm-none-eabi/10.3.1/../../../../arm-none-eabi/lib/thumb/v7e-m+dp/hard\libg.a(lib_a-errno.o)
                              CMakeFiles/BSP.dir/Core/Src/syscalls.c.obj (__errno)
c:/sysgcc/arm-eabi/bin/../lib/gcc/arm-none-eabi/10.3.1/../../../../arm-none-eabi/lib/thumb/v7e-m+dp/hard\libg.a(lib_a-exit.o)
                              c:/sysgcc/arm-eabi/bin/../lib/gcc/arm-none-eabi/10.3.1/../../../../arm-none-eabi/lib/thumb/v7e-m+dp/hard/crt0.o (exit)
c:/sysgcc/arm-eabi/bin/../lib/gcc/arm-none-eabi/10.3.1/../../../../arm-none-eabi/lib/thumb/v7e-m+dp/hard\libg.a(lib_a-impure.o)
                              c:/sysgcc/arm-eabi/bin/../lib/gcc/arm-none-eabi/10.3.1/../../../../arm-none-eabi/lib/thumb/v7e-m+dp/hard\libg.a(lib_a-exit.o) (_global_impure_ptr)
c:/sysgcc/arm-eabi/bin/../lib/gcc/arm-none-eabi/10.3.1/../../../../arm-none-eabi/lib/thumb/v7e-m+dp/hard\libg.a(lib_a-init.o)
                              c:/sysgcc/arm-eabi/bin/../lib/gcc/arm-none-eabi/10.3.1/../../../../arm-none-eabi/lib/thumb/v7e-m+dp/hard/crt0.o (__libc_init_array)
c:/sysgcc/arm-eabi/bin/../lib/gcc/arm-none-eabi/10.3.1/../../../../arm-none-eabi/lib/thumb/v7e-m+dp/hard\libg.a(lib_a-memset.o)
                              c:/sysgcc/arm-eabi/bin/../lib/gcc/arm-none-eabi/10.3.1/../../../../arm-none-eabi/lib/thumb/v7e-m+dp/hard/crt0.o (memset)
c:/sysgcc/arm-eabi/bin/../lib/gcc/arm-none-eabi/10.3.1/../../../../arm-none-eabi/lib/thumb/v7e-m+dp/hard\libg.a(lib_a-__call_atexit.o)
                              c:/sysgcc/arm-eabi/bin/../lib/gcc/arm-none-eabi/10.3.1/../../../../arm-none-eabi/lib/thumb/v7e-m+dp/hard\libg.a(lib_a-exit.o) (__call_exitprocs)
c:/sysgcc/arm-eabi/bin/../lib/gcc/arm-none-eabi/10.3.1/../../../../arm-none-eabi/lib/thumb/v7e-m+dp/hard\libg.a(lib_a-atexit.o)
                              c:/sysgcc/arm-eabi/bin/../lib/gcc/arm-none-eabi/10.3.1/../../../../arm-none-eabi/lib/thumb/v7e-m+dp/hard\libg.a(lib_a-__call_atexit.o) (atexit)
c:/sysgcc/arm-eabi/bin/../lib/gcc/arm-none-eabi/10.3.1/../../../../arm-none-eabi/lib/thumb/v7e-m+dp/hard\libg.a(lib_a-fini.o)
                              c:/sysgcc/arm-eabi/bin/../lib/gcc/arm-none-eabi/10.3.1/../../../../arm-none-eabi/lib/thumb/v7e-m+dp/hard\libg.a(lib_a-__call_atexit.o) (__libc_fini_array)
c:/sysgcc/arm-eabi/bin/../lib/gcc/arm-none-eabi/10.3.1/../../../../arm-none-eabi/lib/thumb/v7e-m+dp/hard\libg.a(lib_a-lock.o)
                              c:/sysgcc/arm-eabi/bin/../lib/gcc/arm-none-eabi/10.3.1/../../../../arm-none-eabi/lib/thumb/v7e-m+dp/hard\libg.a(lib_a-__call_atexit.o) (__retarget_lock_acquire_recursive)
c:/sysgcc/arm-eabi/bin/../lib/gcc/arm-none-eabi/10.3.1/../../../../arm-none-eabi/lib/thumb/v7e-m+dp/hard\libg.a(lib_a-__atexit.o)
                              c:/sysgcc/arm-eabi/bin/../lib/gcc/arm-none-eabi/10.3.1/../../../../arm-none-eabi/lib/thumb/v7e-m+dp/hard\libg.a(lib_a-atexit.o) (__register_exitproc)

Discarded input sections

 .text          0x00000000        0x0 c:/sysgcc/arm-eabi/bin/../lib/gcc/arm-none-eabi/10.3.1/thumb/v7e-m+dp/hard/crti.o
 .data          0x00000000        0x0 c:/sysgcc/arm-eabi/bin/../lib/gcc/arm-none-eabi/10.3.1/thumb/v7e-m+dp/hard/crti.o
 .bss           0x00000000        0x0 c:/sysgcc/arm-eabi/bin/../lib/gcc/arm-none-eabi/10.3.1/thumb/v7e-m+dp/hard/crti.o
 .data          0x00000000        0x4 c:/sysgcc/arm-eabi/bin/../lib/gcc/arm-none-eabi/10.3.1/thumb/v7e-m+dp/hard/crtbegin.o
 .rodata        0x00000000       0x24 c:/sysgcc/arm-eabi/bin/../lib/gcc/arm-none-eabi/10.3.1/thumb/v7e-m+dp/hard/crtbegin.o
 .text          0x00000000       0x7c c:/sysgcc/arm-eabi/bin/../lib/gcc/arm-none-eabi/10.3.1/../../../../arm-none-eabi/lib/thumb/v7e-m+dp/hard/crt0.o
 .data          0x00000000        0x0 c:/sysgcc/arm-eabi/bin/../lib/gcc/arm-none-eabi/10.3.1/../../../../arm-none-eabi/lib/thumb/v7e-m+dp/hard/crt0.o
[...]
Memory Configuration

Name             Origin             Length             Attributes
RAM              0x20000000         0x00080000         xrw
FLASH            0x08000000         0x00200000         xr
*default*        0x00000000         0xffffffff

Linker script and memory map

LOAD c:/sysgcc/arm-eabi/bin/../lib/gcc/arm-none-eabi/10.3.1/thumb/v7e-m+dp/hard/crti.o
LOAD c:/sysgcc/arm-eabi/bin/../lib/gcc/arm-none-eabi/10.3.1/thumb/v7e-m+dp/hard/crtbegin.o
LOAD c:/sysgcc/arm-eabi/bin/../lib/gcc/arm-none-eabi/10.3.1/../../../../arm-none-eabi/lib/thumb/v7e-m+dp/hard/crt0.o
LOAD CMakeFiles/BSP.dir/Core/Src/gpio.c.obj
LOAD CMakeFiles/BSP.dir/Core/Src/main.c.obj
LOAD CMakeFiles/BSP.dir/Core/Src/stm32f7xx_hal_msp.c.obj
LOAD CMakeFiles/BSP.dir/Core/Src/stm32f7xx_it.c.obj
LOAD CMakeFiles/BSP.dir/Core/Src/syscalls.c.obj
LOAD CMakeFiles/BSP.dir/Core/Src/sysmem.c.obj
LOAD CMakeFiles/BSP.dir/Core/Src/system_stm32f7xx.c.obj
LOAD CMakeFiles/BSP.dir/Core/Src/usart.c.obj
LOAD CMakeFiles/BSP.dir/Core/Startup/startup_stm32f767zitx.s.obj
LOAD CMakeFiles/BSP.dir/Drivers/STM32F7xx_HAL_Driver/Src/stm32f7xx_hal.c.obj
LOAD CMakeFiles/BSP.dir/Drivers/STM32F7xx_HAL_Driver/Src/stm32f7xx_hal_cortex.c.obj
LOAD CMakeFiles/BSP.dir/Drivers/STM32F7xx_HAL_Driver/Src/stm32f7xx_hal_dma.c.obj
LOAD CMakeFiles/BSP.dir/Drivers/STM32F7xx_HAL_Driver/Src/stm32f7xx_hal_dma_ex.c.obj
LOAD CMakeFiles/BSP.dir/Drivers/STM32F7xx_HAL_Driver/Src/stm32f7xx_hal_exti.c.obj
LOAD CMakeFiles/BSP.dir/Drivers/STM32F7xx_HAL_Driver/Src/stm32f7xx_hal_flash.c.obj
LOAD CMakeFiles/BSP.dir/Drivers/STM32F7xx_HAL_Driver/Src/stm32f7xx_hal_flash_ex.c.obj
LOAD CMakeFiles/BSP.dir/Drivers/STM32F7xx_HAL_Driver/Src/stm32f7xx_hal_gpio.c.obj
LOAD CMakeFiles/BSP.dir/Drivers/STM32F7xx_HAL_Driver/Src/stm32f7xx_hal_i2c.c.obj
LOAD CMakeFiles/BSP.dir/Drivers/STM32F7xx_HAL_Driver/Src/stm32f7xx_hal_i2c_ex.c.obj
LOAD CMakeFiles/BSP.dir/Drivers/STM32F7xx_HAL_Driver/Src/stm32f7xx_hal_pwr.c.obj
LOAD CMakeFiles/BSP.dir/Drivers/STM32F7xx_HAL_Driver/Src/stm32f7xx_hal_pwr_ex.c.obj
LOAD CMakeFiles/BSP.dir/Drivers/STM32F7xx_HAL_Driver/Src/stm32f7xx_hal_rcc.c.obj
LOAD CMakeFiles/BSP.dir/Drivers/STM32F7xx_HAL_Driver/Src/stm32f7xx_hal_rcc_ex.c.obj
LOAD CMakeFiles/BSP.dir/Drivers/STM32F7xx_HAL_Driver/Src/stm32f7xx_hal_tim.c.obj
LOAD CMakeFiles/BSP.dir/Drivers/STM32F7xx_HAL_Driver/Src/stm32f7xx_hal_tim_ex.c.obj
LOAD CMakeFiles/BSP.dir/Drivers/STM32F7xx_HAL_Driver/Src/stm32f7xx_hal_uart.c.obj
LOAD CMakeFiles/BSP.dir/Drivers/STM32F7xx_HAL_Driver/Src/stm32f7xx_hal_uart_ex.c.obj
LOAD CMakeFiles/UART_TX_RX_Test.dir/C_/Program_Files_(x86)/Sysprogs/VisualGDB/CMake/embedded/dummy.c.obj
START GROUP
LOAD c:/sysgcc/arm-eabi/bin/../lib/gcc/arm-none-eabi/10.3.1/thumb/v7e-m+dp/hard\libgcc.a
LOAD c:/sysgcc/arm-eabi/bin/../lib/gcc/arm-none-eabi/10.3.1/../../../../arm-none-eabi/lib/thumb/v7e-m+dp/hard\libg.a
LOAD c:/sysgcc/arm-eabi/bin/../lib/gcc/arm-none-eabi/10.3.1/../../../../arm-none-eabi/lib/thumb/v7e-m+dp/hard\libc.a
END GROUP
LOAD c:/sysgcc/arm-eabi/bin/../lib/gcc/arm-none-eabi/10.3.1/thumb/v7e-m+dp/hard/crtend.o
LOAD c:/sysgcc/arm-eabi/bin/../lib/gcc/arm-none-eabi/10.3.1/thumb/v7e-m+dp/hard/crtn.o
                0x20080000                _estack = (ORIGIN (RAM) + LENGTH (RAM))
                0x00000200                _Min_Heap_Size = 0x200
                0x00000400                _Min_Stack_Size = 0x400

.isr_vector     0x08000000      0x1f8
                0x08000000                . = ALIGN (0x4)
 *(.isr_vector)
 .isr_vector    0x08000000      0x1f8 CMakeFiles/BSP.dir/Core/Startup/startup_stm32f767zitx.s.obj
                0x08000000                g_pfnVectors
                0x080001f8                . = ALIGN (0x4)

.text           0x080001f8     0x1f3c
                0x080001f8                . = ALIGN (0x4)
 *(.text)
 .text          0x080001f8       0x40 c:/sysgcc/arm-eabi/bin/../lib/gcc/arm-none-eabi/10.3.1/thumb/v7e-m+dp/hard/crtbegin.o
 .text          0x08000238       0x30 c:/sysgcc/arm-eabi/bin/../lib/gcc/arm-none-eabi/10.3.1/thumb/v7e-m+dp/hard\libgcc.a(_aeabi_uldivmod.o)
                0x08000238                __aeabi_uldivmod
 .text          0x08000268      0x2d0 c:/sysgcc/arm-eabi/bin/../lib/gcc/arm-none-eabi/10.3.1/thumb/v7e-m+dp/hard\libgcc.a(_udivmoddi4.o)
                0x08000268                __udivmoddi4
 .text          0x08000538        0x4 c:/sysgcc/arm-eabi/bin/../lib/gcc/arm-none-eabi/10.3.1/thumb/v7e-m+dp/hard\libgcc.a(_dvmd_tls.o)
                0x08000538                __aeabi_idiv0
                0x08000538                __aeabi_ldiv0
 *(.text*)
 .text.MX_GPIO_Init
                0x0800053c      0x14c CMakeFiles/BSP.dir/Core/Src/gpio.c.obj
                0x0800053c                MX_GPIO_Init
 .text.SystemClock_Config
                0x08000688       0xb0 CMakeFiles/BSP.dir/Core/Src/main.c.obj
                0x08000688                SystemClock_Config
 .text.startup.main
                0x08000738       0x34 CMakeFiles/BSP.dir/Core/Src/main.c.obj
                0x08000738                main
 .text.Error_Handler
                0x0800076c        0x4 CMakeFiles/BSP.dir/Core/Src/main.c.obj
                0x0800076c                Error_Handler
 .text.HAL_MspInit
                0x08000770       0x30 CMakeFiles/BSP.dir/Core/Src/stm32f7xx_hal_msp.c.obj
                0x08000770                HAL_MspInit
 .text.NMI_Handler
                0x080007a0        0x4 CMakeFiles/BSP.dir/Core/Src/stm32f7xx_it.c.obj
                0x080007a0                NMI_Handler
 .text.HardFault_Handler
                0x080007a4        0x4 CMakeFiles/BSP.dir/Core/Src/stm32f7xx_it.c.obj
                0x080007a4                HardFault_Handler
 .text.MemManage_Handler
                0x080007a8        0x4 CMakeFiles/BSP.dir/Core/Src/stm32f7xx_it.c.obj
                0x080007a8                MemManage_Handler
 .text.BusFault_Handler
                0x080007ac        0x4 CMakeFiles/BSP.dir/Core/Src/stm32f7xx_it.c.obj
                0x080007ac                BusFault_Handler
 .text.UsageFault_Handler
                0x080007b0        0x4 CMakeFiles/BSP.dir/Core/Src/stm32f7xx_it.c.obj
                0x080007b0                UsageFault_Handler
 .text.SVC_Handler
                0x080007b4        0x4 CMakeFiles/BSP.dir/Core/Src/stm32f7xx_it.c.obj
                0x080007b4                SVC_Handler
 .text.DebugMon_Handler
                0x080007b8        0x4 CMakeFiles/BSP.dir/Core/Src/stm32f7xx_it.c.obj
                0x080007b8                DebugMon_Handler
 .text.PendSV_Handler
                0x080007bc        0x4 CMakeFiles/BSP.dir/Core/Src/stm32f7xx_it.c.obj
                0x080007bc                PendSV_Handler
 .text.SysTick_Handler
                0x080007c0        0x4 CMakeFiles/BSP.dir/Core/Src/stm32f7xx_it.c.obj
                0x080007c0                SysTick_Handler
 .text.SystemInit
                0x080007c4       0x14 CMakeFiles/BSP.dir/Core/Src/system_stm32f7xx.c.obj
                0x080007c4                SystemInit
 .text.MX_USART3_UART_Init
                0x080007d8       0x3c CMakeFiles/BSP.dir/Core/Src/usart.c.obj
                0x080007d8                MX_USART3_UART_Init
 *fill*         0x08000814        0x4 
 .text.HAL_UART_MspInit
                0x08000818       0x9c CMakeFiles/BSP.dir/Core/Src/usart.c.obj
                0x08000818                HAL_UART_MspInit
 .text.Reset_Handler
                0x080008b4       0x50 CMakeFiles/BSP.dir/Core/Startup/startup_stm32f767zitx.s.obj
                0x080008b4                Reset_Handler
 .text.Default_Handler
                0x08000904        0x2 CMakeFiles/BSP.dir/Core/Startup/startup_stm32f767zitx.s.obj
                0x08000904                RTC_Alarm_IRQHandler
                0x08000904                EXTI2_IRQHandler
                0x08000904                TIM8_CC_IRQHandler
                0x08000904                UART8_IRQHandler
                0x08000904                SPI4_IRQHandler
                0x08000904                TIM1_CC_IRQHandler
                0x08000904                DMA2_Stream5_IRQHandler
                0x08000904                JPEG_IRQHandler
                0x08000904                DMA1_Stream5_IRQHandler
                0x08000904                CAN3_RX1_IRQHandler
                0x08000904                PVD_IRQHandler
                0x08000904                TAMP_STAMP_IRQHandler
                0x08000904                CAN2_RX1_IRQHandler
                0x08000904                EXTI3_IRQHandler
                0x08000904                TIM8_TRG_COM_TIM14_IRQHandler
                0x08000904                DFSDM1_FLT1_IRQHandler
                0x08000904                TIM1_UP_TIM10_IRQHandler
                0x08000904                TIM8_UP_TIM13_IRQHandler
                0x08000904                I2C3_ER_IRQHandler
                0x08000904                DFSDM1_FLT2_IRQHandler
                0x08000904                EXTI0_IRQHandler
                0x08000904                I2C2_EV_IRQHandler
                0x08000904                DMA1_Stream2_IRQHandler
                0x08000904                CAN1_RX0_IRQHandler
                0x08000904                FPU_IRQHandler
                0x08000904                OTG_HS_WKUP_IRQHandler
                0x08000904                CAN3_SCE_IRQHandler
                0x08000904                LTDC_ER_IRQHandler
                0x08000904                CAN2_SCE_IRQHandler
                0x08000904                DMA2_Stream2_IRQHandler
                0x08000904                SPI1_IRQHandler
                0x08000904                TIM6_DAC_IRQHandler
                0x08000904                TIM1_BRK_TIM9_IRQHandler
                0x08000904                DCMI_IRQHandler
                0x08000904                CAN2_RX0_IRQHandler
                0x08000904                DMA2_Stream3_IRQHandler
                0x08000904                SAI2_IRQHandler
                0x08000904                DFSDM1_FLT3_IRQHandler
                0x08000904                USART6_IRQHandler
                0x08000904                CAN3_RX0_IRQHandler
                0x08000904                USART3_IRQHandler
                0x08000904                CAN1_RX1_IRQHandler
                0x08000904                UART5_IRQHandler
                0x08000904                DMA2_Stream0_IRQHandler
                0x08000904                TIM4_IRQHandler
                0x08000904                QUADSPI_IRQHandler
                0x08000904                I2C1_EV_IRQHandler
                0x08000904                DMA1_Stream6_IRQHandler
                0x08000904                DMA1_Stream1_IRQHandler
                0x08000904                UART4_IRQHandler
                0x08000904                TIM3_IRQHandler
                0x08000904                RCC_IRQHandler
                0x08000904                TIM8_BRK_TIM12_IRQHandler
                0x08000904                Default_Handler
                0x08000904                CEC_IRQHandler
                0x08000904                EXTI15_10_IRQHandler
                0x08000904                ADC_IRQHandler
                0x08000904                DMA1_Stream7_IRQHandler
                0x08000904                SPI5_IRQHandler
                0x08000904                TIM7_IRQHandler
                0x08000904                SDMMC1_IRQHandler
                0x08000904                CAN2_TX_IRQHandler
                0x08000904                TIM5_IRQHandler
                0x08000904                DMA2_Stream7_IRQHandler
                0x08000904                I2C3_EV_IRQHandler
                0x08000904                EXTI9_5_IRQHandler
                0x08000904                RTC_WKUP_IRQHandler
                0x08000904                LTDC_IRQHandler
                0x08000904                ETH_WKUP_IRQHandler
                0x08000904                SPDIF_RX_IRQHandler
                0x08000904                SPI2_IRQHandler
                0x08000904                OTG_HS_EP1_IN_IRQHandler
                0x08000904                DMA1_Stream0_IRQHandler
                0x08000904                CAN1_TX_IRQHandler
                0x08000904                EXTI4_IRQHandler
                0x08000904                RNG_IRQHandler
                0x08000904                ETH_IRQHandler
                0x08000904                OTG_HS_EP1_OUT_IRQHandler
                0x08000904                WWDG_IRQHandler
                0x08000904                SPI6_IRQHandler
                0x08000904                MDIOS_IRQHandler
                0x08000904                I2C4_EV_IRQHandler
                0x08000904                CAN3_TX_IRQHandler
                0x08000904                TIM2_IRQHandler
                0x08000904                OTG_FS_WKUP_IRQHandler
                0x08000904                TIM1_TRG_COM_TIM11_IRQHandler
                0x08000904                OTG_HS_IRQHandler
                0x08000904                DMA2D_IRQHandler
                0x08000904                EXTI1_IRQHandler
                0x08000904                SDMMC2_IRQHandler
                0x08000904                UART7_IRQHandler
                0x08000904                USART2_IRQHandler
                0x08000904                DFSDM1_FLT0_IRQHandler
                0x08000904                I2C2_ER_IRQHandler
                0x08000904                DMA2_Stream1_IRQHandler
                0x08000904                CAN1_SCE_IRQHandler
                0x08000904                FLASH_IRQHandler
                0x08000904                DMA2_Stream4_IRQHandler
                0x08000904                USART1_IRQHandler
                0x08000904                OTG_FS_IRQHandler
                0x08000904                SPI3_IRQHandler
                0x08000904                DMA1_Stream4_IRQHandler
                0x08000904                I2C1_ER_IRQHandler
                0x08000904                FMC_IRQHandler
                0x08000904                LPTIM1_IRQHandler
                0x08000904                I2C4_ER_IRQHandler
                0x08000904                DMA2_Stream6_IRQHandler
                0x08000904                SAI1_IRQHandler
                0x08000904                DMA1_Stream3_IRQHandler
 *fill*         0x08000906        0x2 
 .text.HAL_InitTick
                0x08000908       0x48 CMakeFiles/BSP.dir/Drivers/STM32F7xx_HAL_Driver/Src/stm32f7xx_hal.c.obj
                0x08000908                HAL_InitTick
 .text.HAL_Init
                0x08000950       0x18 CMakeFiles/BSP.dir/Drivers/STM32F7xx_HAL_Driver/Src/stm32f7xx_hal.c.obj
                0x08000950                HAL_Init
 .text.HAL_IncTick
                0x08000968       0x18 CMakeFiles/BSP.dir/Drivers/STM32F7xx_HAL_Driver/Src/stm32f7xx_hal.c.obj
                0x08000968                HAL_IncTick
 .text.HAL_GetTick
                0x08000980        0xc CMakeFiles/BSP.dir/Drivers/STM32F7xx_HAL_Driver/Src/stm32f7xx_hal.c.obj
                0x08000980                HAL_GetTick
 .text.HAL_Delay
                0x0800098c       0x24 CMakeFiles/BSP.dir/Drivers/STM32F7xx_HAL_Driver/Src/stm32f7xx_hal.c.obj
                0x0800098c                HAL_Delay
 .text.HAL_NVIC_SetPriorityGrouping
                0x080009b0       0x24 CMakeFiles/BSP.dir/Drivers/STM32F7xx_HAL_Driver/Src/stm32f7xx_hal_cortex.c.obj
                0x080009b0                HAL_NVIC_SetPriorityGrouping
 .text.HAL_NVIC_SetPriority
                0x080009d4       0x7c CMakeFiles/BSP.dir/Drivers/STM32F7xx_HAL_Driver/Src/stm32f7xx_hal_cortex.c.obj
                0x080009d4                HAL_NVIC_SetPriority
 .text.HAL_SYSTICK_Config
                0x08000a50       0x2c CMakeFiles/BSP.dir/Drivers/STM32F7xx_HAL_Driver/Src/stm32f7xx_hal_cortex.c.obj
                0x08000a50                HAL_SYSTICK_Config
 .text.HAL_GPIO_Init
                0x08000a7c      0x268 CMakeFiles/BSP.dir/Drivers/STM32F7xx_HAL_Driver/Src/stm32f7xx_hal_gpio.c.obj
                0x08000a7c                HAL_GPIO_Init
 .text.HAL_RCC_OscConfig
                0x08000ce4      0x3ec CMakeFiles/BSP.dir/Drivers/STM32F7xx_HAL_Driver/Src/stm32f7xx_hal_rcc.c.obj
                0x08000ce4                HAL_RCC_OscConfig
 .text.HAL_RCC_ClockConfig
                0x080010d0      0x1a8 CMakeFiles/BSP.dir/Drivers/STM32F7xx_HAL_Driver/Src/stm32f7xx_hal_rcc.c.obj
                0x080010d0                HAL_RCC_ClockConfig
 .text.HAL_RCC_GetSysClockFreq
                0x08001278       0x68 CMakeFiles/BSP.dir/Drivers/STM32F7xx_HAL_Driver/Src/stm32f7xx_hal_rcc.c.obj
                0x08001278                HAL_RCC_GetSysClockFreq
 .text.HAL_RCC_GetPCLK1Freq
                0x080012e0       0x20 CMakeFiles/BSP.dir/Drivers/STM32F7xx_HAL_Driver/Src/stm32f7xx_hal_rcc.c.obj
                0x080012e0                HAL_RCC_GetPCLK1Freq
 .text.HAL_RCC_GetPCLK2Freq
                0x08001300       0x20 CMakeFiles/BSP.dir/Drivers/STM32F7xx_HAL_Driver/Src/stm32f7xx_hal_rcc.c.obj
                0x08001300                HAL_RCC_GetPCLK2Freq
 .text.HAL_RCCEx_PeriphCLKConfig
                0x08001320      0x574 CMakeFiles/BSP.dir/Drivers/STM32F7xx_HAL_Driver/Src/stm32f7xx_hal_rcc_ex.c.obj
                0x08001320                HAL_RCCEx_PeriphCLKConfig
 .text.UART_SetConfig
                0x08001894      0x2d4 CMakeFiles/BSP.dir/Drivers/STM32F7xx_HAL_Driver/Src/stm32f7xx_hal_uart.c.obj
                0x08001894                UART_SetConfig
 .text.UART_AdvFeatureConfig
                0x08001b68       0xb0 CMakeFiles/BSP.dir/Drivers/STM32F7xx_HAL_Driver/Src/stm32f7xx_hal_uart.c.obj
                0x08001b68                UART_AdvFeatureConfig
 .text.UART_WaitOnFlagUntilTimeout
                0x08001c18       0xec CMakeFiles/BSP.dir/Drivers/STM32F7xx_HAL_Driver/Src/stm32f7xx_hal_uart.c.obj
                0x08001c18                UART_WaitOnFlagUntilTimeout
 .text.HAL_UART_Transmit
                0x08001d04      0x178 CMakeFiles/BSP.dir/Drivers/STM32F7xx_HAL_Driver/Src/stm32f7xx_hal_uart.c.obj
                0x08001d04                HAL_UART_Transmit
 .text.HAL_UART_Init
                0x08001e7c       0xd4 CMakeFiles/BSP.dir/Drivers/STM32F7xx_HAL_Driver/Src/stm32f7xx_hal_uart.c.obj
                0x08001e7c                HAL_UART_Init
 .text.__libc_init_array
                0x08001f50       0x48 c:/sysgcc/arm-eabi/bin/../lib/gcc/arm-none-eabi/10.3.1/../../../../arm-none-eabi/lib/thumb/v7e-m+dp/hard\libg.a(lib_a-init.o)
                0x08001f50                __libc_init_array
 .text.memset   0x08001f98       0xa4 c:/sysgcc/arm-eabi/bin/../lib/gcc/arm-none-eabi/10.3.1/../../../../arm-none-eabi/lib/thumb/v7e-m+dp/hard\libg.a(lib_a-memset.o)
                0x08001f98                memset
 .text.startup.register_fini
                0x0800203c       0x14 c:/sysgcc/arm-eabi/bin/../lib/gcc/arm-none-eabi/10.3.1/../../../../arm-none-eabi/lib/thumb/v7e-m+dp/hard\libg.a(lib_a-__call_atexit.o)
 .text.atexit   0x08002050        0xc c:/sysgcc/arm-eabi/bin/../lib/gcc/arm-none-eabi/10.3.1/../../../../arm-none-eabi/lib/thumb/v7e-m+dp/hard\libg.a(lib_a-atexit.o)
                0x08002050                atexit
 .text.__libc_fini_array
                0x0800205c       0x2c c:/sysgcc/arm-eabi/bin/../lib/gcc/arm-none-eabi/10.3.1/../../../../arm-none-eabi/lib/thumb/v7e-m+dp/hard\libg.a(lib_a-fini.o)
                0x0800205c                __libc_fini_array
 .text.__retarget_lock_acquire_recursive
                0x08002088        0x4 c:/sysgcc/arm-eabi/bin/../lib/gcc/arm-none-eabi/10.3.1/../../../../arm-none-eabi/lib/thumb/v7e-m+dp/hard\libg.a(lib_a-lock.o)
                0x08002088                __retarget_lock_acquire_recursive
 .text.__retarget_lock_release_recursive
                0x0800208c        0x4 c:/sysgcc/arm-eabi/bin/../lib/gcc/arm-none-eabi/10.3.1/../../../../arm-none-eabi/lib/thumb/v7e-m+dp/hard\libg.a(lib_a-lock.o)
                0x0800208c                __retarget_lock_release_recursive
 .text.__register_exitproc
                0x08002090       0x8c c:/sysgcc/arm-eabi/bin/../lib/gcc/arm-none-eabi/10.3.1/../../../../arm-none-eabi/lib/thumb/v7e-m+dp/hard\libg.a(lib_a-__atexit.o)
                0x08002090                __register_exitproc
 *(.glue_7)
 .glue_7        0x0800211c        0x0 linker stubs
 *(.glue_7t)
 .glue_7t       0x0800211c        0x0 linker stubs
 *(.eh_frame)
 .eh_frame      0x0800211c        0x0 c:/sysgcc/arm-eabi/bin/../lib/gcc/arm-none-eabi/10.3.1/thumb/v7e-m+dp/hard/crtbegin.o
 *(.init)
 .init          0x0800211c        0x4 c:/sysgcc/arm-eabi/bin/../lib/gcc/arm-none-eabi/10.3.1/thumb/v7e-m+dp/hard/crti.o
                0x0800211c                _init
 .init          0x08002120        0x8 c:/sysgcc/arm-eabi/bin/../lib/gcc/arm-none-eabi/10.3.1/thumb/v7e-m+dp/hard/crtn.o
 *(.fini)
 .fini          0x08002128        0x4 c:/sysgcc/arm-eabi/bin/../lib/gcc/arm-none-eabi/10.3.1/thumb/v7e-m+dp/hard/crti.o
                0x08002128                _fini
 .fini          0x0800212c        0x8 c:/sysgcc/arm-eabi/bin/../lib/gcc/arm-none-eabi/10.3.1/thumb/v7e-m+dp/hard/crtn.o
                0x08002134                . = ALIGN (0x4)
                0x08002134                _etext = .

.vfp11_veneer   0x08002134        0x0
 .vfp11_veneer  0x08002134        0x0 linker stubs

.v4_bx          0x08002134        0x0
 .v4_bx         0x08002134        0x0 linker stubs

.iplt           0x08002134        0x0
 .iplt          0x08002134        0x0 c:/sysgcc/arm-eabi/bin/../lib/gcc/arm-none-eabi/10.3.1/thumb/v7e-m+dp/hard/crtbegin.o

.rodata         0x08002134       0x30
                0x08002134                . = ALIGN (0x4)
 *(.rodata)
 *(.rodata*)
 .rodata.AHBPrescTable
                0x08002134       0x10 CMakeFiles/BSP.dir/Core/Src/system_stm32f7xx.c.obj
                0x08002134                AHBPrescTable
 .rodata.APBPrescTable
                0x08002144        0x8 CMakeFiles/BSP.dir/Core/Src/system_stm32f7xx.c.obj
                0x08002144                APBPrescTable
 .rodata.CSWTCH.54
                0x0800214c        0x3 CMakeFiles/BSP.dir/Drivers/STM32F7xx_HAL_Driver/Src/stm32f7xx_hal_uart.c.obj
 *fill*         0x0800214f        0x1 
 .rodata.CSWTCH.55
                0x08002150        0xd CMakeFiles/BSP.dir/Drivers/STM32F7xx_HAL_Driver/Src/stm32f7xx_hal_uart.c.obj
 *fill*         0x0800215d        0x3 
 .rodata._global_impure_ptr
                0x08002160        0x4 c:/sysgcc/arm-eabi/bin/../lib/gcc/arm-none-eabi/10.3.1/../../../../arm-none-eabi/lib/thumb/v7e-m+dp/hard\libg.a(lib_a-impure.o)
                0x08002160                _global_impure_ptr
                0x08002164                . = ALIGN (0x4)

.ARM.extab      0x08002164        0x0
                0x08002164                . = ALIGN (0x4)
 *(.ARM.extab* .gnu.linkonce.armextab.*)
                0x08002164                . = ALIGN (0x4)

.ARM            0x08002164        0x8
                0x08002164                . = ALIGN (0x4)
                0x08002164                __exidx_start = .
 *(.ARM.exidx*)
 .ARM.exidx     0x08002164        0x8 c:/sysgcc/arm-eabi/bin/../lib/gcc/arm-none-eabi/10.3.1/thumb/v7e-m+dp/hard\libgcc.a(_udivmoddi4.o)
                0x0800216c                __exidx_end = .
                0x0800216c                . = ALIGN (0x4)

.rel.dyn        0x0800216c        0x0
 .rel.iplt      0x0800216c        0x0 c:/sysgcc/arm-eabi/bin/../lib/gcc/arm-none-eabi/10.3.1/thumb/v7e-m+dp/hard/crtbegin.o

.preinit_array  0x0800216c        0x0
                0x0800216c                . = ALIGN (0x4)
                0x0800216c                PROVIDE (__preinit_array_start = .)
 *(.preinit_array*)
                0x0800216c                PROVIDE (__preinit_array_end = .)
                0x0800216c                . = ALIGN (0x4)

.init_array     0x0800216c        0x8
                0x0800216c                . = ALIGN (0x4)
                0x0800216c                PROVIDE (__init_array_start = .)
 *(SORT_BY_NAME(.init_array.*))
 .init_array.00000
                0x0800216c        0x4 c:/sysgcc/arm-eabi/bin/../lib/gcc/arm-none-eabi/10.3.1/../../../../arm-none-eabi/lib/thumb/v7e-m+dp/hard\libg.a(lib_a-__call_atexit.o)
 *(.init_array*)
 .init_array    0x08002170        0x4 c:/sysgcc/arm-eabi/bin/../lib/gcc/arm-none-eabi/10.3.1/thumb/v7e-m+dp/hard/crtbegin.o
                0x08002174                PROVIDE (__init_array_end = .)
                0x08002174                . = ALIGN (0x4)

.fini_array     0x08002174        0x4
                0x08002174                . = ALIGN (0x4)
                0x08002174                PROVIDE (__fini_array_start = .)
 *(SORT_BY_NAME(.fini_array.*))
 *(.fini_array*)
 .fini_array    0x08002174        0x4 c:/sysgcc/arm-eabi/bin/../lib/gcc/arm-none-eabi/10.3.1/thumb/v7e-m+dp/hard/crtbegin.o
                0x08002178                PROVIDE (__fini_array_end = .)
                0x08002178                . = ALIGN (0x4)
                0x08002178                _sidata = LOADADDR (.data)

.data           0x20000000      0x44c load address 0x08002178
                0x20000000                . = ALIGN (0x4)
                0x20000000                _sdata = .
 *(.data)
 *(.data*)
 .data.testBuffer
                0x20000000        0xd CMakeFiles/BSP.dir/Core/Src/main.c.obj
                0x20000000                testBuffer
 *fill*         0x2000000d        0x3 
 .data.SystemCoreClock
                0x20000010        0x4 CMakeFiles/BSP.dir/Core/Src/system_stm32f7xx.c.obj
                0x20000010                SystemCoreClock
 .data.uwTickFreq
                0x20000014        0x1 CMakeFiles/BSP.dir/Drivers/STM32F7xx_HAL_Driver/Src/stm32f7xx_hal.c.obj
                0x20000014                uwTickFreq
 *fill*         0x20000015        0x3 
 .data.uwTickPrio
                0x20000018        0x4 CMakeFiles/BSP.dir/Drivers/STM32F7xx_HAL_Driver/Src/stm32f7xx_hal.c.obj
                0x20000018                uwTickPrio
 *fill*         0x2000001c        0x4 
 .data.impure_data
                0x20000020      0x428 c:/sysgcc/arm-eabi/bin/../lib/gcc/arm-none-eabi/10.3.1/../../../../arm-none-eabi/lib/thumb/v7e-m+dp/hard\libg.a(lib_a-impure.o)
 .data.__atexit_recursive_mutex
                0x20000448        0x4 c:/sysgcc/arm-eabi/bin/../lib/gcc/arm-none-eabi/10.3.1/../../../../arm-none-eabi/lib/thumb/v7e-m+dp/hard\libg.a(lib_a-__call_atexit.o)
                0x20000448                __atexit_recursive_mutex
 *(.RamFunc)
 *(.RamFunc*)
                0x2000044c                . = ALIGN (0x4)
                0x2000044c                _edata = .

.igot.plt       0x2000044c        0x0 load address 0x080025c4
 .igot.plt      0x2000044c        0x0 c:/sysgcc/arm-eabi/bin/../lib/gcc/arm-none-eabi/10.3.1/thumb/v7e-m+dp/hard/crtbegin.o
                0x2000044c                . = ALIGN (0x4)

.bss            0x2000044c       0xac load address 0x080025c4
                0x2000044c                _sbss = .
                0x2000044c                __bss_start__ = _sbss
 *(.bss)
 .bss           0x2000044c       0x1c c:/sysgcc/arm-eabi/bin/../lib/gcc/arm-none-eabi/10.3.1/thumb/v7e-m+dp/hard/crtbegin.o
 *(.bss*)
 .bss.huart3    0x20000468       0x88 CMakeFiles/BSP.dir/Core/Src/usart.c.obj
                0x20000468                huart3
 .bss.uwTick    0x200004f0        0x4 CMakeFiles/BSP.dir/Drivers/STM32F7xx_HAL_Driver/Src/stm32f7xx_hal.c.obj
                0x200004f0                uwTick
 .bss.__lock___atexit_recursive_mutex
                0x200004f4        0x1 c:/sysgcc/arm-eabi/bin/../lib/gcc/arm-none-eabi/10.3.1/../../../../arm-none-eabi/lib/thumb/v7e-m+dp/hard\libg.a(lib_a-lock.o)
                0x200004f4                __lock___atexit_recursive_mutex
 *(COMMON)
                0x200004f8                . = ALIGN (0x4)
 *fill*         0x200004f5        0x3 
                0x200004f8                _ebss = .
                0x200004f8                __bss_end__ = _ebss

._user_heap_stack
                0x200004f8      0x600 load address 0x080025c4
                0x200004f8                . = ALIGN (0x8)
                [!provide]                PROVIDE (end = .)
                0x200004f8                PROVIDE (_end = .)
                0x200006f8                . = (. + _Min_Heap_Size)
 *fill*         0x200004f8      0x200 
                0x20000af8                . = (. + _Min_Stack_Size)
 *fill*         0x200006f8      0x400 
                0x20000af8                . = ALIGN (0x8)

/DISCARD/
 libc.a(*)
 libm.a(*)
 libgcc.a(*)

.ARM.attributes
                0x00000000       0x2e
 *(.ARM.attributes)
 .ARM.attributes
                0x00000000       0x1e c:/sysgcc/arm-eabi/bin/../lib/gcc/arm-none-eabi/10.3.1/thumb/v7e-m+dp/hard/crti.o
 .ARM.attributes
                0x0000001e       0x32 c:/sysgcc/arm-eabi/bin/../lib/gcc/arm-none-eabi/10.3.1/thumb/v7e-m+dp/hard/crtbegin.o
 .ARM.attributes
                0x00000050       0x32 CMakeFiles/BSP.dir/Core/Src/gpio.c.obj
 .ARM.attributes
                0x00000082       0x32 CMakeFiles/BSP.dir/Core/Src/main.c.obj
 .ARM.attributes
                0x000000b4       0x32 CMakeFiles/BSP.dir/Core/Src/stm32f7xx_hal_msp.c.obj
 .ARM.attributes
                0x000000e6       0x32 CMakeFiles/BSP.dir/Core/Src/stm32f7xx_it.c.obj
 .ARM.attributes
                0x00000118       0x32 CMakeFiles/BSP.dir/Core/Src/system_stm32f7xx.c.obj
 .ARM.attributes
                0x0000014a       0x32 CMakeFiles/BSP.dir/Core/Src/usart.c.obj
 .ARM.attributes
                0x0000017c       0x21 CMakeFiles/BSP.dir/Core/Startup/startup_stm32f767zitx.s.obj
 .ARM.attributes
                0x0000019d       0x32 CMakeFiles/BSP.dir/Drivers/STM32F7xx_HAL_Driver/Src/stm32f7xx_hal.c.obj
 .ARM.attributes
                0x000001cf       0x32 CMakeFiles/BSP.dir/Drivers/STM32F7xx_HAL_Driver/Src/stm32f7xx_hal_cortex.c.obj
 .ARM.attributes
                0x00000201       0x32 CMakeFiles/BSP.dir/Drivers/STM32F7xx_HAL_Driver/Src/stm32f7xx_hal_gpio.c.obj
 .ARM.attributes
                0x00000233       0x32 CMakeFiles/BSP.dir/Drivers/STM32F7xx_HAL_Driver/Src/stm32f7xx_hal_rcc.c.obj
 .ARM.attributes
                0x00000265       0x32 CMakeFiles/BSP.dir/Drivers/STM32F7xx_HAL_Driver/Src/stm32f7xx_hal_rcc_ex.c.obj
 .ARM.attributes
                0x00000297       0x32 CMakeFiles/BSP.dir/Drivers/STM32F7xx_HAL_Driver/Src/stm32f7xx_hal_uart.c.obj
 .ARM.attributes
                0x000002c9       0x1e c:/sysgcc/arm-eabi/bin/../lib/gcc/arm-none-eabi/10.3.1/thumb/v7e-m+dp/hard\libgcc.a(_aeabi_uldivmod.o)
 .ARM.attributes
                0x000002e7       0x32 c:/sysgcc/arm-eabi/bin/../lib/gcc/arm-none-eabi/10.3.1/thumb/v7e-m+dp/hard\libgcc.a(_udivmoddi4.o)
 .ARM.attributes
                0x00000319       0x1e c:/sysgcc/arm-eabi/bin/../lib/gcc/arm-none-eabi/10.3.1/thumb/v7e-m+dp/hard\libgcc.a(_dvmd_tls.o)
 .ARM.attributes
                0x00000337       0x30 c:/sysgcc/arm-eabi/bin/../lib/gcc/arm-none-eabi/10.3.1/../../../../arm-none-eabi/lib/thumb/v7e-m+dp/hard\libg.a(lib_a-impure.o)
 .ARM.attributes
                0x00000367       0x32 c:/sysgcc/arm-eabi/bin/../lib/gcc/arm-none-eabi/10.3.1/../../../../arm-none-eabi/lib/thumb/v7e-m+dp/hard\libg.a(lib_a-init.o)
 .ARM.attributes
                0x00000399       0x32 c:/sysgcc/arm-eabi/bin/../lib/gcc/arm-none-eabi/10.3.1/../../../../arm-none-eabi/lib/thumb/v7e-m+dp/hard\libg.a(lib_a-memset.o)
 .ARM.attributes
                0x000003cb       0x32 c:/sysgcc/arm-eabi/bin/../lib/gcc/arm-none-eabi/10.3.1/../../../../arm-none-eabi/lib/thumb/v7e-m+dp/hard\libg.a(lib_a-__call_atexit.o)
 .ARM.attributes
                0x000003fd       0x32 c:/sysgcc/arm-eabi/bin/../lib/gcc/arm-none-eabi/10.3.1/../../../../arm-none-eabi/lib/thumb/v7e-m+dp/hard\libg.a(lib_a-atexit.o)
 .ARM.attributes
                0x0000042f       0x32 c:/sysgcc/arm-eabi/bin/../lib/gcc/arm-none-eabi/10.3.1/../../../../arm-none-eabi/lib/thumb/v7e-m+dp/hard\libg.a(lib_a-fini.o)
 .ARM.attributes
                0x00000461       0x32 c:/sysgcc/arm-eabi/bin/../lib/gcc/arm-none-eabi/10.3.1/../../../../arm-none-eabi/lib/thumb/v7e-m+dp/hard\libg.a(lib_a-lock.o)
 .ARM.attributes
                0x00000493       0x32 c:/sysgcc/arm-eabi/bin/../lib/gcc/arm-none-eabi/10.3.1/../../../../arm-none-eabi/lib/thumb/v7e-m+dp/hard\libg.a(lib_a-__atexit.o)
 .ARM.attributes
                0x000004c5       0x1e c:/sysgcc/arm-eabi/bin/../lib/gcc/arm-none-eabi/10.3.1/thumb/v7e-m+dp/hard/crtn.o
OUTPUT(UART_TX_RX_Test elf32-littlearm)
LOAD linker stubs
LOAD c:/sysgcc/arm-eabi/bin/../lib/gcc/arm-none-eabi/10.3.1/../../../../arm-none-eabi/lib/thumb/v7e-m+dp/hard\libc.a
LOAD c:/sysgcc/arm-eabi/bin/../lib/gcc/arm-none-eabi/10.3.1/../../../../arm-none-eabi/lib/thumb/v7e-m+dp/hard\libm.a
LOAD c:/sysgcc/arm-eabi/bin/../lib/gcc/arm-none-eabi/10.3.1/thumb/v7e-m+dp/hard\libgcc.a

.debug_info     0x00000000     0xcadd
 .debug_info    0x00000000      0x59f CMakeFiles/BSP.dir/Core/Src/gpio.c.obj
 .debug_info    0x0000059f      0xc81 CMakeFiles/BSP.dir/Core/Src/main.c.obj
 .debug_info    0x00001220      0x2ce CMakeFiles/BSP.dir/Core/Src/stm32f7xx_hal_msp.c.obj
 .debug_info    0x000014ee      0x125 CMakeFiles/BSP.dir/Core/Src/stm32f7xx_it.c.obj
 .debug_info    0x00001613      0x745 CMakeFiles/BSP.dir/Core/Src/system_stm32f7xx.c.obj
 .debug_info    0x00001d58      0xd9c CMakeFiles/BSP.dir/Core/Src/usart.c.obj
 .debug_info    0x00002af4      0xb2d CMakeFiles/BSP.dir/Drivers/STM32F7xx_HAL_Driver/Src/stm32f7xx_hal.c.obj
 .debug_info    0x00003621     0x131d CMakeFiles/BSP.dir/Drivers/STM32F7xx_HAL_Driver/Src/stm32f7xx_hal_cortex.c.obj
 .debug_info    0x0000493e      0x7ee CMakeFiles/BSP.dir/Drivers/STM32F7xx_HAL_Driver/Src/stm32f7xx_hal_gpio.c.obj
 .debug_info    0x0000512c      0xd38 CMakeFiles/BSP.dir/Drivers/STM32F7xx_HAL_Driver/Src/stm32f7xx_hal_rcc.c.obj
 .debug_info    0x00005e64      0x8c0 CMakeFiles/BSP.dir/Drivers/STM32F7xx_HAL_Driver/Src/stm32f7xx_hal_rcc_ex.c.obj
 .debug_info    0x00006724     0x63b9 CMakeFiles/BSP.dir/Drivers/STM32F7xx_HAL_Driver/Src/stm32f7xx_hal_uart.c.obj

.debug_abbrev   0x00000000     0x1949
 .debug_abbrev  0x00000000      0x13e CMakeFiles/BSP.dir/Core/Src/gpio.c.obj
 .debug_abbrev  0x0000013e      0x25a CMakeFiles/BSP.dir/Core/Src/main.c.obj
 .debug_abbrev  0x00000398       0xd2 CMakeFiles/BSP.dir/Core/Src/stm32f7xx_hal_msp.c.obj
 .debug_abbrev  0x0000046a       0xb8 CMakeFiles/BSP.dir/Core/Src/stm32f7xx_it.c.obj
 .debug_abbrev  0x00000522      0x13c CMakeFiles/BSP.dir/Core/Src/system_stm32f7xx.c.obj
 .debug_abbrev  0x0000065e      0x1fd CMakeFiles/BSP.dir/Core/Src/usart.c.obj
 .debug_abbrev  0x0000085b      0x26b CMakeFiles/BSP.dir/Drivers/STM32F7xx_HAL_Driver/Src/stm32f7xx_hal.c.obj
 .debug_abbrev  0x00000ac6      0x363 CMakeFiles/BSP.dir/Drivers/STM32F7xx_HAL_Driver/Src/stm32f7xx_hal_cortex.c.obj
 .debug_abbrev  0x00000e29      0x204 CMakeFiles/BSP.dir/Drivers/STM32F7xx_HAL_Driver/Src/stm32f7xx_hal_gpio.c.obj
 .debug_abbrev  0x0000102d      0x31d CMakeFiles/BSP.dir/Drivers/STM32F7xx_HAL_Driver/Src/stm32f7xx_hal_rcc.c.obj
 .debug_abbrev  0x0000134a      0x1d4 CMakeFiles/BSP.dir/Drivers/STM32F7xx_HAL_Driver/Src/stm32f7xx_hal_rcc_ex.c.obj
 .debug_abbrev  0x0000151e      0x42b CMakeFiles/BSP.dir/Drivers/STM32F7xx_HAL_Driver/Src/stm32f7xx_hal_uart.c.obj

.debug_aranges  0x00000000      0x5c8
 .debug_aranges
                0x00000000       0x20 CMakeFiles/BSP.dir/Core/Src/gpio.c.obj
 .debug_aranges
                0x00000020       0x30 CMakeFiles/BSP.dir/Core/Src/main.c.obj
 .debug_aranges
                0x00000050       0x20 CMakeFiles/BSP.dir/Core/Src/stm32f7xx_hal_msp.c.obj
 .debug_aranges
                0x00000070       0x50 CMakeFiles/BSP.dir/Core/Src/stm32f7xx_it.c.obj
 .debug_aranges
                0x000000c0       0x28 CMakeFiles/BSP.dir/Core/Src/system_stm32f7xx.c.obj
 .debug_aranges
                0x000000e8       0x30 CMakeFiles/BSP.dir/Core/Src/usart.c.obj
 .debug_aranges
                0x00000118      0x108 CMakeFiles/BSP.dir/Drivers/STM32F7xx_HAL_Driver/Src/stm32f7xx_hal.c.obj
 .debug_aranges
                0x00000220       0xa8 CMakeFiles/BSP.dir/Drivers/STM32F7xx_HAL_Driver/Src/stm32f7xx_hal_cortex.c.obj
 .debug_aranges
                0x000002c8       0x58 CMakeFiles/BSP.dir/Drivers/STM32F7xx_HAL_Driver/Src/stm32f7xx_hal_gpio.c.obj
 .debug_aranges
                0x00000320       0x88 CMakeFiles/BSP.dir/Drivers/STM32F7xx_HAL_Driver/Src/stm32f7xx_hal_rcc.c.obj
 .debug_aranges
                0x000003a8       0x50 CMakeFiles/BSP.dir/Drivers/STM32F7xx_HAL_Driver/Src/stm32f7xx_hal_rcc_ex.c.obj
 .debug_aranges
                0x000003f8      0x1d0 CMakeFiles/BSP.dir/Drivers/STM32F7xx_HAL_Driver/Src/stm32f7xx_hal_uart.c.obj

.debug_ranges   0x00000000      0xd70
 .debug_ranges  0x00000000       0x28 CMakeFiles/BSP.dir/Core/Src/gpio.c.obj
 .debug_ranges  0x00000028       0xb0 CMakeFiles/BSP.dir/Core/Src/main.c.obj
 .debug_ranges  0x000000d8       0x28 CMakeFiles/BSP.dir/Core/Src/stm32f7xx_hal_msp.c.obj
 .debug_ranges  0x00000100       0x40 CMakeFiles/BSP.dir/Core/Src/stm32f7xx_it.c.obj
 .debug_ranges  0x00000140       0x18 CMakeFiles/BSP.dir/Core/Src/system_stm32f7xx.c.obj
 .debug_ranges  0x00000158       0x58 CMakeFiles/BSP.dir/Core/Src/usart.c.obj
 .debug_ranges  0x000001b0       0xf8 CMakeFiles/BSP.dir/Drivers/STM32F7xx_HAL_Driver/Src/stm32f7xx_hal.c.obj
 .debug_ranges  0x000002a8      0x150 CMakeFiles/BSP.dir/Drivers/STM32F7xx_HAL_Driver/Src/stm32f7xx_hal_cortex.c.obj
 .debug_ranges  0x000003f8       0x70 CMakeFiles/BSP.dir/Drivers/STM32F7xx_HAL_Driver/Src/stm32f7xx_hal_gpio.c.obj
 .debug_ranges  0x00000468      0x188 CMakeFiles/BSP.dir/Drivers/STM32F7xx_HAL_Driver/Src/stm32f7xx_hal_rcc.c.obj
 .debug_ranges  0x000005f0       0x58 CMakeFiles/BSP.dir/Drivers/STM32F7xx_HAL_Driver/Src/stm32f7xx_hal_rcc_ex.c.obj
 .debug_ranges  0x00000648      0x728 CMakeFiles/BSP.dir/Drivers/STM32F7xx_HAL_Driver/Src/stm32f7xx_hal_uart.c.obj

.debug_macro    0x00000000    0x25fdd
 .debug_macro   0x00000000      0x1e3 CMakeFiles/BSP.dir/Core/Src/gpio.c.obj
 .debug_macro   0x000001e3      0xa8a CMakeFiles/BSP.dir/Core/Src/gpio.c.obj
 .debug_macro   0x00000c6d      0x28d CMakeFiles/BSP.dir/Core/Src/gpio.c.obj
 .debug_macro   0x00000efa       0x2e CMakeFiles/BSP.dir/Core/Src/gpio.c.obj
 .debug_macro   0x00000f28       0x3b CMakeFiles/BSP.dir/Core/Src/gpio.c.obj
 .debug_macro   0x00000f63       0x22 CMakeFiles/BSP.dir/Core/Src/gpio.c.obj
 .debug_macro   0x00000f85       0x8e CMakeFiles/BSP.dir/Core/Src/gpio.c.obj
 .debug_macro   0x00001013       0x51 CMakeFiles/BSP.dir/Core/Src/gpio.c.obj
 .debug_macro   0x00001064      0x103 CMakeFiles/BSP.dir/Core/Src/gpio.c.obj
 .debug_macro   0x00001167       0x6a CMakeFiles/BSP.dir/Core/Src/gpio.c.obj
 .debug_macro   0x000011d1      0x1df CMakeFiles/BSP.dir/Core/Src/gpio.c.obj
 .debug_macro   0x000013b0       0x1c CMakeFiles/BSP.dir/Core/Src/gpio.c.obj
 .debug_macro   0x000013cc       0x22 CMakeFiles/BSP.dir/Core/Src/gpio.c.obj
 .debug_macro   0x000013ee       0xd9 CMakeFiles/BSP.dir/Core/Src/gpio.c.obj
 .debug_macro   0x000014c7     0x12cd CMakeFiles/BSP.dir/Core/Src/gpio.c.obj
 .debug_macro   0x00002794      0x11f CMakeFiles/BSP.dir/Core/Src/gpio.c.obj
 .debug_macro   0x000028b3       0x19 CMakeFiles/BSP.dir/Core/Src/gpio.c.obj
 .debug_macro   0x000028cc    0x1aa0d CMakeFiles/BSP.dir/Core/Src/gpio.c.obj
 .debug_macro   0x0001d2d9       0x6d CMakeFiles/BSP.dir/Core/Src/gpio.c.obj
 .debug_macro   0x0001d346     0x3749 CMakeFiles/BSP.dir/Core/Src/gpio.c.obj
 .debug_macro   0x00020a8f      0x174 CMakeFiles/BSP.dir/Core/Src/gpio.c.obj
 .debug_macro   0x00020c03       0x63 CMakeFiles/BSP.dir/Core/Src/gpio.c.obj
 .debug_macro   0x00020c66     0x1add CMakeFiles/BSP.dir/Core/Src/gpio.c.obj
 .debug_macro   0x00022743      0x6c4 CMakeFiles/BSP.dir/Core/Src/gpio.c.obj
 .debug_macro   0x00022e07      0x18b CMakeFiles/BSP.dir/Core/Src/gpio.c.obj
 .debug_macro   0x00022f92      0x115 CMakeFiles/BSP.dir/Core/Src/gpio.c.obj
 .debug_macro   0x000230a7      0x26e CMakeFiles/BSP.dir/Core/Src/gpio.c.obj
 .debug_macro   0x00023315       0xa5 CMakeFiles/BSP.dir/Core/Src/gpio.c.obj
 .debug_macro   0x000233ba      0x24f CMakeFiles/BSP.dir/Core/Src/gpio.c.obj
 .debug_macro   0x00023609       0x71 CMakeFiles/BSP.dir/Core/Src/gpio.c.obj
 .debug_macro   0x0002367a       0x58 CMakeFiles/BSP.dir/Core/Src/gpio.c.obj
 .debug_macro   0x000236d2      0x236 CMakeFiles/BSP.dir/Core/Src/gpio.c.obj
 .debug_macro   0x00023908      0x14e CMakeFiles/BSP.dir/Core/Src/gpio.c.obj
 .debug_macro   0x00023a56      0x3db CMakeFiles/BSP.dir/Core/Src/gpio.c.obj
 .debug_macro   0x00023e31       0x12 CMakeFiles/BSP.dir/Core/Src/gpio.c.obj
 .debug_macro   0x00023e43      0x22c CMakeFiles/BSP.dir/Core/Src/gpio.c.obj
 .debug_macro   0x0002406f       0x61 CMakeFiles/BSP.dir/Core/Src/gpio.c.obj
 .debug_macro   0x000240d0       0xa5 CMakeFiles/BSP.dir/Core/Src/gpio.c.obj
 .debug_macro   0x00024175      0x12e CMakeFiles/BSP.dir/Core/Src/gpio.c.obj
 .debug_macro   0x000242a3      0x108 CMakeFiles/BSP.dir/Core/Src/gpio.c.obj
 .debug_macro   0x000243ab       0x35 CMakeFiles/BSP.dir/Core/Src/gpio.c.obj
 .debug_macro   0x000243e0      0x5ba CMakeFiles/BSP.dir/Core/Src/gpio.c.obj
 .debug_macro   0x0002499a       0x44 CMakeFiles/BSP.dir/Core/Src/gpio.c.obj
 .debug_macro   0x000249de      0x15b CMakeFiles/BSP.dir/Core/Src/gpio.c.obj
 .debug_macro   0x00024b39      0x1f1 CMakeFiles/BSP.dir/Core/Src/main.c.obj
 .debug_macro   0x00024d2a      0x1d9 CMakeFiles/BSP.dir/Core/Src/stm32f7xx_hal_msp.c.obj
 .debug_macro   0x00024f03      0x1e3 CMakeFiles/BSP.dir/Core/Src/stm32f7xx_it.c.obj
 .debug_macro   0x000250e6      0x1cf CMakeFiles/BSP.dir/Core/Src/system_stm32f7xx.c.obj
 .debug_macro   0x000252b5      0x1e3 CMakeFiles/BSP.dir/Core/Src/usart.c.obj
 .debug_macro   0x00025498      0x1f3 CMakeFiles/BSP.dir/Drivers/STM32F7xx_HAL_Driver/Src/stm32f7xx_hal.c.obj
 .debug_macro   0x0002568b      0x1cf CMakeFiles/BSP.dir/Drivers/STM32F7xx_HAL_Driver/Src/stm32f7xx_hal_cortex.c.obj
 .debug_macro   0x0002585a      0x1d5 CMakeFiles/BSP.dir/Drivers/STM32F7xx_HAL_Driver/Src/stm32f7xx_hal_gpio.c.obj
 .debug_macro   0x00025a2f      0x1f3 CMakeFiles/BSP.dir/Drivers/STM32F7xx_HAL_Driver/Src/stm32f7xx_hal_rcc.c.obj
 .debug_macro   0x00025c22      0x1cf CMakeFiles/BSP.dir/Drivers/STM32F7xx_HAL_Driver/Src/stm32f7xx_hal_rcc_ex.c.obj
 .debug_macro   0x00025df1      0x1ec CMakeFiles/BSP.dir/Drivers/STM32F7xx_HAL_Driver/Src/stm32f7xx_hal_uart.c.obj

.debug_line     0x00000000     0xb6e4
 .debug_line    0x00000000      0x5a7 CMakeFiles/BSP.dir/Core/Src/gpio.c.obj
 .debug_line    0x000005a7      0x66c CMakeFiles/BSP.dir/Core/Src/main.c.obj
 .debug_line    0x00000c13      0x4e0 CMakeFiles/BSP.dir/Core/Src/stm32f7xx_hal_msp.c.obj
 .debug_line    0x000010f3      0x5a3 CMakeFiles/BSP.dir/Core/Src/stm32f7xx_it.c.obj
 .debug_line    0x00001696      0x55f CMakeFiles/BSP.dir/Core/Src/system_stm32f7xx.c.obj
 .debug_line    0x00001bf5      0x5f7 CMakeFiles/BSP.dir/Core/Src/usart.c.obj
 .debug_line    0x000021ec      0x8c2 CMakeFiles/BSP.dir/Drivers/STM32F7xx_HAL_Driver/Src/stm32f7xx_hal.c.obj
 .debug_line    0x00002aae      0xadd CMakeFiles/BSP.dir/Drivers/STM32F7xx_HAL_Driver/Src/stm32f7xx_hal_cortex.c.obj
 .debug_line    0x0000358b      0xb2c CMakeFiles/BSP.dir/Drivers/STM32F7xx_HAL_Driver/Src/stm32f7xx_hal_gpio.c.obj
 .debug_line    0x000040b7     0x11a2 CMakeFiles/BSP.dir/Drivers/STM32F7xx_HAL_Driver/Src/stm32f7xx_hal_rcc.c.obj
 .debug_line    0x00005259      0xe2b CMakeFiles/BSP.dir/Drivers/STM32F7xx_HAL_Driver/Src/stm32f7xx_hal_rcc_ex.c.obj
 .debug_line    0x00006084     0x5660 CMakeFiles/BSP.dir/Drivers/STM32F7xx_HAL_Driver/Src/stm32f7xx_hal_uart.c.obj

.debug_str      0x00000000    0xecf6a
 .debug_str     0x00000000    0xea7aa CMakeFiles/BSP.dir/Core/Src/gpio.c.obj
                              0xeae68 (size before relaxing)
 .debug_str     0x000ea7aa      0x667 CMakeFiles/BSP.dir/Core/Src/main.c.obj
                              0xeb490 (size before relaxing)
 .debug_str     0x000eae11       0x32 CMakeFiles/BSP.dir/Core/Src/stm32f7xx_hal_msp.c.obj
                              0xeadd9 (size before relaxing)
 .debug_str     0x000eae43       0xcf CMakeFiles/BSP.dir/Core/Src/stm32f7xx_it.c.obj
                              0xead42 (size before relaxing)
 .debug_str     0x000eaf12      0x1aa CMakeFiles/BSP.dir/Core/Src/system_stm32f7xx.c.obj
                              0xeaf52 (size before relaxing)
 .debug_str     0x000eb0bc      0x306 CMakeFiles/BSP.dir/Core/Src/usart.c.obj
                              0xeb669 (size before relaxing)
 .debug_str     0x000eb3c2      0xa8c CMakeFiles/BSP.dir/Drivers/STM32F7xx_HAL_Driver/Src/stm32f7xx_hal.c.obj
                              0xeb988 (size before relaxing)
 .debug_str     0x000ebe4e      0x35a CMakeFiles/BSP.dir/Drivers/STM32F7xx_HAL_Driver/Src/stm32f7xx_hal_cortex.c.obj
                              0xeb942 (size before relaxing)
 .debug_str     0x000ec1a8      0x147 CMakeFiles/BSP.dir/Drivers/STM32F7xx_HAL_Driver/Src/stm32f7xx_hal_gpio.c.obj
                              0xeb010 (size before relaxing)
 .debug_str     0x000ec2ef      0x277 CMakeFiles/BSP.dir/Drivers/STM32F7xx_HAL_Driver/Src/stm32f7xx_hal_rcc.c.obj
                              0xeb2de (size before relaxing)
 .debug_str     0x000ec566      0x155 CMakeFiles/BSP.dir/Drivers/STM32F7xx_HAL_Driver/Src/stm32f7xx_hal_rcc_ex.c.obj
                              0xeb230 (size before relaxing)
 .debug_str     0x000ec6bb      0x8af CMakeFiles/BSP.dir/Drivers/STM32F7xx_HAL_Driver/Src/stm32f7xx_hal_uart.c.obj
                              0xebc1b (size before relaxing)

.comment        0x00000000       0x49
 .comment       0x00000000       0x49 CMakeFiles/BSP.dir/Core/Src/gpio.c.obj
                                 0x4a (size before relaxing)
 .comment       0x00000049       0x4a CMakeFiles/BSP.dir/Core/Src/main.c.obj
 .comment       0x00000049       0x4a CMakeFiles/BSP.dir/Core/Src/stm32f7xx_hal_msp.c.obj
 .comment       0x00000049       0x4a CMakeFiles/BSP.dir/Core/Src/stm32f7xx_it.c.obj
 .comment       0x00000049       0x4a CMakeFiles/BSP.dir/Core/Src/system_stm32f7xx.c.obj
 .comment       0x00000049       0x4a CMakeFiles/BSP.dir/Core/Src/usart.c.obj
 .comment       0x00000049       0x4a CMakeFiles/BSP.dir/Drivers/STM32F7xx_HAL_Driver/Src/stm32f7xx_hal.c.obj
 .comment       0x00000049       0x4a CMakeFiles/BSP.dir/Drivers/STM32F7xx_HAL_Driver/Src/stm32f7xx_hal_cortex.c.obj
 .comment       0x00000049       0x4a CMakeFiles/BSP.dir/Drivers/STM32F7xx_HAL_Driver/Src/stm32f7xx_hal_gpio.c.obj
 .comment       0x00000049       0x4a CMakeFiles/BSP.dir/Drivers/STM32F7xx_HAL_Driver/Src/stm32f7xx_hal_rcc.c.obj
 .comment       0x00000049       0x4a CMakeFiles/BSP.dir/Drivers/STM32F7xx_HAL_Driver/Src/stm32f7xx_hal_rcc_ex.c.obj
 .comment       0x00000049       0x4a CMakeFiles/BSP.dir/Drivers/STM32F7xx_HAL_Driver/Src/stm32f7xx_hal_uart.c.obj

.debug_frame    0x00000000     0x11cc
 .debug_frame   0x00000000       0x34 CMakeFiles/BSP.dir/Core/Src/gpio.c.obj
 .debug_frame   0x00000034       0x5c CMakeFiles/BSP.dir/Core/Src/main.c.obj
 .debug_frame   0x00000090       0x28 CMakeFiles/BSP.dir/Core/Src/stm32f7xx_hal_msp.c.obj
 .debug_frame   0x000000b8       0xa0 CMakeFiles/BSP.dir/Core/Src/stm32f7xx_it.c.obj
 .debug_frame   0x00000158       0x30 CMakeFiles/BSP.dir/Core/Src/system_stm32f7xx.c.obj
 .debug_frame   0x00000188       0x64 CMakeFiles/BSP.dir/Core/Src/usart.c.obj
 .debug_frame   0x000001ec      0x230 CMakeFiles/BSP.dir/Drivers/STM32F7xx_HAL_Driver/Src/stm32f7xx_hal.c.obj
 .debug_frame   0x0000041c      0x158 CMakeFiles/BSP.dir/Drivers/STM32F7xx_HAL_Driver/Src/stm32f7xx_hal_cortex.c.obj
 .debug_frame   0x00000574       0xd8 CMakeFiles/BSP.dir/Drivers/STM32F7xx_HAL_Driver/Src/stm32f7xx_hal_gpio.c.obj
 .debug_frame   0x0000064c      0x19c CMakeFiles/BSP.dir/Drivers/STM32F7xx_HAL_Driver/Src/stm32f7xx_hal_rcc.c.obj
 .debug_frame   0x000007e8       0xd4 CMakeFiles/BSP.dir/Drivers/STM32F7xx_HAL_Driver/Src/stm32f7xx_hal_rcc_ex.c.obj
 .debug_frame   0x000008bc      0x6b8 CMakeFiles/BSP.dir/Drivers/STM32F7xx_HAL_Driver/Src/stm32f7xx_hal_uart.c.obj
 .debug_frame   0x00000f74       0x2c c:/sysgcc/arm-eabi/bin/../lib/gcc/arm-none-eabi/10.3.1/thumb/v7e-m+dp/hard\libgcc.a(_aeabi_uldivmod.o)
 .debug_frame   0x00000fa0       0x34 c:/sysgcc/arm-eabi/bin/../lib/gcc/arm-none-eabi/10.3.1/thumb/v7e-m+dp/hard\libgcc.a(_udivmoddi4.o)
 .debug_frame   0x00000fd4       0x2c c:/sysgcc/arm-eabi/bin/../lib/gcc/arm-none-eabi/10.3.1/../../../../arm-none-eabi/lib/thumb/v7e-m+dp/hard\libg.a(lib_a-init.o)
 .debug_frame   0x00001000       0x2c c:/sysgcc/arm-eabi/bin/../lib/gcc/arm-none-eabi/10.3.1/../../../../arm-none-eabi/lib/thumb/v7e-m+dp/hard\libg.a(lib_a-memset.o)
 .debug_frame   0x0000102c       0x68 c:/sysgcc/arm-eabi/bin/../lib/gcc/arm-none-eabi/10.3.1/../../../../arm-none-eabi/lib/thumb/v7e-m+dp/hard\libg.a(lib_a-__call_atexit.o)
 .debug_frame   0x00001094       0x20 c:/sysgcc/arm-eabi/bin/../lib/gcc/arm-none-eabi/10.3.1/../../../../arm-none-eabi/lib/thumb/v7e-m+dp/hard\libg.a(lib_a-atexit.o)
 .debug_frame   0x000010b4       0x34 c:/sysgcc/arm-eabi/bin/../lib/gcc/arm-none-eabi/10.3.1/../../../../arm-none-eabi/lib/thumb/v7e-m+dp/hard\libg.a(lib_a-fini.o)
 .debug_frame   0x000010e8       0xb0 c:/sysgcc/arm-eabi/bin/../lib/gcc/arm-none-eabi/10.3.1/../../../../arm-none-eabi/lib/thumb/v7e-m+dp/hard\libg.a(lib_a-lock.o)
 .debug_frame   0x00001198       0x34 c:/sysgcc/arm-eabi/bin/../lib/gcc/arm-none-eabi/10.3.1/../../../../arm-none-eabi/lib/thumb/v7e-m+dp/hard\libg.a(lib_a-__atexit.o)

.debug_loc      0x00000000     0x7da3
 .debug_loc     0x00000000      0x118 CMakeFiles/BSP.dir/Core/Src/system_stm32f7xx.c.obj
 .debug_loc     0x00000118       0x64 CMakeFiles/BSP.dir/Core/Src/usart.c.obj
 .debug_loc     0x0000017c      0x168 CMakeFiles/BSP.dir/Drivers/STM32F7xx_HAL_Driver/Src/stm32f7xx_hal.c.obj
 .debug_loc     0x000002e4      0x7bd CMakeFiles/BSP.dir/Drivers/STM32F7xx_HAL_Driver/Src/stm32f7xx_hal_cortex.c.obj
 .debug_loc     0x00000aa1      0x540 CMakeFiles/BSP.dir/Drivers/STM32F7xx_HAL_Driver/Src/stm32f7xx_hal_gpio.c.obj
 .debug_loc     0x00000fe1      0x75c CMakeFiles/BSP.dir/Drivers/STM32F7xx_HAL_Driver/Src/stm32f7xx_hal_rcc.c.obj
 .debug_loc     0x0000173d      0x6c8 CMakeFiles/BSP.dir/Drivers/STM32F7xx_HAL_Driver/Src/stm32f7xx_hal_rcc_ex.c.obj
 .debug_loc     0x00001e05     0x5f9e CMakeFiles/BSP.dir/Drivers/STM32F7xx_HAL_Driver/Src/stm32f7xx_hal_uart.c.obj
