Archive member included to satisfy reference by file (symbol)

c:/sysgcc/arm-eabi/bin/../lib/gcc/arm-none-eabi/10.3.1/thumb/v7e-m+dp/hard\libgcc.a(_aeabi_uldivmod.o)
                              CMakeFiles/BSP.dir/Drivers/STM32F7xx_HAL_Driver/Src/stm32f7xx_hal_rcc.c.obj (__aeabi_uldivmod)
c:/sysgcc/arm-eabi/bin/../lib/gcc/arm-none-eabi/10.3.1/thumb/v7e-m+dp/hard\libgcc.a(_udivmoddi4.o)
                              c:/sysgcc/arm-eabi/bin/../lib/gcc/arm-none-eabi/10.3.1/thumb/v7e-m+dp/hard\libgcc.a(_aeabi_uldivmod.o) (__udivmoddi4)
c:/sysgcc/arm-eabi/bin/../lib/gcc/arm-none-eabi/10.3.1/thumb/v7e-m+dp/hard\libgcc.a(_dvmd_tls.o)
                              c:/sysgcc/arm-eabi/bin/../lib/gcc/arm-none-eabi/10.3.1/thumb/v7e-m+dp/hard\libgcc.a(_aeabi_uldivmod.o) (__aeabi_ldiv0)
c:/sysgcc/arm-eabi/bin/../lib/gcc/arm-none-eabi/10.3.1/../../../../arm-none-eabi/lib/thumb/v7e-m+dp/hard\libg.a(lib_a-errno.o)
                              CMakeFiles/BSP.dir/Core/Src/syscalls.c.obj (__errno)
c:/sysgcc/arm-eabi/bin/../lib/gcc/arm-none-eabi/10.3.1/../../../../arm-none-eabi/lib/thumb/v7e-m+dp/hard\libg.a(lib_a-exit.o)
                              c:/sysgcc/arm-eabi/bin/../lib/gcc/arm-none-eabi/10.3.1/../../../../arm-none-eabi/lib/thumb/v7e-m+dp/hard/crt0.o (exit)
c:/sysgcc/arm-eabi/bin/../lib/gcc/arm-none-eabi/10.3.1/../../../../arm-none-eabi/lib/thumb/v7e-m+dp/hard\libg.a(lib_a-impure.o)
                              c:/sysgcc/arm-eabi/bin/../lib/gcc/arm-none-eabi/10.3.1/../../../../arm-none-eabi/lib/thumb/v7e-m+dp/hard\libg.a(lib_a-exit.o) (_global_impure_ptr)
c:/sysgcc/arm-eabi/bin/../lib/gcc/arm-none-eabi/10.3.1/../../../../arm-none-eabi/lib/thumb/v7e-m+dp/hard\libg.a(lib_a-init.o)
                              c:/sysgcc/arm-eabi/bin/../lib/gcc/arm-none-eabi/10.3.1/../../../../arm-none-eabi/lib/thumb/v7e-m+dp/hard/crt0.o (__libc_init_array)
c:/sysgcc/arm-eabi/bin/../lib/gcc/arm-none-eabi/10.3.1/../../../../arm-none-eabi/lib/thumb/v7e-m+dp/hard\libg.a(lib_a-memset.o)
                              c:/sysgcc/arm-eabi/bin/../lib/gcc/arm-none-eabi/10.3.1/../../../../arm-none-eabi/lib/thumb/v7e-m+dp/hard/crt0.o (memset)
c:/sysgcc/arm-eabi/bin/../lib/gcc/arm-none-eabi/10.3.1/../../../../arm-none-eabi/lib/thumb/v7e-m+dp/hard\libg.a(lib_a-__call_atexit.o)
                              c:/sysgcc/arm-eabi/bin/../lib/gcc/arm-none-eabi/10.3.1/../../../../arm-none-eabi/lib/thumb/v7e-m+dp/hard\libg.a(lib_a-exit.o) (__call_exitprocs)
c:/sysgcc/arm-eabi/bin/../lib/gcc/arm-none-eabi/10.3.1/../../../../arm-none-eabi/lib/thumb/v7e-m+dp/hard\libg.a(lib_a-atexit.o)
                              c:/sysgcc/arm-eabi/bin/../lib/gcc/arm-none-eabi/10.3.1/../../../../arm-none-eabi/lib/thumb/v7e-m+dp/hard\libg.a(lib_a-__call_atexit.o) (atexit)
c:/sysgcc/arm-eabi/bin/../lib/gcc/arm-none-eabi/10.3.1/../../../../arm-none-eabi/lib/thumb/v7e-m+dp/hard\libg.a(lib_a-fini.o)
                              c:/sysgcc/arm-eabi/bin/../lib/gcc/arm-none-eabi/10.3.1/../../../../arm-none-eabi/lib/thumb/v7e-m+dp/hard\libg.a(lib_a-__call_atexit.o) (__libc_fini_array)
c:/sysgcc/arm-eabi/bin/../lib/gcc/arm-none-eabi/10.3.1/../../../../arm-none-eabi/lib/thumb/v7e-m+dp/hard\libg.a(lib_a-lock.o)
                              c:/sysgcc/arm-eabi/bin/../lib/gcc/arm-none-eabi/10.3.1/../../../../arm-none-eabi/lib/thumb/v7e-m+dp/hard\libg.a(lib_a-__call_atexit.o) (__retarget_lock_acquire_recursive)
c:/sysgcc/arm-eabi/bin/../lib/gcc/arm-none-eabi/10.3.1/../../../../arm-none-eabi/lib/thumb/v7e-m+dp/hard\libg.a(lib_a-__atexit.o)
                              c:/sysgcc/arm-eabi/bin/../lib/gcc/arm-none-eabi/10.3.1/../../../../arm-none-eabi/lib/thumb/v7e-m+dp/hard\libg.a(lib_a-atexit.o) (__register_exitproc)

Discarded input sections

 .text          0x00000000        0x0 c:/sysgcc/arm-eabi/bin/../lib/gcc/arm-none-eabi/10.3.1/thumb/v7e-m+dp/hard/crti.o
 .data          0x00000000        0x0 c:/sysgcc/arm-eabi/bin/../lib/gcc/arm-none-eabi/10.3.1/thumb/v7e-m+dp/hard/crti.o
 .bss           0x00000000        0x0 c:/sysgcc/arm-eabi/bin/../lib/gcc/arm-none-eabi/10.3.1/thumb/v7e-m+dp/hard/crti.o
 .data          0x00000000        0x4 c:/sysgcc/arm-eabi/bin/../lib/gcc/arm-none-eabi/10.3.1/thumb/v7e-m+dp/hard/crtbegin.o
 .rodata        0x00000000       0x24 c:/sysgcc/arm-eabi/bin/../lib/gcc/arm-none-eabi/10.3.1/thumb/v7e-m+dp/hard/crtbegin.o
 .text          0x00000000       0x7c c:/sysgcc/arm-eabi/bin/../lib/gcc/arm-none-eabi/10.3.1/../../../../arm-none-eabi/lib/thumb/v7e-m+dp/hard/crt0.o
 .data          0x00000000        0x0 c:/sysgcc/arm-eabi/bin/../lib/gcc/arm-none-eabi/10.3.1/../../../../arm-none-eabi/lib/thumb/v7e-m+dp/hard/crt0.o
 .bss           0x00000000        0x0 c:/sysgcc/arm-eabi/bin/../lib/gcc/arm-none-eabi/10.3.1/../../../../arm-none-eabi/lib/thumb/v7e-m+dp/hard/crt0.o
 .ARM.extab     0x00000000        0x0 c:/sysgcc/arm-eabi/bin/../lib/gcc/arm-none-eabi/10.3.1/../../../../arm-none-eabi/lib/thumb/v7e-m+dp/hard/crt0.o
[...]
Memory Configuration

Name             Origin             Length             Attributes
RAM              0x20000000         0x00080000         xrw
FLASH            0x08000000         0x00200000         xr
*default*        0x00000000         0xffffffff

Linker script and memory map

LOAD c:/sysgcc/arm-eabi/bin/../lib/gcc/arm-none-eabi/10.3.1/thumb/v7e-m+dp/hard/crti.o
LOAD c:/sysgcc/arm-eabi/bin/../lib/gcc/arm-none-eabi/10.3.1/thumb/v7e-m+dp/hard/crtbegin.o
LOAD c:/sysgcc/arm-eabi/bin/../lib/gcc/arm-none-eabi/10.3.1/../../../../arm-none-eabi/lib/thumb/v7e-m+dp/hard/crt0.o
LOAD CMakeFiles/BSP.dir/Core/Src/main.c.obj
LOAD CMakeFiles/BSP.dir/Core/Src/stm32f7xx_hal_msp.c.obj
LOAD CMakeFiles/BSP.dir/Core/Src/stm32f7xx_it.c.obj
LOAD CMakeFiles/BSP.dir/Core/Src/syscalls.c.obj
LOAD CMakeFiles/BSP.dir/Core/Src/sysmem.c.obj
LOAD CMakeFiles/BSP.dir/Core/Src/system_stm32f7xx.c.obj
LOAD CMakeFiles/BSP.dir/Core/Startup/startup_stm32f767zitx.s.obj
LOAD CMakeFiles/BSP.dir/Drivers/STM32F7xx_HAL_Driver/Src/stm32f7xx_hal.c.obj
LOAD CMakeFiles/BSP.dir/Drivers/STM32F7xx_HAL_Driver/Src/stm32f7xx_hal_adc.c.obj
LOAD CMakeFiles/BSP.dir/Drivers/STM32F7xx_HAL_Driver/Src/stm32f7xx_hal_adc_ex.c.obj
LOAD CMakeFiles/BSP.dir/Drivers/STM32F7xx_HAL_Driver/Src/stm32f7xx_hal_cortex.c.obj
LOAD CMakeFiles/BSP.dir/Drivers/STM32F7xx_HAL_Driver/Src/stm32f7xx_hal_dma.c.obj
LOAD CMakeFiles/BSP.dir/Drivers/STM32F7xx_HAL_Driver/Src/stm32f7xx_hal_dma_ex.c.obj
LOAD CMakeFiles/BSP.dir/Drivers/STM32F7xx_HAL_Driver/Src/stm32f7xx_hal_exti.c.obj
LOAD CMakeFiles/BSP.dir/Drivers/STM32F7xx_HAL_Driver/Src/stm32f7xx_hal_flash.c.obj
LOAD CMakeFiles/BSP.dir/Drivers/STM32F7xx_HAL_Driver/Src/stm32f7xx_hal_flash_ex.c.obj
LOAD CMakeFiles/BSP.dir/Drivers/STM32F7xx_HAL_Driver/Src/stm32f7xx_hal_gpio.c.obj
LOAD CMakeFiles/BSP.dir/Drivers/STM32F7xx_HAL_Driver/Src/stm32f7xx_hal_i2c.c.obj
LOAD CMakeFiles/BSP.dir/Drivers/STM32F7xx_HAL_Driver/Src/stm32f7xx_hal_i2c_ex.c.obj
LOAD CMakeFiles/BSP.dir/Drivers/STM32F7xx_HAL_Driver/Src/stm32f7xx_hal_pwr.c.obj
LOAD CMakeFiles/BSP.dir/Drivers/STM32F7xx_HAL_Driver/Src/stm32f7xx_hal_pwr_ex.c.obj
LOAD CMakeFiles/BSP.dir/Drivers/STM32F7xx_HAL_Driver/Src/stm32f7xx_hal_rcc.c.obj
LOAD CMakeFiles/BSP.dir/Drivers/STM32F7xx_HAL_Driver/Src/stm32f7xx_hal_rcc_ex.c.obj
LOAD CMakeFiles/BSP.dir/Drivers/STM32F7xx_HAL_Driver/Src/stm32f7xx_hal_tim.c.obj
LOAD CMakeFiles/BSP.dir/Drivers/STM32F7xx_HAL_Driver/Src/stm32f7xx_hal_tim_ex.c.obj
LOAD CMakeFiles/3Chan_ADC_DMA.dir/C_/Program_Files_(x86)/Sysprogs/VisualGDB/CMake/embedded/dummy.c.obj
START GROUP
LOAD c:/sysgcc/arm-eabi/bin/../lib/gcc/arm-none-eabi/10.3.1/thumb/v7e-m+dp/hard\libgcc.a
LOAD c:/sysgcc/arm-eabi/bin/../lib/gcc/arm-none-eabi/10.3.1/../../../../arm-none-eabi/lib/thumb/v7e-m+dp/hard\libg.a
LOAD c:/sysgcc/arm-eabi/bin/../lib/gcc/arm-none-eabi/10.3.1/../../../../arm-none-eabi/lib/thumb/v7e-m+dp/hard\libc.a
END GROUP
LOAD c:/sysgcc/arm-eabi/bin/../lib/gcc/arm-none-eabi/10.3.1/thumb/v7e-m+dp/hard/crtend.o
LOAD c:/sysgcc/arm-eabi/bin/../lib/gcc/arm-none-eabi/10.3.1/thumb/v7e-m+dp/hard/crtn.o
                0x20080000                _estack = (ORIGIN (RAM) + LENGTH (RAM))
                0x00000200                _Min_Heap_Size = 0x200
                0x00000400                _Min_Stack_Size = 0x400

.isr_vector     0x08000000      0x1f8
                0x08000000                . = ALIGN (0x4)
 *(.isr_vector)
 .isr_vector    0x08000000      0x1f8 CMakeFiles/BSP.dir/Core/Startup/startup_stm32f767zitx.s.obj
                0x08000000                g_pfnVectors
                0x080001f8                . = ALIGN (0x4)

.text           0x080001f8     0x45d8
                0x080001f8                . = ALIGN (0x4)
 *(.text)
 .text          0x080001f8       0x40 c:/sysgcc/arm-eabi/bin/../lib/gcc/arm-none-eabi/10.3.1/thumb/v7e-m+dp/hard/crtbegin.o
 .text          0x08000238       0x30 c:/sysgcc/arm-eabi/bin/../lib/gcc/arm-none-eabi/10.3.1/thumb/v7e-m+dp/hard\libgcc.a(_aeabi_uldivmod.o)
                0x08000238                __aeabi_uldivmod
 .text          0x08000268      0x2d0 c:/sysgcc/arm-eabi/bin/../lib/gcc/arm-none-eabi/10.3.1/thumb/v7e-m+dp/hard\libgcc.a(_udivmoddi4.o)
                0x08000268                __udivmoddi4
 .text          0x08000538        0x4 c:/sysgcc/arm-eabi/bin/../lib/gcc/arm-none-eabi/10.3.1/thumb/v7e-m+dp/hard\libgcc.a(_dvmd_tls.o)
                0x08000538                __aeabi_idiv0
                0x08000538                __aeabi_ldiv0
 *(.text*)
 .text.main     0x0800053c       0x9c CMakeFiles/BSP.dir/Core/Src/main.c.obj
                0x0800053c                main
 .text.SystemClock_Config
                0x080005d8       0xb8 CMakeFiles/BSP.dir/Core/Src/main.c.obj
                0x080005d8                SystemClock_Config
 .text.MX_ADC1_Init
                0x08000690       0xa4 CMakeFiles/BSP.dir/Core/Src/main.c.obj
 .text.MX_ADC2_Init
                0x08000734       0xa4 CMakeFiles/BSP.dir/Core/Src/main.c.obj
 .text.MX_TIM1_Init
                0x080007d8      0x154 CMakeFiles/BSP.dir/Core/Src/main.c.obj
 .text.MX_DMA_Init
                0x0800092c       0x3c CMakeFiles/BSP.dir/Core/Src/main.c.obj
 .text.MX_GPIO_Init
                0x08000968       0x80 CMakeFiles/BSP.dir/Core/Src/main.c.obj
 .text.HAL_ADC_ConvCpltCallback
                0x080009e8       0x38 CMakeFiles/BSP.dir/Core/Src/main.c.obj
                0x080009e8                HAL_ADC_ConvCpltCallback
 .text.Error_Handler
                0x08000a20        0xa CMakeFiles/BSP.dir/Core/Src/main.c.obj
                0x08000a20                Error_Handler
 *fill*         0x08000a2a        0x2 
 .text.HAL_MspInit
                0x08000a2c       0x48 CMakeFiles/BSP.dir/Core/Src/stm32f7xx_hal_msp.c.obj
                0x08000a2c                HAL_MspInit
 .text.HAL_ADC_MspInit
                0x08000a74      0x160 CMakeFiles/BSP.dir/Core/Src/stm32f7xx_hal_msp.c.obj
                0x08000a74                HAL_ADC_MspInit
 .text.HAL_TIM_Base_MspInit
                0x08000bd4       0x5c CMakeFiles/BSP.dir/Core/Src/stm32f7xx_hal_msp.c.obj
                0x08000bd4                HAL_TIM_Base_MspInit
 .text.NMI_Handler
                0x08000c30        0x6 CMakeFiles/BSP.dir/Core/Src/stm32f7xx_it.c.obj
                0x08000c30                NMI_Handler
 .text.HardFault_Handler
                0x08000c36        0x6 CMakeFiles/BSP.dir/Core/Src/stm32f7xx_it.c.obj
                0x08000c36                HardFault_Handler
 .text.MemManage_Handler
                0x08000c3c        0x6 CMakeFiles/BSP.dir/Core/Src/stm32f7xx_it.c.obj
                0x08000c3c                MemManage_Handler
 .text.BusFault_Handler
                0x08000c42        0x6 CMakeFiles/BSP.dir/Core/Src/stm32f7xx_it.c.obj
                0x08000c42                BusFault_Handler
 .text.UsageFault_Handler
                0x08000c48        0x6 CMakeFiles/BSP.dir/Core/Src/stm32f7xx_it.c.obj
                0x08000c48                UsageFault_Handler
 .text.SVC_Handler
                0x08000c4e        0xe CMakeFiles/BSP.dir/Core/Src/stm32f7xx_it.c.obj
                0x08000c4e                SVC_Handler
 .text.DebugMon_Handler
                0x08000c5c        0xe CMakeFiles/BSP.dir/Core/Src/stm32f7xx_it.c.obj
                0x08000c5c                DebugMon_Handler
 .text.PendSV_Handler
                0x08000c6a        0xe CMakeFiles/BSP.dir/Core/Src/stm32f7xx_it.c.obj
                0x08000c6a                PendSV_Handler
 .text.SysTick_Handler
                0x08000c78        0xc CMakeFiles/BSP.dir/Core/Src/stm32f7xx_it.c.obj
                0x08000c78                SysTick_Handler
 .text.ADC_IRQHandler
                0x08000c84       0x1c CMakeFiles/BSP.dir/Core/Src/stm32f7xx_it.c.obj
                0x08000c84                ADC_IRQHandler
 .text.TIM1_BRK_TIM9_IRQHandler
                0x08000ca0       0x14 CMakeFiles/BSP.dir/Core/Src/stm32f7xx_it.c.obj
                0x08000ca0                TIM1_BRK_TIM9_IRQHandler
 .text.TIM1_TRG_COM_TIM11_IRQHandler
                0x08000cb4       0x14 CMakeFiles/BSP.dir/Core/Src/stm32f7xx_it.c.obj
                0x08000cb4                TIM1_TRG_COM_TIM11_IRQHandler
 .text.DMA2_Stream0_IRQHandler
                0x08000cc8       0x14 CMakeFiles/BSP.dir/Core/Src/stm32f7xx_it.c.obj
                0x08000cc8                DMA2_Stream0_IRQHandler
 .text.SystemInit
                0x08000cdc       0x24 CMakeFiles/BSP.dir/Core/Src/system_stm32f7xx.c.obj
                0x08000cdc                SystemInit
 .text.Reset_Handler
                0x08000d00       0x50 CMakeFiles/BSP.dir/Core/Startup/startup_stm32f767zitx.s.obj
                0x08000d00                Reset_Handler
 .text.Default_Handler
                0x08000d50        0x2 CMakeFiles/BSP.dir/Core/Startup/startup_stm32f767zitx.s.obj
                0x08000d50                RTC_Alarm_IRQHandler
                0x08000d50                EXTI2_IRQHandler
                0x08000d50                TIM8_CC_IRQHandler
                0x08000d50                UART8_IRQHandler
                0x08000d50                SPI4_IRQHandler
                0x08000d50                TIM1_CC_IRQHandler
                0x08000d50                DMA2_Stream5_IRQHandler
                0x08000d50                JPEG_IRQHandler
                0x08000d50                DMA1_Stream5_IRQHandler
                0x08000d50                CAN3_RX1_IRQHandler
                0x08000d50                PVD_IRQHandler
                0x08000d50                TAMP_STAMP_IRQHandler
                0x08000d50                CAN2_RX1_IRQHandler
                0x08000d50                EXTI3_IRQHandler
                0x08000d50                TIM8_TRG_COM_TIM14_IRQHandler
                0x08000d50                DFSDM1_FLT1_IRQHandler
                0x08000d50                TIM1_UP_TIM10_IRQHandler
                0x08000d50                TIM8_UP_TIM13_IRQHandler
                0x08000d50                I2C3_ER_IRQHandler
                0x08000d50                DFSDM1_FLT2_IRQHandler
                0x08000d50                EXTI0_IRQHandler
                0x08000d50                I2C2_EV_IRQHandler
                0x08000d50                DMA1_Stream2_IRQHandler
                0x08000d50                CAN1_RX0_IRQHandler
                0x08000d50                FPU_IRQHandler
                0x08000d50                OTG_HS_WKUP_IRQHandler
                0x08000d50                CAN3_SCE_IRQHandler
                0x08000d50                LTDC_ER_IRQHandler
                0x08000d50                CAN2_SCE_IRQHandler
                0x08000d50                DMA2_Stream2_IRQHandler
                0x08000d50                SPI1_IRQHandler
                0x08000d50                TIM6_DAC_IRQHandler
                0x08000d50                DCMI_IRQHandler
                0x08000d50                CAN2_RX0_IRQHandler
                0x08000d50                DMA2_Stream3_IRQHandler
                0x08000d50                SAI2_IRQHandler
                0x08000d50                DFSDM1_FLT3_IRQHandler
                0x08000d50                USART6_IRQHandler
                0x08000d50                CAN3_RX0_IRQHandler
                0x08000d50                USART3_IRQHandler
                0x08000d50                CAN1_RX1_IRQHandler
                0x08000d50                UART5_IRQHandler
                0x08000d50                TIM4_IRQHandler
                0x08000d50                QUADSPI_IRQHandler
                0x08000d50                I2C1_EV_IRQHandler
                0x08000d50                DMA1_Stream6_IRQHandler
                0x08000d50                DMA1_Stream1_IRQHandler
                0x08000d50                UART4_IRQHandler
                0x08000d50                TIM3_IRQHandler
                0x08000d50                RCC_IRQHandler
                0x08000d50                TIM8_BRK_TIM12_IRQHandler
                0x08000d50                Default_Handler
                0x08000d50                CEC_IRQHandler
                0x08000d50                EXTI15_10_IRQHandler
                0x08000d50                DMA1_Stream7_IRQHandler
                0x08000d50                SPI5_IRQHandler
                0x08000d50                TIM7_IRQHandler
                0x08000d50                SDMMC1_IRQHandler
                0x08000d50                CAN2_TX_IRQHandler
                0x08000d50                TIM5_IRQHandler
                0x08000d50                DMA2_Stream7_IRQHandler
                0x08000d50                I2C3_EV_IRQHandler
                0x08000d50                EXTI9_5_IRQHandler
                0x08000d50                RTC_WKUP_IRQHandler
                0x08000d50                LTDC_IRQHandler
                0x08000d50                ETH_WKUP_IRQHandler
                0x08000d50                SPDIF_RX_IRQHandler
                0x08000d50                SPI2_IRQHandler
                0x08000d50                OTG_HS_EP1_IN_IRQHandler
                0x08000d50                DMA1_Stream0_IRQHandler
                0x08000d50                CAN1_TX_IRQHandler
                0x08000d50                EXTI4_IRQHandler
                0x08000d50                RNG_IRQHandler
                0x08000d50                ETH_IRQHandler
                0x08000d50                OTG_HS_EP1_OUT_IRQHandler
                0x08000d50                WWDG_IRQHandler
                0x08000d50                SPI6_IRQHandler
                0x08000d50                MDIOS_IRQHandler
                0x08000d50                I2C4_EV_IRQHandler
                0x08000d50                CAN3_TX_IRQHandler
                0x08000d50                TIM2_IRQHandler
                0x08000d50                OTG_FS_WKUP_IRQHandler
                0x08000d50                OTG_HS_IRQHandler
                0x08000d50                DMA2D_IRQHandler
                0x08000d50                EXTI1_IRQHandler
                0x08000d50                SDMMC2_IRQHandler
                0x08000d50                UART7_IRQHandler
                0x08000d50                USART2_IRQHandler
                0x08000d50                DFSDM1_FLT0_IRQHandler
                0x08000d50                I2C2_ER_IRQHandler
                0x08000d50                DMA2_Stream1_IRQHandler
                0x08000d50                CAN1_SCE_IRQHandler
                0x08000d50                FLASH_IRQHandler
                0x08000d50                DMA2_Stream4_IRQHandler
                0x08000d50                USART1_IRQHandler
                0x08000d50                OTG_FS_IRQHandler
                0x08000d50                SPI3_IRQHandler
                0x08000d50                DMA1_Stream4_IRQHandler
                0x08000d50                I2C1_ER_IRQHandler
                0x08000d50                FMC_IRQHandler
                0x08000d50                LPTIM1_IRQHandler
                0x08000d50                I2C4_ER_IRQHandler
                0x08000d50                DMA2_Stream6_IRQHandler
                0x08000d50                SAI1_IRQHandler
                0x08000d50                DMA1_Stream3_IRQHandler
 .text.HAL_Init
                0x08000d52       0x1a CMakeFiles/BSP.dir/Drivers/STM32F7xx_HAL_Driver/Src/stm32f7xx_hal.c.obj
                0x08000d52                HAL_Init
 .text.HAL_InitTick
                0x08000d6c       0x60 CMakeFiles/BSP.dir/Drivers/STM32F7xx_HAL_Driver/Src/stm32f7xx_hal.c.obj
                0x08000d6c                HAL_InitTick
 .text.HAL_IncTick
                0x08000dcc       0x28 CMakeFiles/BSP.dir/Drivers/STM32F7xx_HAL_Driver/Src/stm32f7xx_hal.c.obj
                0x08000dcc                HAL_IncTick
 .text.HAL_GetTick
                0x08000df4       0x18 CMakeFiles/BSP.dir/Drivers/STM32F7xx_HAL_Driver/Src/stm32f7xx_hal.c.obj
                0x08000df4                HAL_GetTick
 .text.HAL_ADC_Init
                0x08000e0c       0x88 CMakeFiles/BSP.dir/Drivers/STM32F7xx_HAL_Driver/Src/stm32f7xx_hal_adc.c.obj
                0x08000e0c                HAL_ADC_Init
 .text.HAL_ADC_Start
                0x08000e94      0x19c CMakeFiles/BSP.dir/Drivers/STM32F7xx_HAL_Driver/Src/stm32f7xx_hal_adc.c.obj
                0x08000e94                HAL_ADC_Start
 .text.HAL_ADC_Start_IT
                0x08001030      0x1b0 CMakeFiles/BSP.dir/Drivers/STM32F7xx_HAL_Driver/Src/stm32f7xx_hal_adc.c.obj
                0x08001030                HAL_ADC_Start_IT
 .text.HAL_ADC_IRQHandler
                0x080011e0      0x220 CMakeFiles/BSP.dir/Drivers/STM32F7xx_HAL_Driver/Src/stm32f7xx_hal_adc.c.obj
                0x080011e0                HAL_ADC_IRQHandler
 .text.HAL_ADC_Start_DMA
                0x08001400      0x1f4 CMakeFiles/BSP.dir/Drivers/STM32F7xx_HAL_Driver/Src/stm32f7xx_hal_adc.c.obj
                0x08001400                HAL_ADC_Start_DMA
 .text.HAL_ADC_GetValue
                0x080015f4       0x1a CMakeFiles/BSP.dir/Drivers/STM32F7xx_HAL_Driver/Src/stm32f7xx_hal_adc.c.obj
                0x080015f4                HAL_ADC_GetValue
 .text.HAL_ADC_ConvHalfCpltCallback
                0x0800160e       0x14 CMakeFiles/BSP.dir/Drivers/STM32F7xx_HAL_Driver/Src/stm32f7xx_hal_adc.c.obj
                0x0800160e                HAL_ADC_ConvHalfCpltCallback
 .text.HAL_ADC_LevelOutOfWindowCallback
                0x08001622       0x14 CMakeFiles/BSP.dir/Drivers/STM32F7xx_HAL_Driver/Src/stm32f7xx_hal_adc.c.obj
                0x08001622                HAL_ADC_LevelOutOfWindowCallback
 .text.HAL_ADC_ErrorCallback
                0x08001636       0x14 CMakeFiles/BSP.dir/Drivers/STM32F7xx_HAL_Driver/Src/stm32f7xx_hal_adc.c.obj
                0x08001636                HAL_ADC_ErrorCallback
 *fill*         0x0800164a        0x2 
 .text.HAL_ADC_ConfigChannel
                0x0800164c      0x2ac CMakeFiles/BSP.dir/Drivers/STM32F7xx_HAL_Driver/Src/stm32f7xx_hal_adc.c.obj
                0x0800164c                HAL_ADC_ConfigChannel
 .text.ADC_Init
                0x080018f8      0x1f4 CMakeFiles/BSP.dir/Drivers/STM32F7xx_HAL_Driver/Src/stm32f7xx_hal_adc.c.obj
 .text.ADC_DMAConvCplt
                0x08001aec       0xba CMakeFiles/BSP.dir/Drivers/STM32F7xx_HAL_Driver/Src/stm32f7xx_hal_adc.c.obj
 .text.ADC_DMAHalfConvCplt
                0x08001ba6       0x1c CMakeFiles/BSP.dir/Drivers/STM32F7xx_HAL_Driver/Src/stm32f7xx_hal_adc.c.obj
 .text.ADC_DMAError
                0x08001bc2       0x2e CMakeFiles/BSP.dir/Drivers/STM32F7xx_HAL_Driver/Src/stm32f7xx_hal_adc.c.obj
 .text.HAL_ADCEx_InjectedConvCpltCallback
                0x08001bf0       0x14 CMakeFiles/BSP.dir/Drivers/STM32F7xx_HAL_Driver/Src/stm32f7xx_hal_adc_ex.c.obj
                0x08001bf0                HAL_ADCEx_InjectedConvCpltCallback
 .text.__NVIC_SetPriorityGrouping
                0x08001c04       0x48 CMakeFiles/BSP.dir/Drivers/STM32F7xx_HAL_Driver/Src/stm32f7xx_hal_cortex.c.obj
 .text.__NVIC_GetPriorityGrouping
                0x08001c4c       0x1c CMakeFiles/BSP.dir/Drivers/STM32F7xx_HAL_Driver/Src/stm32f7xx_hal_cortex.c.obj
 .text.__NVIC_EnableIRQ
                0x08001c68       0x3c CMakeFiles/BSP.dir/Drivers/STM32F7xx_HAL_Driver/Src/stm32f7xx_hal_cortex.c.obj
 .text.__NVIC_SetPriority
                0x08001ca4       0x54 CMakeFiles/BSP.dir/Drivers/STM32F7xx_HAL_Driver/Src/stm32f7xx_hal_cortex.c.obj
 .text.NVIC_EncodePriority
                0x08001cf8       0x66 CMakeFiles/BSP.dir/Drivers/STM32F7xx_HAL_Driver/Src/stm32f7xx_hal_cortex.c.obj
 *fill*         0x08001d5e        0x2 
 .text.SysTick_Config
                0x08001d60       0x44 CMakeFiles/BSP.dir/Drivers/STM32F7xx_HAL_Driver/Src/stm32f7xx_hal_cortex.c.obj
 .text.HAL_NVIC_SetPriorityGrouping
                0x08001da4       0x16 CMakeFiles/BSP.dir/Drivers/STM32F7xx_HAL_Driver/Src/stm32f7xx_hal_cortex.c.obj
                0x08001da4                HAL_NVIC_SetPriorityGrouping
 .text.HAL_NVIC_SetPriority
                0x08001dba       0x38 CMakeFiles/BSP.dir/Drivers/STM32F7xx_HAL_Driver/Src/stm32f7xx_hal_cortex.c.obj
                0x08001dba                HAL_NVIC_SetPriority
 .text.HAL_NVIC_EnableIRQ
                0x08001df2       0x1c CMakeFiles/BSP.dir/Drivers/STM32F7xx_HAL_Driver/Src/stm32f7xx_hal_cortex.c.obj
                0x08001df2                HAL_NVIC_EnableIRQ
 .text.HAL_SYSTICK_Config
                0x08001e0e       0x18 CMakeFiles/BSP.dir/Drivers/STM32F7xx_HAL_Driver/Src/stm32f7xx_hal_cortex.c.obj
                0x08001e0e                HAL_SYSTICK_Config
 *fill*         0x08001e26        0x2 
 .text.HAL_DMA_Init
                0x08001e28      0x15c CMakeFiles/BSP.dir/Drivers/STM32F7xx_HAL_Driver/Src/stm32f7xx_hal_dma.c.obj
                0x08001e28                HAL_DMA_Init
 .text.HAL_DMA_Start_IT
                0x08001f84       0xc0 CMakeFiles/BSP.dir/Drivers/STM32F7xx_HAL_Driver/Src/stm32f7xx_hal_dma.c.obj
                0x08001f84                HAL_DMA_Start_IT
 .text.HAL_DMA_IRQHandler
                0x08002044      0x314 CMakeFiles/BSP.dir/Drivers/STM32F7xx_HAL_Driver/Src/stm32f7xx_hal_dma.c.obj
                0x08002044                HAL_DMA_IRQHandler
 .text.DMA_SetConfig
                0x08002358       0x5c CMakeFiles/BSP.dir/Drivers/STM32F7xx_HAL_Driver/Src/stm32f7xx_hal_dma.c.obj
 .text.DMA_CalcBaseAndBitshift
                0x080023b4       0x6c CMakeFiles/BSP.dir/Drivers/STM32F7xx_HAL_Driver/Src/stm32f7xx_hal_dma.c.obj
 .text.DMA_CheckFifoParam
                0x08002420       0xf8 CMakeFiles/BSP.dir/Drivers/STM32F7xx_HAL_Driver/Src/stm32f7xx_hal_dma.c.obj
 .text.HAL_GPIO_Init
                0x08002518      0x358 CMakeFiles/BSP.dir/Drivers/STM32F7xx_HAL_Driver/Src/stm32f7xx_hal_gpio.c.obj
                0x08002518                HAL_GPIO_Init
 .text.HAL_GPIO_WritePin
                0x08002870       0x32 CMakeFiles/BSP.dir/Drivers/STM32F7xx_HAL_Driver/Src/stm32f7xx_hal_gpio.c.obj
                0x08002870                HAL_GPIO_WritePin
 *fill*         0x080028a2        0x2 
 .text.HAL_RCC_OscConfig
                0x080028a4      0x55c CMakeFiles/BSP.dir/Drivers/STM32F7xx_HAL_Driver/Src/stm32f7xx_hal_rcc.c.obj
                0x080028a4                HAL_RCC_OscConfig
 .text.HAL_RCC_ClockConfig
                0x08002e00      0x1d8 CMakeFiles/BSP.dir/Drivers/STM32F7xx_HAL_Driver/Src/stm32f7xx_hal_rcc.c.obj
                0x08002e00                HAL_RCC_ClockConfig
 .text.HAL_RCC_GetSysClockFreq
                0x08002fd8      0x18c CMakeFiles/BSP.dir/Drivers/STM32F7xx_HAL_Driver/Src/stm32f7xx_hal_rcc.c.obj
                0x08002fd8                HAL_RCC_GetSysClockFreq
 .text.HAL_TIM_Base_Init
                0x08003164       0xae CMakeFiles/BSP.dir/Drivers/STM32F7xx_HAL_Driver/Src/stm32f7xx_hal_tim.c.obj
                0x08003164                HAL_TIM_Base_Init
 *fill*         0x08003212        0x2 
 .text.HAL_TIM_Base_Start_IT
                0x08003214       0xf0 CMakeFiles/BSP.dir/Drivers/STM32F7xx_HAL_Driver/Src/stm32f7xx_hal_tim.c.obj
                0x08003214                HAL_TIM_Base_Start_IT
 .text.HAL_TIM_PWM_Init
                0x08003304       0xae CMakeFiles/BSP.dir/Drivers/STM32F7xx_HAL_Driver/Src/stm32f7xx_hal_tim.c.obj
                0x08003304                HAL_TIM_PWM_Init
 .text.HAL_TIM_PWM_MspInit
                0x080033b2       0x14 CMakeFiles/BSP.dir/Drivers/STM32F7xx_HAL_Driver/Src/stm32f7xx_hal_tim.c.obj
                0x080033b2                HAL_TIM_PWM_MspInit
 *fill*         0x080033c6        0x2 
 .text.HAL_TIM_PWM_Start
                0x080033c8      0x1f4 CMakeFiles/BSP.dir/Drivers/STM32F7xx_HAL_Driver/Src/stm32f7xx_hal_tim.c.obj
                0x080033c8                HAL_TIM_PWM_Start
 .text.HAL_TIM_IRQHandler
                0x080035bc      0x23e CMakeFiles/BSP.dir/Drivers/STM32F7xx_HAL_Driver/Src/stm32f7xx_hal_tim.c.obj
                0x080035bc                HAL_TIM_IRQHandler
 *fill*         0x080037fa        0x2 
 .text.HAL_TIM_PWM_ConfigChannel
                0x080037fc      0x228 CMakeFiles/BSP.dir/Drivers/STM32F7xx_HAL_Driver/Src/stm32f7xx_hal_tim.c.obj
                0x080037fc                HAL_TIM_PWM_ConfigChannel
 .text.HAL_TIM_ConfigClockSource
                0x08003a24      0x194 CMakeFiles/BSP.dir/Drivers/STM32F7xx_HAL_Driver/Src/stm32f7xx_hal_tim.c.obj
                0x08003a24                HAL_TIM_ConfigClockSource
 .text.HAL_TIM_PeriodElapsedCallback
                0x08003bb8       0x14 CMakeFiles/BSP.dir/Drivers/STM32F7xx_HAL_Driver/Src/stm32f7xx_hal_tim.c.obj
                0x08003bb8                HAL_TIM_PeriodElapsedCallback
 .text.HAL_TIM_OC_DelayElapsedCallback
                0x08003bcc       0x14 CMakeFiles/BSP.dir/Drivers/STM32F7xx_HAL_Driver/Src/stm32f7xx_hal_tim.c.obj
                0x08003bcc                HAL_TIM_OC_DelayElapsedCallback
 .text.HAL_TIM_IC_CaptureCallback
                0x08003be0       0x14 CMakeFiles/BSP.dir/Drivers/STM32F7xx_HAL_Driver/Src/stm32f7xx_hal_tim.c.obj
                0x08003be0                HAL_TIM_IC_CaptureCallback
 .text.HAL_TIM_PWM_PulseFinishedCallback
                0x08003bf4       0x14 CMakeFiles/BSP.dir/Drivers/STM32F7xx_HAL_Driver/Src/stm32f7xx_hal_tim.c.obj
                0x08003bf4                HAL_TIM_PWM_PulseFinishedCallback
 .text.HAL_TIM_TriggerCallback
                0x08003c08       0x14 CMakeFiles/BSP.dir/Drivers/STM32F7xx_HAL_Driver/Src/stm32f7xx_hal_tim.c.obj
                0x08003c08                HAL_TIM_TriggerCallback
 .text.TIM_Base_SetConfig
                0x08003c1c      0x140 CMakeFiles/BSP.dir/Drivers/STM32F7xx_HAL_Driver/Src/stm32f7xx_hal_tim.c.obj
                0x08003c1c                TIM_Base_SetConfig
 .text.TIM_OC1_SetConfig
                0x08003d5c       0xe4 CMakeFiles/BSP.dir/Drivers/STM32F7xx_HAL_Driver/Src/stm32f7xx_hal_tim.c.obj
 .text.TIM_OC2_SetConfig
                0x08003e40       0xf0 CMakeFiles/BSP.dir/Drivers/STM32F7xx_HAL_Driver/Src/stm32f7xx_hal_tim.c.obj
                0x08003e40                TIM_OC2_SetConfig
 .text.TIM_OC3_SetConfig
                0x08003f30       0xec CMakeFiles/BSP.dir/Drivers/STM32F7xx_HAL_Driver/Src/stm32f7xx_hal_tim.c.obj
 .text.TIM_OC4_SetConfig
                0x0800401c       0xb0 CMakeFiles/BSP.dir/Drivers/STM32F7xx_HAL_Driver/Src/stm32f7xx_hal_tim.c.obj
 .text.TIM_OC5_SetConfig
                0x080040cc       0xa4 CMakeFiles/BSP.dir/Drivers/STM32F7xx_HAL_Driver/Src/stm32f7xx_hal_tim.c.obj
 .text.TIM_OC6_SetConfig
                0x08004170       0xa8 CMakeFiles/BSP.dir/Drivers/STM32F7xx_HAL_Driver/Src/stm32f7xx_hal_tim.c.obj
 .text.TIM_TI1_ConfigInputStage
                0x08004218       0x5e CMakeFiles/BSP.dir/Drivers/STM32F7xx_HAL_Driver/Src/stm32f7xx_hal_tim.c.obj
 .text.TIM_TI2_ConfigInputStage
                0x08004276       0x60 CMakeFiles/BSP.dir/Drivers/STM32F7xx_HAL_Driver/Src/stm32f7xx_hal_tim.c.obj
 .text.TIM_ITRx_SetConfig
                0x080042d6       0x36 CMakeFiles/BSP.dir/Drivers/STM32F7xx_HAL_Driver/Src/stm32f7xx_hal_tim.c.obj
 .text.TIM_ETR_SetConfig
                0x0800430c       0x40 CMakeFiles/BSP.dir/Drivers/STM32F7xx_HAL_Driver/Src/stm32f7xx_hal_tim.c.obj
                0x0800430c                TIM_ETR_SetConfig
 .text.TIM_CCxChannelCmd
                0x0800434c       0x4a CMakeFiles/BSP.dir/Drivers/STM32F7xx_HAL_Driver/Src/stm32f7xx_hal_tim.c.obj
                0x0800434c                TIM_CCxChannelCmd
 *fill*         0x08004396        0x2 
 .text.HAL_TIMEx_MasterConfigSynchronization
                0x08004398      0x11c CMakeFiles/BSP.dir/Drivers/STM32F7xx_HAL_Driver/Src/stm32f7xx_hal_tim_ex.c.obj
                0x08004398                HAL_TIMEx_MasterConfigSynchronization
 .text.HAL_TIMEx_ConfigBreakDeadTime
                0x080044b4       0xfc CMakeFiles/BSP.dir/Drivers/STM32F7xx_HAL_Driver/Src/stm32f7xx_hal_tim_ex.c.obj
                0x080044b4                HAL_TIMEx_ConfigBreakDeadTime
 .text.HAL_TIMEx_CommutCallback
                0x080045b0       0x14 CMakeFiles/BSP.dir/Drivers/STM32F7xx_HAL_Driver/Src/stm32f7xx_hal_tim_ex.c.obj
                0x080045b0                HAL_TIMEx_CommutCallback
 .text.HAL_TIMEx_BreakCallback
                0x080045c4       0x14 CMakeFiles/BSP.dir/Drivers/STM32F7xx_HAL_Driver/Src/stm32f7xx_hal_tim_ex.c.obj
                0x080045c4                HAL_TIMEx_BreakCallback
 .text.HAL_TIMEx_Break2Callback
                0x080045d8       0x14 CMakeFiles/BSP.dir/Drivers/STM32F7xx_HAL_Driver/Src/stm32f7xx_hal_tim_ex.c.obj
                0x080045d8                HAL_TIMEx_Break2Callback
 .text.__libc_init_array
                0x080045ec       0x48 c:/sysgcc/arm-eabi/bin/../lib/gcc/arm-none-eabi/10.3.1/../../../../arm-none-eabi/lib/thumb/v7e-m+dp/hard\libg.a(lib_a-init.o)
                0x080045ec                __libc_init_array
 .text.memset   0x08004634       0xa4 c:/sysgcc/arm-eabi/bin/../lib/gcc/arm-none-eabi/10.3.1/../../../../arm-none-eabi/lib/thumb/v7e-m+dp/hard\libg.a(lib_a-memset.o)
                0x08004634                memset
 .text.startup.register_fini
                0x080046d8       0x14 c:/sysgcc/arm-eabi/bin/../lib/gcc/arm-none-eabi/10.3.1/../../../../arm-none-eabi/lib/thumb/v7e-m+dp/hard\libg.a(lib_a-__call_atexit.o)
 .text.atexit   0x080046ec        0xc c:/sysgcc/arm-eabi/bin/../lib/gcc/arm-none-eabi/10.3.1/../../../../arm-none-eabi/lib/thumb/v7e-m+dp/hard\libg.a(lib_a-atexit.o)
                0x080046ec                atexit
 .text.__libc_fini_array
                0x080046f8       0x2c c:/sysgcc/arm-eabi/bin/../lib/gcc/arm-none-eabi/10.3.1/../../../../arm-none-eabi/lib/thumb/v7e-m+dp/hard\libg.a(lib_a-fini.o)
                0x080046f8                __libc_fini_array
 .text.__retarget_lock_acquire_recursive
                0x08004724        0x4 c:/sysgcc/arm-eabi/bin/../lib/gcc/arm-none-eabi/10.3.1/../../../../arm-none-eabi/lib/thumb/v7e-m+dp/hard\libg.a(lib_a-lock.o)
                0x08004724                __retarget_lock_acquire_recursive
 .text.__retarget_lock_release_recursive
                0x08004728        0x4 c:/sysgcc/arm-eabi/bin/../lib/gcc/arm-none-eabi/10.3.1/../../../../arm-none-eabi/lib/thumb/v7e-m+dp/hard\libg.a(lib_a-lock.o)
                0x08004728                __retarget_lock_release_recursive
 .text.__register_exitproc
                0x0800472c       0x8c c:/sysgcc/arm-eabi/bin/../lib/gcc/arm-none-eabi/10.3.1/../../../../arm-none-eabi/lib/thumb/v7e-m+dp/hard\libg.a(lib_a-__atexit.o)
                0x0800472c                __register_exitproc
 *(.glue_7)
 .glue_7        0x080047b8        0x0 linker stubs
 *(.glue_7t)
 .glue_7t       0x080047b8        0x0 linker stubs
 *(.eh_frame)
 .eh_frame      0x080047b8        0x0 c:/sysgcc/arm-eabi/bin/../lib/gcc/arm-none-eabi/10.3.1/thumb/v7e-m+dp/hard/crtbegin.o
 *(.init)
 .init          0x080047b8        0x4 c:/sysgcc/arm-eabi/bin/../lib/gcc/arm-none-eabi/10.3.1/thumb/v7e-m+dp/hard/crti.o
                0x080047b8                _init
 .init          0x080047bc        0x8 c:/sysgcc/arm-eabi/bin/../lib/gcc/arm-none-eabi/10.3.1/thumb/v7e-m+dp/hard/crtn.o
 *(.fini)
 .fini          0x080047c4        0x4 c:/sysgcc/arm-eabi/bin/../lib/gcc/arm-none-eabi/10.3.1/thumb/v7e-m+dp/hard/crti.o
                0x080047c4                _fini
 .fini          0x080047c8        0x8 c:/sysgcc/arm-eabi/bin/../lib/gcc/arm-none-eabi/10.3.1/thumb/v7e-m+dp/hard/crtn.o
                0x080047d0                . = ALIGN (0x4)
                0x080047d0                _etext = .

.vfp11_veneer   0x080047d0        0x0
 .vfp11_veneer  0x080047d0        0x0 linker stubs

.v4_bx          0x080047d0        0x0
 .v4_bx         0x080047d0        0x0 linker stubs

.iplt           0x080047d0        0x0
 .iplt          0x080047d0        0x0 c:/sysgcc/arm-eabi/bin/../lib/gcc/arm-none-eabi/10.3.1/thumb/v7e-m+dp/hard/crtbegin.o

.rodata         0x080047d0       0x1c
                0x080047d0                . = ALIGN (0x4)
 *(.rodata)
 *(.rodata*)
 .rodata.AHBPrescTable
                0x080047d0       0x10 CMakeFiles/BSP.dir/Core/Src/system_stm32f7xx.c.obj
                0x080047d0                AHBPrescTable
 .rodata.flagBitshiftOffset.0
                0x080047e0        0x8 CMakeFiles/BSP.dir/Drivers/STM32F7xx_HAL_Driver/Src/stm32f7xx_hal_dma.c.obj
 .rodata._global_impure_ptr
                0x080047e8        0x4 c:/sysgcc/arm-eabi/bin/../lib/gcc/arm-none-eabi/10.3.1/../../../../arm-none-eabi/lib/thumb/v7e-m+dp/hard\libg.a(lib_a-impure.o)
                0x080047e8                _global_impure_ptr
                0x080047ec                . = ALIGN (0x4)

.ARM.extab      0x080047ec        0x0
                0x080047ec                . = ALIGN (0x4)
 *(.ARM.extab* .gnu.linkonce.armextab.*)
                0x080047ec                . = ALIGN (0x4)

.ARM            0x080047ec        0x8
                0x080047ec                . = ALIGN (0x4)
                0x080047ec                __exidx_start = .
 *(.ARM.exidx*)
 .ARM.exidx     0x080047ec        0x8 c:/sysgcc/arm-eabi/bin/../lib/gcc/arm-none-eabi/10.3.1/thumb/v7e-m+dp/hard\libgcc.a(_udivmoddi4.o)
                0x080047f4                __exidx_end = .
                0x080047f4                . = ALIGN (0x4)

.rel.dyn        0x080047f4        0x0
 .rel.iplt      0x080047f4        0x0 c:/sysgcc/arm-eabi/bin/../lib/gcc/arm-none-eabi/10.3.1/thumb/v7e-m+dp/hard/crtbegin.o

.preinit_array  0x080047f4        0x0
                0x080047f4                . = ALIGN (0x4)
                0x080047f4                PROVIDE (__preinit_array_start = .)
 *(.preinit_array*)
                0x080047f4                PROVIDE (__preinit_array_end = .)
                0x080047f4                . = ALIGN (0x4)

.init_array     0x080047f4        0x8
                0x080047f4                . = ALIGN (0x4)
                0x080047f4                PROVIDE (__init_array_start = .)
 *(SORT_BY_NAME(.init_array.*))
 .init_array.00000
                0x080047f4        0x4 c:/sysgcc/arm-eabi/bin/../lib/gcc/arm-none-eabi/10.3.1/../../../../arm-none-eabi/lib/thumb/v7e-m+dp/hard\libg.a(lib_a-__call_atexit.o)
 *(.init_array*)
 .init_array    0x080047f8        0x4 c:/sysgcc/arm-eabi/bin/../lib/gcc/arm-none-eabi/10.3.1/thumb/v7e-m+dp/hard/crtbegin.o
                0x080047fc                PROVIDE (__init_array_end = .)
                0x080047fc                . = ALIGN (0x4)

.fini_array     0x080047fc        0x4
                0x080047fc                . = ALIGN (0x4)
                0x080047fc                PROVIDE (__fini_array_start = .)
 *(SORT_BY_NAME(.fini_array.*))
 *(.fini_array*)
 .fini_array    0x080047fc        0x4 c:/sysgcc/arm-eabi/bin/../lib/gcc/arm-none-eabi/10.3.1/thumb/v7e-m+dp/hard/crtbegin.o
                0x08004800                PROVIDE (__fini_array_end = .)
                0x08004800                . = ALIGN (0x4)
                0x08004800                _sidata = LOADADDR (.data)

.data           0x20000000      0x43c load address 0x08004800
                0x20000000                . = ALIGN (0x4)
                0x20000000                _sdata = .
 *(.data)
 *(.data*)
 .data.SystemCoreClock
                0x20000000        0x4 CMakeFiles/BSP.dir/Core/Src/system_stm32f7xx.c.obj
                0x20000000                SystemCoreClock
 .data.uwTickPrio
                0x20000004        0x4 CMakeFiles/BSP.dir/Drivers/STM32F7xx_HAL_Driver/Src/stm32f7xx_hal.c.obj
                0x20000004                uwTickPrio
 .data.uwTickFreq
                0x20000008        0x1 CMakeFiles/BSP.dir/Drivers/STM32F7xx_HAL_Driver/Src/stm32f7xx_hal.c.obj
                0x20000008                uwTickFreq
 *fill*         0x20000009        0x7 
 .data.impure_data
                0x20000010      0x428 c:/sysgcc/arm-eabi/bin/../lib/gcc/arm-none-eabi/10.3.1/../../../../arm-none-eabi/lib/thumb/v7e-m+dp/hard\libg.a(lib_a-impure.o)
 .data.__atexit_recursive_mutex
                0x20000438        0x4 c:/sysgcc/arm-eabi/bin/../lib/gcc/arm-none-eabi/10.3.1/../../../../arm-none-eabi/lib/thumb/v7e-m+dp/hard\libg.a(lib_a-__call_atexit.o)
                0x20000438                __atexit_recursive_mutex
 *(.RamFunc)
 *(.RamFunc*)
                0x2000043c                . = ALIGN (0x4)
                0x2000043c                _edata = .

.igot.plt       0x2000043c        0x0 load address 0x08004c3c
 .igot.plt      0x2000043c        0x0 c:/sysgcc/arm-eabi/bin/../lib/gcc/arm-none-eabi/10.3.1/thumb/v7e-m+dp/hard/crtbegin.o
                0x2000043c                . = ALIGN (0x4)

.bss            0x2000043c      0x16c load address 0x08004c3c
                0x2000043c                _sbss = .
                0x2000043c                __bss_start__ = _sbss
 *(.bss)
 .bss           0x2000043c       0x1c c:/sysgcc/arm-eabi/bin/../lib/gcc/arm-none-eabi/10.3.1/thumb/v7e-m+dp/hard/crtbegin.o
 *(.bss*)
 .bss.Adc1Results
                0x20000458        0x4 CMakeFiles/BSP.dir/Core/Src/main.c.obj
                0x20000458                Adc1Results
 .bss.ADC2_val  0x2000045c        0x2 CMakeFiles/BSP.dir/Core/Src/main.c.obj
                0x2000045c                ADC2_val
 *fill*         0x2000045e        0x2 
 .bss.ADCInterupts
                0x20000460        0x4 CMakeFiles/BSP.dir/Core/Src/main.c.obj
                0x20000460                ADCInterupts
 .bss.hadc1     0x20000464       0x48 CMakeFiles/BSP.dir/Core/Src/main.c.obj
                0x20000464                hadc1
 .bss.hadc2     0x200004ac       0x48 CMakeFiles/BSP.dir/Core/Src/main.c.obj
                0x200004ac                hadc2
 .bss.hdma_adc1
                0x200004f4       0x60 CMakeFiles/BSP.dir/Core/Src/main.c.obj
                0x200004f4                hdma_adc1
 .bss.htim1     0x20000554       0x4c CMakeFiles/BSP.dir/Core/Src/main.c.obj
                0x20000554                htim1
 .bss.uwTick    0x200005a0        0x4 CMakeFiles/BSP.dir/Drivers/STM32F7xx_HAL_Driver/Src/stm32f7xx_hal.c.obj
                0x200005a0                uwTick
 .bss.__lock___atexit_recursive_mutex
                0x200005a4        0x1 c:/sysgcc/arm-eabi/bin/../lib/gcc/arm-none-eabi/10.3.1/../../../../arm-none-eabi/lib/thumb/v7e-m+dp/hard\libg.a(lib_a-lock.o)
                0x200005a4                __lock___atexit_recursive_mutex
 *(COMMON)
                0x200005a8                . = ALIGN (0x4)
 *fill*         0x200005a5        0x3 
                0x200005a8                _ebss = .
                0x200005a8                __bss_end__ = _ebss

._user_heap_stack
                0x200005a8      0x600 load address 0x08004c3c
                0x200005a8                . = ALIGN (0x8)
                [!provide]                PROVIDE (end = .)
                0x200005a8                PROVIDE (_end = .)
                0x200007a8                . = (. + _Min_Heap_Size)
 *fill*         0x200005a8      0x200 
                0x20000ba8                . = (. + _Min_Stack_Size)
 *fill*         0x200007a8      0x400 
                0x20000ba8                . = ALIGN (0x8)

/DISCARD/
 libc.a(*)
 libm.a(*)
 libgcc.a(*)

.ARM.attributes
                0x00000000       0x2e
 *(.ARM.attributes)
 .ARM.attributes
                0x00000000       0x1e c:/sysgcc/arm-eabi/bin/../lib/gcc/arm-none-eabi/10.3.1/thumb/v7e-m+dp/hard/crti.o
 .ARM.attributes
                0x0000001e       0x32 c:/sysgcc/arm-eabi/bin/../lib/gcc/arm-none-eabi/10.3.1/thumb/v7e-m+dp/hard/crtbegin.o
 .ARM.attributes
                0x00000050       0x32 CMakeFiles/BSP.dir/Core/Src/main.c.obj
 .ARM.attributes
                0x00000082       0x32 CMakeFiles/BSP.dir/Core/Src/stm32f7xx_hal_msp.c.obj
 .ARM.attributes
                0x000000b4       0x32 CMakeFiles/BSP.dir/Core/Src/stm32f7xx_it.c.obj
 .ARM.attributes
                0x000000e6       0x32 CMakeFiles/BSP.dir/Core/Src/system_stm32f7xx.c.obj
 .ARM.attributes
                0x00000118       0x21 CMakeFiles/BSP.dir/Core/Startup/startup_stm32f767zitx.s.obj
 .ARM.attributes
                0x00000139       0x32 CMakeFiles/BSP.dir/Drivers/STM32F7xx_HAL_Driver/Src/stm32f7xx_hal.c.obj
 .ARM.attributes
                0x0000016b       0x32 CMakeFiles/BSP.dir/Drivers/STM32F7xx_HAL_Driver/Src/stm32f7xx_hal_adc.c.obj
 .ARM.attributes
                0x0000019d       0x32 CMakeFiles/BSP.dir/Drivers/STM32F7xx_HAL_Driver/Src/stm32f7xx_hal_adc_ex.c.obj
 .ARM.attributes
                0x000001cf       0x32 CMakeFiles/BSP.dir/Drivers/STM32F7xx_HAL_Driver/Src/stm32f7xx_hal_cortex.c.obj
 .ARM.attributes
                0x00000201       0x32 CMakeFiles/BSP.dir/Drivers/STM32F7xx_HAL_Driver/Src/stm32f7xx_hal_dma.c.obj
 .ARM.attributes
                0x00000233       0x32 CMakeFiles/BSP.dir/Drivers/STM32F7xx_HAL_Driver/Src/stm32f7xx_hal_gpio.c.obj
 .ARM.attributes
                0x00000265       0x32 CMakeFiles/BSP.dir/Drivers/STM32F7xx_HAL_Driver/Src/stm32f7xx_hal_rcc.c.obj
 .ARM.attributes
                0x00000297       0x32 CMakeFiles/BSP.dir/Drivers/STM32F7xx_HAL_Driver/Src/stm32f7xx_hal_tim.c.obj
 .ARM.attributes
                0x000002c9       0x32 CMakeFiles/BSP.dir/Drivers/STM32F7xx_HAL_Driver/Src/stm32f7xx_hal_tim_ex.c.obj
 .ARM.attributes
                0x000002fb       0x1e c:/sysgcc/arm-eabi/bin/../lib/gcc/arm-none-eabi/10.3.1/thumb/v7e-m+dp/hard\libgcc.a(_aeabi_uldivmod.o)
 .ARM.attributes
                0x00000319       0x32 c:/sysgcc/arm-eabi/bin/../lib/gcc/arm-none-eabi/10.3.1/thumb/v7e-m+dp/hard\libgcc.a(_udivmoddi4.o)
 .ARM.attributes
                0x0000034b       0x1e c:/sysgcc/arm-eabi/bin/../lib/gcc/arm-none-eabi/10.3.1/thumb/v7e-m+dp/hard\libgcc.a(_dvmd_tls.o)
 .ARM.attributes
                0x00000369       0x30 c:/sysgcc/arm-eabi/bin/../lib/gcc/arm-none-eabi/10.3.1/../../../../arm-none-eabi/lib/thumb/v7e-m+dp/hard\libg.a(lib_a-impure.o)
 .ARM.attributes
                0x00000399       0x32 c:/sysgcc/arm-eabi/bin/../lib/gcc/arm-none-eabi/10.3.1/../../../../arm-none-eabi/lib/thumb/v7e-m+dp/hard\libg.a(lib_a-init.o)
 .ARM.attributes
                0x000003cb       0x32 c:/sysgcc/arm-eabi/bin/../lib/gcc/arm-none-eabi/10.3.1/../../../../arm-none-eabi/lib/thumb/v7e-m+dp/hard\libg.a(lib_a-memset.o)
 .ARM.attributes
                0x000003fd       0x32 c:/sysgcc/arm-eabi/bin/../lib/gcc/arm-none-eabi/10.3.1/../../../../arm-none-eabi/lib/thumb/v7e-m+dp/hard\libg.a(lib_a-__call_atexit.o)
 .ARM.attributes
                0x0000042f       0x32 c:/sysgcc/arm-eabi/bin/../lib/gcc/arm-none-eabi/10.3.1/../../../../arm-none-eabi/lib/thumb/v7e-m+dp/hard\libg.a(lib_a-atexit.o)
 .ARM.attributes
                0x00000461       0x32 c:/sysgcc/arm-eabi/bin/../lib/gcc/arm-none-eabi/10.3.1/../../../../arm-none-eabi/lib/thumb/v7e-m+dp/hard\libg.a(lib_a-fini.o)
 .ARM.attributes
                0x00000493       0x32 c:/sysgcc/arm-eabi/bin/../lib/gcc/arm-none-eabi/10.3.1/../../../../arm-none-eabi/lib/thumb/v7e-m+dp/hard\libg.a(lib_a-lock.o)
 .ARM.attributes
                0x000004c5       0x32 c:/sysgcc/arm-eabi/bin/../lib/gcc/arm-none-eabi/10.3.1/../../../../arm-none-eabi/lib/thumb/v7e-m+dp/hard\libg.a(lib_a-__atexit.o)
 .ARM.attributes
                0x000004f7       0x1e c:/sysgcc/arm-eabi/bin/../lib/gcc/arm-none-eabi/10.3.1/thumb/v7e-m+dp/hard/crtn.o
OUTPUT(3Chan_ADC_DMA elf32-littlearm)
LOAD linker stubs
LOAD c:/sysgcc/arm-eabi/bin/../lib/gcc/arm-none-eabi/10.3.1/../../../../arm-none-eabi/lib/thumb/v7e-m+dp/hard\libc.a
LOAD c:/sysgcc/arm-eabi/bin/../lib/gcc/arm-none-eabi/10.3.1/../../../../arm-none-eabi/lib/thumb/v7e-m+dp/hard\libm.a
LOAD c:/sysgcc/arm-eabi/bin/../lib/gcc/arm-none-eabi/10.3.1/thumb/v7e-m+dp/hard\libgcc.a

.debug_info     0x00000000     0xc85f
 .debug_info    0x00000000     0x15a5 CMakeFiles/BSP.dir/Core/Src/main.c.obj
 .debug_info    0x000015a5     0x10b4 CMakeFiles/BSP.dir/Core/Src/stm32f7xx_hal_msp.c.obj
 .debug_info    0x00002659      0xa3e CMakeFiles/BSP.dir/Core/Src/stm32f7xx_it.c.obj
 .debug_info    0x00003097      0x72c CMakeFiles/BSP.dir/Core/Src/system_stm32f7xx.c.obj
 .debug_info    0x000037c3       0x22 CMakeFiles/BSP.dir/Core/Startup/startup_stm32f767zitx.s.obj
 .debug_info    0x000037e5      0xa2f CMakeFiles/BSP.dir/Drivers/STM32F7xx_HAL_Driver/Src/stm32f7xx_hal.c.obj
 .debug_info    0x00004214      0xcbe CMakeFiles/BSP.dir/Drivers/STM32F7xx_HAL_Driver/Src/stm32f7xx_hal_adc.c.obj
 .debug_info    0x00004ed2      0xae6 CMakeFiles/BSP.dir/Drivers/STM32F7xx_HAL_Driver/Src/stm32f7xx_hal_adc_ex.c.obj
 .debug_info    0x000059b8     0x109c CMakeFiles/BSP.dir/Drivers/STM32F7xx_HAL_Driver/Src/stm32f7xx_hal_cortex.c.obj
 .debug_info    0x00006a54      0x943 CMakeFiles/BSP.dir/Drivers/STM32F7xx_HAL_Driver/Src/stm32f7xx_hal_dma.c.obj
 .debug_info    0x00007397      0x7a2 CMakeFiles/BSP.dir/Drivers/STM32F7xx_HAL_Driver/Src/stm32f7xx_hal_gpio.c.obj
 .debug_info    0x00007b39      0x9b3 CMakeFiles/BSP.dir/Drivers/STM32F7xx_HAL_Driver/Src/stm32f7xx_hal_rcc.c.obj
 .debug_info    0x000084ec     0x2ca2 CMakeFiles/BSP.dir/Drivers/STM32F7xx_HAL_Driver/Src/stm32f7xx_hal_tim.c.obj
 .debug_info    0x0000b18e     0x16d1 CMakeFiles/BSP.dir/Drivers/STM32F7xx_HAL_Driver/Src/stm32f7xx_hal_tim_ex.c.obj

.debug_abbrev   0x00000000     0x1afd
 .debug_abbrev  0x00000000      0x251 CMakeFiles/BSP.dir/Core/Src/main.c.obj
 .debug_abbrev  0x00000251      0x1db CMakeFiles/BSP.dir/Core/Src/stm32f7xx_hal_msp.c.obj
 .debug_abbrev  0x0000042c      0x16d CMakeFiles/BSP.dir/Core/Src/stm32f7xx_it.c.obj
 .debug_abbrev  0x00000599      0x136 CMakeFiles/BSP.dir/Core/Src/system_stm32f7xx.c.obj
 .debug_abbrev  0x000006cf       0x12 CMakeFiles/BSP.dir/Core/Startup/startup_stm32f767zitx.s.obj
 .debug_abbrev  0x000006e1      0x1da CMakeFiles/BSP.dir/Drivers/STM32F7xx_HAL_Driver/Src/stm32f7xx_hal.c.obj
 .debug_abbrev  0x000008bb      0x203 CMakeFiles/BSP.dir/Drivers/STM32F7xx_HAL_Driver/Src/stm32f7xx_hal_adc.c.obj
 .debug_abbrev  0x00000abe      0x21e CMakeFiles/BSP.dir/Drivers/STM32F7xx_HAL_Driver/Src/stm32f7xx_hal_adc_ex.c.obj
 .debug_abbrev  0x00000cdc      0x316 CMakeFiles/BSP.dir/Drivers/STM32F7xx_HAL_Driver/Src/stm32f7xx_hal_cortex.c.obj
 .debug_abbrev  0x00000ff2      0x246 CMakeFiles/BSP.dir/Drivers/STM32F7xx_HAL_Driver/Src/stm32f7xx_hal_dma.c.obj
 .debug_abbrev  0x00001238      0x1c4 CMakeFiles/BSP.dir/Drivers/STM32F7xx_HAL_Driver/Src/stm32f7xx_hal_gpio.c.obj
 .debug_abbrev  0x000013fc      0x289 CMakeFiles/BSP.dir/Drivers/STM32F7xx_HAL_Driver/Src/stm32f7xx_hal_rcc.c.obj
 .debug_abbrev  0x00001685      0x238 CMakeFiles/BSP.dir/Drivers/STM32F7xx_HAL_Driver/Src/stm32f7xx_hal_tim.c.obj
 .debug_abbrev  0x000018bd      0x240 CMakeFiles/BSP.dir/Drivers/STM32F7xx_HAL_Driver/Src/stm32f7xx_hal_tim_ex.c.obj

.debug_aranges  0x00000000      0xbe0
 .debug_aranges
                0x00000000       0x60 CMakeFiles/BSP.dir/Core/Src/main.c.obj
 .debug_aranges
                0x00000060       0x40 CMakeFiles/BSP.dir/Core/Src/stm32f7xx_hal_msp.c.obj
 .debug_aranges
                0x000000a0       0x80 CMakeFiles/BSP.dir/Core/Src/stm32f7xx_it.c.obj
 .debug_aranges
                0x00000120       0x28 CMakeFiles/BSP.dir/Core/Src/system_stm32f7xx.c.obj
 .debug_aranges
                0x00000148       0x28 CMakeFiles/BSP.dir/Core/Startup/startup_stm32f767zitx.s.obj
 .debug_aranges
                0x00000170      0x110 CMakeFiles/BSP.dir/Drivers/STM32F7xx_HAL_Driver/Src/stm32f7xx_hal.c.obj
 .debug_aranges
                0x00000280       0xe8 CMakeFiles/BSP.dir/Drivers/STM32F7xx_HAL_Driver/Src/stm32f7xx_hal_adc.c.obj
 .debug_aranges
                0x00000368       0x90 CMakeFiles/BSP.dir/Drivers/STM32F7xx_HAL_Driver/Src/stm32f7xx_hal_adc_ex.c.obj
 .debug_aranges
                0x000003f8      0x118 CMakeFiles/BSP.dir/Drivers/STM32F7xx_HAL_Driver/Src/stm32f7xx_hal_cortex.c.obj
 .debug_aranges
                0x00000510       0x90 CMakeFiles/BSP.dir/Drivers/STM32F7xx_HAL_Driver/Src/stm32f7xx_hal_dma.c.obj
 .debug_aranges
                0x000005a0       0x58 CMakeFiles/BSP.dir/Drivers/STM32F7xx_HAL_Driver/Src/stm32f7xx_hal_gpio.c.obj
 .debug_aranges
                0x000005f8       0x88 CMakeFiles/BSP.dir/Drivers/STM32F7xx_HAL_Driver/Src/stm32f7xx_hal_rcc.c.obj
 .debug_aranges
                0x00000680      0x3e0 CMakeFiles/BSP.dir/Drivers/STM32F7xx_HAL_Driver/Src/stm32f7xx_hal_tim.c.obj
 .debug_aranges
                0x00000a60      0x180 CMakeFiles/BSP.dir/Drivers/STM32F7xx_HAL_Driver/Src/stm32f7xx_hal_tim_ex.c.obj

.debug_ranges   0x00000000      0xb08
 .debug_ranges  0x00000000       0x50 CMakeFiles/BSP.dir/Core/Src/main.c.obj
 .debug_ranges  0x00000050       0x30 CMakeFiles/BSP.dir/Core/Src/stm32f7xx_hal_msp.c.obj
 .debug_ranges  0x00000080       0x70 CMakeFiles/BSP.dir/Core/Src/stm32f7xx_it.c.obj
 .debug_ranges  0x000000f0       0x18 CMakeFiles/BSP.dir/Core/Src/system_stm32f7xx.c.obj
 .debug_ranges  0x00000108       0x20 CMakeFiles/BSP.dir/Core/Startup/startup_stm32f767zitx.s.obj
 .debug_ranges  0x00000128      0x100 CMakeFiles/BSP.dir/Drivers/STM32F7xx_HAL_Driver/Src/stm32f7xx_hal.c.obj
 .debug_ranges  0x00000228       0xd8 CMakeFiles/BSP.dir/Drivers/STM32F7xx_HAL_Driver/Src/stm32f7xx_hal_adc.c.obj
 .debug_ranges  0x00000300       0x80 CMakeFiles/BSP.dir/Drivers/STM32F7xx_HAL_Driver/Src/stm32f7xx_hal_adc_ex.c.obj
 .debug_ranges  0x00000380      0x108 CMakeFiles/BSP.dir/Drivers/STM32F7xx_HAL_Driver/Src/stm32f7xx_hal_cortex.c.obj
 .debug_ranges  0x00000488       0x80 CMakeFiles/BSP.dir/Drivers/STM32F7xx_HAL_Driver/Src/stm32f7xx_hal_dma.c.obj
 .debug_ranges  0x00000508       0x48 CMakeFiles/BSP.dir/Drivers/STM32F7xx_HAL_Driver/Src/stm32f7xx_hal_gpio.c.obj
 .debug_ranges  0x00000550       0x78 CMakeFiles/BSP.dir/Drivers/STM32F7xx_HAL_Driver/Src/stm32f7xx_hal_rcc.c.obj
 .debug_ranges  0x000005c8      0x3d0 CMakeFiles/BSP.dir/Drivers/STM32F7xx_HAL_Driver/Src/stm32f7xx_hal_tim.c.obj
 .debug_ranges  0x00000998      0x170 CMakeFiles/BSP.dir/Drivers/STM32F7xx_HAL_Driver/Src/stm32f7xx_hal_tim_ex.c.obj

.debug_macro    0x00000000    0x26e66
 .debug_macro   0x00000000      0x1f7 CMakeFiles/BSP.dir/Core/Src/main.c.obj
 .debug_macro   0x000001f7      0xa8a CMakeFiles/BSP.dir/Core/Src/main.c.obj
 .debug_macro   0x00000c81      0x293 CMakeFiles/BSP.dir/Core/Src/main.c.obj
 .debug_macro   0x00000f14       0x2e CMakeFiles/BSP.dir/Core/Src/main.c.obj
 .debug_macro   0x00000f42       0x3b CMakeFiles/BSP.dir/Core/Src/main.c.obj
 .debug_macro   0x00000f7d       0x22 CMakeFiles/BSP.dir/Core/Src/main.c.obj
 .debug_macro   0x00000f9f       0x8e CMakeFiles/BSP.dir/Core/Src/main.c.obj
 .debug_macro   0x0000102d       0x51 CMakeFiles/BSP.dir/Core/Src/main.c.obj
 .debug_macro   0x0000107e      0x103 CMakeFiles/BSP.dir/Core/Src/main.c.obj
 .debug_macro   0x00001181       0x6a CMakeFiles/BSP.dir/Core/Src/main.c.obj
 .debug_macro   0x000011eb      0x1df CMakeFiles/BSP.dir/Core/Src/main.c.obj
 .debug_macro   0x000013ca       0x1c CMakeFiles/BSP.dir/Core/Src/main.c.obj
 .debug_macro   0x000013e6       0x22 CMakeFiles/BSP.dir/Core/Src/main.c.obj
 .debug_macro   0x00001408       0xd9 CMakeFiles/BSP.dir/Core/Src/main.c.obj
 .debug_macro   0x000014e1     0x12cd CMakeFiles/BSP.dir/Core/Src/main.c.obj
 .debug_macro   0x000027ae      0x11f CMakeFiles/BSP.dir/Core/Src/main.c.obj
 .debug_macro   0x000028cd       0x19 CMakeFiles/BSP.dir/Core/Src/main.c.obj
 .debug_macro   0x000028e6    0x1aa0d CMakeFiles/BSP.dir/Core/Src/main.c.obj
 .debug_macro   0x0001d2f3       0x6d CMakeFiles/BSP.dir/Core/Src/main.c.obj
 .debug_macro   0x0001d360     0x3749 CMakeFiles/BSP.dir/Core/Src/main.c.obj
 .debug_macro   0x00020aa9      0x174 CMakeFiles/BSP.dir/Core/Src/main.c.obj
 .debug_macro   0x00020c1d       0x63 CMakeFiles/BSP.dir/Core/Src/main.c.obj
 .debug_macro   0x00020c80     0x1add CMakeFiles/BSP.dir/Core/Src/main.c.obj
 .debug_macro   0x0002275d      0x6c4 CMakeFiles/BSP.dir/Core/Src/main.c.obj
 .debug_macro   0x00022e21      0x18b CMakeFiles/BSP.dir/Core/Src/main.c.obj
 .debug_macro   0x00022fac      0x115 CMakeFiles/BSP.dir/Core/Src/main.c.obj
 .debug_macro   0x000230c1      0x26e CMakeFiles/BSP.dir/Core/Src/main.c.obj
 .debug_macro   0x0002332f       0xa5 CMakeFiles/BSP.dir/Core/Src/main.c.obj
 .debug_macro   0x000233d4      0x24f CMakeFiles/BSP.dir/Core/Src/main.c.obj
 .debug_macro   0x00023623       0x71 CMakeFiles/BSP.dir/Core/Src/main.c.obj
 .debug_macro   0x00023694       0x58 CMakeFiles/BSP.dir/Core/Src/main.c.obj
 .debug_macro   0x000236ec      0x236 CMakeFiles/BSP.dir/Core/Src/main.c.obj
 .debug_macro   0x00023922      0x416 CMakeFiles/BSP.dir/Core/Src/main.c.obj
 .debug_macro   0x00023d38      0x153 CMakeFiles/BSP.dir/Core/Src/main.c.obj
 .debug_macro   0x00023e8b      0x107 CMakeFiles/BSP.dir/Core/Src/main.c.obj
 .debug_macro   0x00023f92      0x14e CMakeFiles/BSP.dir/Core/Src/main.c.obj
 .debug_macro   0x000240e0      0x3db CMakeFiles/BSP.dir/Core/Src/main.c.obj
 .debug_macro   0x000244bb       0x12 CMakeFiles/BSP.dir/Core/Src/main.c.obj
 .debug_macro   0x000244cd      0x22c CMakeFiles/BSP.dir/Core/Src/main.c.obj
 .debug_macro   0x000246f9       0x61 CMakeFiles/BSP.dir/Core/Src/main.c.obj
 .debug_macro   0x0002475a       0xa5 CMakeFiles/BSP.dir/Core/Src/main.c.obj
 .debug_macro   0x000247ff      0x12e CMakeFiles/BSP.dir/Core/Src/main.c.obj
 .debug_macro   0x0002492d      0x108 CMakeFiles/BSP.dir/Core/Src/main.c.obj
 .debug_macro   0x00024a35       0x35 CMakeFiles/BSP.dir/Core/Src/main.c.obj
 .debug_macro   0x00024a6a      0xa8a CMakeFiles/BSP.dir/Core/Src/main.c.obj
 .debug_macro   0x000254f4       0xa9 CMakeFiles/BSP.dir/Core/Src/main.c.obj
 .debug_macro   0x0002559d      0x15b CMakeFiles/BSP.dir/Core/Src/main.c.obj
 .debug_macro   0x000256f8       0x10 CMakeFiles/BSP.dir/Core/Src/main.c.obj
 .debug_macro   0x00025708      0x1f7 CMakeFiles/BSP.dir/Core/Src/stm32f7xx_hal_msp.c.obj
 .debug_macro   0x000258ff      0x201 CMakeFiles/BSP.dir/Core/Src/stm32f7xx_it.c.obj
 .debug_macro   0x00025b00      0x1e8 CMakeFiles/BSP.dir/Core/Src/system_stm32f7xx.c.obj
 .debug_macro   0x00025ce8      0x20c CMakeFiles/BSP.dir/Drivers/STM32F7xx_HAL_Driver/Src/stm32f7xx_hal.c.obj
 .debug_macro   0x00025ef4      0x1e9 CMakeFiles/BSP.dir/Drivers/STM32F7xx_HAL_Driver/Src/stm32f7xx_hal_adc.c.obj
 .debug_macro   0x000260dd      0x1e8 CMakeFiles/BSP.dir/Drivers/STM32F7xx_HAL_Driver/Src/stm32f7xx_hal_adc_ex.c.obj
 .debug_macro   0x000262c5      0x1e8 CMakeFiles/BSP.dir/Drivers/STM32F7xx_HAL_Driver/Src/stm32f7xx_hal_cortex.c.obj
 .debug_macro   0x000264ad      0x1ee CMakeFiles/BSP.dir/Drivers/STM32F7xx_HAL_Driver/Src/stm32f7xx_hal_dma.c.obj
 .debug_macro   0x0002669b      0x1ee CMakeFiles/BSP.dir/Drivers/STM32F7xx_HAL_Driver/Src/stm32f7xx_hal_gpio.c.obj
 .debug_macro   0x00026889      0x20c CMakeFiles/BSP.dir/Drivers/STM32F7xx_HAL_Driver/Src/stm32f7xx_hal_rcc.c.obj
 .debug_macro   0x00026a95      0x1e9 CMakeFiles/BSP.dir/Drivers/STM32F7xx_HAL_Driver/Src/stm32f7xx_hal_tim.c.obj
 .debug_macro   0x00026c7e      0x1e8 CMakeFiles/BSP.dir/Drivers/STM32F7xx_HAL_Driver/Src/stm32f7xx_hal_tim_ex.c.obj

.debug_line     0x00000000     0xc062
 .debug_line    0x00000000      0x754 CMakeFiles/BSP.dir/Core/Src/main.c.obj
 .debug_line    0x00000754      0x5da CMakeFiles/BSP.dir/Core/Src/stm32f7xx_hal_msp.c.obj
 .debug_line    0x00000d2e      0x620 CMakeFiles/BSP.dir/Core/Src/stm32f7xx_it.c.obj
 .debug_line    0x0000134e      0x57c CMakeFiles/BSP.dir/Core/Src/system_stm32f7xx.c.obj
 .debug_line    0x000018ca       0x8e CMakeFiles/BSP.dir/Core/Startup/startup_stm32f767zitx.s.obj
 .debug_line    0x00001958      0x83d CMakeFiles/BSP.dir/Drivers/STM32F7xx_HAL_Driver/Src/stm32f7xx_hal.c.obj
 .debug_line    0x00002195     0x1045 CMakeFiles/BSP.dir/Drivers/STM32F7xx_HAL_Driver/Src/stm32f7xx_hal_adc.c.obj
 .debug_line    0x000031da      0xc7f CMakeFiles/BSP.dir/Drivers/STM32F7xx_HAL_Driver/Src/stm32f7xx_hal_adc_ex.c.obj
 .debug_line    0x00003e59      0xa93 CMakeFiles/BSP.dir/Drivers/STM32F7xx_HAL_Driver/Src/stm32f7xx_hal_cortex.c.obj
 .debug_line    0x000048ec      0xd5c CMakeFiles/BSP.dir/Drivers/STM32F7xx_HAL_Driver/Src/stm32f7xx_hal_dma.c.obj
 .debug_line    0x00005648      0x981 CMakeFiles/BSP.dir/Drivers/STM32F7xx_HAL_Driver/Src/stm32f7xx_hal_gpio.c.obj
 .debug_line    0x00005fc9      0xc7d CMakeFiles/BSP.dir/Drivers/STM32F7xx_HAL_Driver/Src/stm32f7xx_hal_rcc.c.obj
 .debug_line    0x00006c46     0x3a31 CMakeFiles/BSP.dir/Drivers/STM32F7xx_HAL_Driver/Src/stm32f7xx_hal_tim.c.obj
 .debug_line    0x0000a677     0x19eb CMakeFiles/BSP.dir/Drivers/STM32F7xx_HAL_Driver/Src/stm32f7xx_hal_tim_ex.c.obj

.debug_str      0x00000000    0xf76a1
 .debug_str     0x00000000    0xf4ba2 CMakeFiles/BSP.dir/Core/Src/main.c.obj
                              0xf53af (size before relaxing)
 .debug_str     0x000f4ba2       0x8a CMakeFiles/BSP.dir/Core/Src/stm32f7xx_hal_msp.c.obj
                              0xf4fe5 (size before relaxing)
 .debug_str     0x000f4c2c      0x112 CMakeFiles/BSP.dir/Core/Src/stm32f7xx_it.c.obj
                              0xf4888 (size before relaxing)
 .debug_str     0x000f4d3e      0x1b4 CMakeFiles/BSP.dir/Core/Src/system_stm32f7xx.c.obj
                              0xf42f7 (size before relaxing)
 .debug_str     0x000f4ef2       0x3c CMakeFiles/BSP.dir/Core/Startup/startup_stm32f767zitx.s.obj
                                 0x91 (size before relaxing)
 .debug_str     0x000f4f2e      0x44e CMakeFiles/BSP.dir/Drivers/STM32F7xx_HAL_Driver/Src/stm32f7xx_hal.c.obj
                              0xf4ce8 (size before relaxing)
 .debug_str     0x000f537c      0x293 CMakeFiles/BSP.dir/Drivers/STM32F7xx_HAL_Driver/Src/stm32f7xx_hal_adc.c.obj
                              0xf47a2 (size before relaxing)
 .debug_str     0x000f560f      0x308 CMakeFiles/BSP.dir/Drivers/STM32F7xx_HAL_Driver/Src/stm32f7xx_hal_adc_ex.c.obj
                              0xf47cd (size before relaxing)
 .debug_str     0x000f5917      0x39d CMakeFiles/BSP.dir/Drivers/STM32F7xx_HAL_Driver/Src/stm32f7xx_hal_cortex.c.obj
                              0xf4ce7 (size before relaxing)
 .debug_str     0x000f5cb4      0x334 CMakeFiles/BSP.dir/Drivers/STM32F7xx_HAL_Driver/Src/stm32f7xx_hal_dma.c.obj
                              0xf462a (size before relaxing)
 .debug_str     0x000f5fe8      0x14e CMakeFiles/BSP.dir/Drivers/STM32F7xx_HAL_Driver/Src/stm32f7xx_hal_gpio.c.obj
                              0xf43b5 (size before relaxing)
 .debug_str     0x000f6136      0x28c CMakeFiles/BSP.dir/Drivers/STM32F7xx_HAL_Driver/Src/stm32f7xx_hal_rcc.c.obj
                              0xf464b (size before relaxing)
 .debug_str     0x000f63c2      0xda7 CMakeFiles/BSP.dir/Drivers/STM32F7xx_HAL_Driver/Src/stm32f7xx_hal_tim.c.obj
                              0xf5568 (size before relaxing)
 .debug_str     0x000f7169      0x538 CMakeFiles/BSP.dir/Drivers/STM32F7xx_HAL_Driver/Src/stm32f7xx_hal_tim_ex.c.obj
                              0xf4e2c (size before relaxing)

.comment        0x00000000       0x49
 .comment       0x00000000       0x49 CMakeFiles/BSP.dir/Core/Src/main.c.obj
                                 0x4a (size before relaxing)
 .comment       0x00000049       0x4a CMakeFiles/BSP.dir/Core/Src/stm32f7xx_hal_msp.c.obj
 .comment       0x00000049       0x4a CMakeFiles/BSP.dir/Core/Src/stm32f7xx_it.c.obj
 .comment       0x00000049       0x4a CMakeFiles/BSP.dir/Core/Src/system_stm32f7xx.c.obj
 .comment       0x00000049       0x4a CMakeFiles/BSP.dir/Drivers/STM32F7xx_HAL_Driver/Src/stm32f7xx_hal.c.obj
 .comment       0x00000049       0x4a CMakeFiles/BSP.dir/Drivers/STM32F7xx_HAL_Driver/Src/stm32f7xx_hal_adc.c.obj
 .comment       0x00000049       0x4a CMakeFiles/BSP.dir/Drivers/STM32F7xx_HAL_Driver/Src/stm32f7xx_hal_adc_ex.c.obj
 .comment       0x00000049       0x4a CMakeFiles/BSP.dir/Drivers/STM32F7xx_HAL_Driver/Src/stm32f7xx_hal_cortex.c.obj
 .comment       0x00000049       0x4a CMakeFiles/BSP.dir/Drivers/STM32F7xx_HAL_Driver/Src/stm32f7xx_hal_dma.c.obj
 .comment       0x00000049       0x4a CMakeFiles/BSP.dir/Drivers/STM32F7xx_HAL_Driver/Src/stm32f7xx_hal_gpio.c.obj
 .comment       0x00000049       0x4a CMakeFiles/BSP.dir/Drivers/STM32F7xx_HAL_Driver/Src/stm32f7xx_hal_rcc.c.obj
 .comment       0x00000049       0x4a CMakeFiles/BSP.dir/Drivers/STM32F7xx_HAL_Driver/Src/stm32f7xx_hal_tim.c.obj
 .comment       0x00000049       0x4a CMakeFiles/BSP.dir/Drivers/STM32F7xx_HAL_Driver/Src/stm32f7xx_hal_tim_ex.c.obj

.debug_frame    0x00000000     0x3368
 .debug_frame   0x00000000      0x144 CMakeFiles/BSP.dir/Core/Src/main.c.obj
 .debug_frame   0x00000144       0xc8 CMakeFiles/BSP.dir/Core/Src/stm32f7xx_hal_msp.c.obj
 .debug_frame   0x0000020c      0x174 CMakeFiles/BSP.dir/Core/Src/stm32f7xx_it.c.obj
 .debug_frame   0x00000380       0x58 CMakeFiles/BSP.dir/Core/Src/system_stm32f7xx.c.obj
 .debug_frame   0x000003d8      0x3f4 CMakeFiles/BSP.dir/Drivers/STM32F7xx_HAL_Driver/Src/stm32f7xx_hal.c.obj
 .debug_frame   0x000007cc      0x3fc CMakeFiles/BSP.dir/Drivers/STM32F7xx_HAL_Driver/Src/stm32f7xx_hal_adc.c.obj
 .debug_frame   0x00000bc8      0x250 CMakeFiles/BSP.dir/Drivers/STM32F7xx_HAL_Driver/Src/stm32f7xx_hal_adc_ex.c.obj
 .debug_frame   0x00000e18      0x498 CMakeFiles/BSP.dir/Drivers/STM32F7xx_HAL_Driver/Src/stm32f7xx_hal_cortex.c.obj
 .debug_frame   0x000012b0      0x250 CMakeFiles/BSP.dir/Drivers/STM32F7xx_HAL_Driver/Src/stm32f7xx_hal_dma.c.obj
 .debug_frame   0x00001500      0x14c CMakeFiles/BSP.dir/Drivers/STM32F7xx_HAL_Driver/Src/stm32f7xx_hal_gpio.c.obj
 .debug_frame   0x0000164c      0x1f8 CMakeFiles/BSP.dir/Drivers/STM32F7xx_HAL_Driver/Src/stm32f7xx_hal_rcc.c.obj
 .debug_frame   0x00001844     0x121c CMakeFiles/BSP.dir/Drivers/STM32F7xx_HAL_Driver/Src/stm32f7xx_hal_tim.c.obj
 .debug_frame   0x00002a60      0x6b0 CMakeFiles/BSP.dir/Drivers/STM32F7xx_HAL_Driver/Src/stm32f7xx_hal_tim_ex.c.obj
 .debug_frame   0x00003110       0x2c c:/sysgcc/arm-eabi/bin/../lib/gcc/arm-none-eabi/10.3.1/thumb/v7e-m+dp/hard\libgcc.a(_aeabi_uldivmod.o)
 .debug_frame   0x0000313c       0x34 c:/sysgcc/arm-eabi/bin/../lib/gcc/arm-none-eabi/10.3.1/thumb/v7e-m+dp/hard\libgcc.a(_udivmoddi4.o)
 .debug_frame   0x00003170       0x2c c:/sysgcc/arm-eabi/bin/../lib/gcc/arm-none-eabi/10.3.1/../../../../arm-none-eabi/lib/thumb/v7e-m+dp/hard\libg.a(lib_a-init.o)
 .debug_frame   0x0000319c       0x2c c:/sysgcc/arm-eabi/bin/../lib/gcc/arm-none-eabi/10.3.1/../../../../arm-none-eabi/lib/thumb/v7e-m+dp/hard\libg.a(lib_a-memset.o)
 .debug_frame   0x000031c8       0x68 c:/sysgcc/arm-eabi/bin/../lib/gcc/arm-none-eabi/10.3.1/../../../../arm-none-eabi/lib/thumb/v7e-m+dp/hard\libg.a(lib_a-__call_atexit.o)
 .debug_frame   0x00003230       0x20 c:/sysgcc/arm-eabi/bin/../lib/gcc/arm-none-eabi/10.3.1/../../../../arm-none-eabi/lib/thumb/v7e-m+dp/hard\libg.a(lib_a-atexit.o)
 .debug_frame   0x00003250       0x34 c:/sysgcc/arm-eabi/bin/../lib/gcc/arm-none-eabi/10.3.1/../../../../arm-none-eabi/lib/thumb/v7e-m+dp/hard\libg.a(lib_a-fini.o)
 .debug_frame   0x00003284       0xb0 c:/sysgcc/arm-eabi/bin/../lib/gcc/arm-none-eabi/10.3.1/../../../../arm-none-eabi/lib/thumb/v7e-m+dp/hard\libg.a(lib_a-lock.o)
 .debug_frame   0x00003334       0x34 c:/sysgcc/arm-eabi/bin/../lib/gcc/arm-none-eabi/10.3.1/../../../../arm-none-eabi/lib/thumb/v7e-m+dp/hard\libg.a(lib_a-__atexit.o)
